<!doctype html public "-//w3c//dtd html 4.0 transitional//en">
<html><head>
<title>Static Call Graph - [.\Objects\DigitalClock.axf]</title></head>
<body><HR>
<H1>Static Call Graph for image .\Objects\DigitalClock.axf</H1><HR>
<BR><P>#&#060CALLGRAPH&#062# ARM Linker, 5060422: Last Updated: Fri Jun 02 21:01:14 2023
<BR><P>
<H3>Maximum Stack Usage =        112 bytes + Unknown(Functions without stacksize, Cycles, Untraceable Function Pointers)</H3><H3>
Call chain for Maximum Stack Depth:</H3>
__rt_entry_main &rArr; main &rArr; clock_init &rArr; clock_update
<P>
<H3>
Functions with no stack information
</H3><UL>
 <LI><a href="#[ab]">__user_initial_stackheap</a>
</UL>
</UL>
<P>
<H3>
Mutually Recursive functions
</H3> <LI><a href="#[8]">NMI_Handler</a>&nbsp;&nbsp;&nbsp;&rArr;&nbsp;&nbsp;&nbsp;<a href="#[8]">NMI_Handler</a><BR>
 <LI><a href="#[9]">HardFault_Handler</a>&nbsp;&nbsp;&nbsp;&rArr;&nbsp;&nbsp;&nbsp;<a href="#[9]">HardFault_Handler</a><BR>
 <LI><a href="#[a]">MemManage_Handler</a>&nbsp;&nbsp;&nbsp;&rArr;&nbsp;&nbsp;&nbsp;<a href="#[a]">MemManage_Handler</a><BR>
 <LI><a href="#[b]">BusFault_Handler</a>&nbsp;&nbsp;&nbsp;&rArr;&nbsp;&nbsp;&nbsp;<a href="#[b]">BusFault_Handler</a><BR>
 <LI><a href="#[c]">UsageFault_Handler</a>&nbsp;&nbsp;&nbsp;&rArr;&nbsp;&nbsp;&nbsp;<a href="#[c]">UsageFault_Handler</a><BR>
 <LI><a href="#[d]">SVC_Handler</a>&nbsp;&nbsp;&nbsp;&rArr;&nbsp;&nbsp;&nbsp;<a href="#[d]">SVC_Handler</a><BR>
 <LI><a href="#[e]">DebugMon_Handler</a>&nbsp;&nbsp;&nbsp;&rArr;&nbsp;&nbsp;&nbsp;<a href="#[e]">DebugMon_Handler</a><BR>
 <LI><a href="#[f]">PendSV_Handler</a>&nbsp;&nbsp;&nbsp;&rArr;&nbsp;&nbsp;&nbsp;<a href="#[f]">PendSV_Handler</a><BR>
 <LI><a href="#[11]">GPIOA_Handler</a>&nbsp;&nbsp;&nbsp;&rArr;&nbsp;&nbsp;&nbsp;<a href="#[11]">GPIOA_Handler</a><BR>
 <LI><a href="#[12]">GPIOB_Handler</a>&nbsp;&nbsp;&nbsp;&rArr;&nbsp;&nbsp;&nbsp;<a href="#[12]">GPIOB_Handler</a><BR>
 <LI><a href="#[13]">GPIOC_Handler</a>&nbsp;&nbsp;&nbsp;&rArr;&nbsp;&nbsp;&nbsp;<a href="#[13]">GPIOC_Handler</a><BR>
 <LI><a href="#[14]">GPIOD_Handler</a>&nbsp;&nbsp;&nbsp;&rArr;&nbsp;&nbsp;&nbsp;<a href="#[14]">GPIOD_Handler</a><BR>
 <LI><a href="#[15]">GPIOE_Handler</a>&nbsp;&nbsp;&nbsp;&rArr;&nbsp;&nbsp;&nbsp;<a href="#[15]">GPIOE_Handler</a><BR>
 <LI><a href="#[17]">UART1_Handler</a>&nbsp;&nbsp;&nbsp;&rArr;&nbsp;&nbsp;&nbsp;<a href="#[17]">UART1_Handler</a><BR>
 <LI><a href="#[18]">SSI0_Handler</a>&nbsp;&nbsp;&nbsp;&rArr;&nbsp;&nbsp;&nbsp;<a href="#[18]">SSI0_Handler</a><BR>
 <LI><a href="#[19]">I2C0_Handler</a>&nbsp;&nbsp;&nbsp;&rArr;&nbsp;&nbsp;&nbsp;<a href="#[19]">I2C0_Handler</a><BR>
 <LI><a href="#[1a]">PMW0_FAULT_Handler</a>&nbsp;&nbsp;&nbsp;&rArr;&nbsp;&nbsp;&nbsp;<a href="#[1a]">PMW0_FAULT_Handler</a><BR>
 <LI><a href="#[1b]">PWM0_0_Handler</a>&nbsp;&nbsp;&nbsp;&rArr;&nbsp;&nbsp;&nbsp;<a href="#[1b]">PWM0_0_Handler</a><BR>
 <LI><a href="#[1c]">PWM0_1_Handler</a>&nbsp;&nbsp;&nbsp;&rArr;&nbsp;&nbsp;&nbsp;<a href="#[1c]">PWM0_1_Handler</a><BR>
 <LI><a href="#[1d]">PWM0_2_Handler</a>&nbsp;&nbsp;&nbsp;&rArr;&nbsp;&nbsp;&nbsp;<a href="#[1d]">PWM0_2_Handler</a><BR>
 <LI><a href="#[1e]">QEI0_Handler</a>&nbsp;&nbsp;&nbsp;&rArr;&nbsp;&nbsp;&nbsp;<a href="#[1e]">QEI0_Handler</a><BR>
 <LI><a href="#[1f]">ADC0SS0_Handler</a>&nbsp;&nbsp;&nbsp;&rArr;&nbsp;&nbsp;&nbsp;<a href="#[1f]">ADC0SS0_Handler</a><BR>
 <LI><a href="#[20]">ADC0SS1_Handler</a>&nbsp;&nbsp;&nbsp;&rArr;&nbsp;&nbsp;&nbsp;<a href="#[20]">ADC0SS1_Handler</a><BR>
 <LI><a href="#[21]">ADC0SS2_Handler</a>&nbsp;&nbsp;&nbsp;&rArr;&nbsp;&nbsp;&nbsp;<a href="#[21]">ADC0SS2_Handler</a><BR>
 <LI><a href="#[22]">ADC0SS3_Handler</a>&nbsp;&nbsp;&nbsp;&rArr;&nbsp;&nbsp;&nbsp;<a href="#[22]">ADC0SS3_Handler</a><BR>
 <LI><a href="#[23]">WDT0_Handler</a>&nbsp;&nbsp;&nbsp;&rArr;&nbsp;&nbsp;&nbsp;<a href="#[23]">WDT0_Handler</a><BR>
 <LI><a href="#[24]">TIMER0A_Handler</a>&nbsp;&nbsp;&nbsp;&rArr;&nbsp;&nbsp;&nbsp;<a href="#[24]">TIMER0A_Handler</a><BR>
 <LI><a href="#[25]">TIMER0B_Handler</a>&nbsp;&nbsp;&nbsp;&rArr;&nbsp;&nbsp;&nbsp;<a href="#[25]">TIMER0B_Handler</a><BR>
 <LI><a href="#[26]">TIMER1A_Handler</a>&nbsp;&nbsp;&nbsp;&rArr;&nbsp;&nbsp;&nbsp;<a href="#[26]">TIMER1A_Handler</a><BR>
 <LI><a href="#[27]">TIMER1B_Handler</a>&nbsp;&nbsp;&nbsp;&rArr;&nbsp;&nbsp;&nbsp;<a href="#[27]">TIMER1B_Handler</a><BR>
 <LI><a href="#[28]">TIMER2A_Handler</a>&nbsp;&nbsp;&nbsp;&rArr;&nbsp;&nbsp;&nbsp;<a href="#[28]">TIMER2A_Handler</a><BR>
 <LI><a href="#[29]">TIMER2B_Handler</a>&nbsp;&nbsp;&nbsp;&rArr;&nbsp;&nbsp;&nbsp;<a href="#[29]">TIMER2B_Handler</a><BR>
 <LI><a href="#[2a]">COMP0_Handler</a>&nbsp;&nbsp;&nbsp;&rArr;&nbsp;&nbsp;&nbsp;<a href="#[2a]">COMP0_Handler</a><BR>
 <LI><a href="#[2b]">COMP1_Handler</a>&nbsp;&nbsp;&nbsp;&rArr;&nbsp;&nbsp;&nbsp;<a href="#[2b]">COMP1_Handler</a><BR>
 <LI><a href="#[2c]">COMP2_Handler</a>&nbsp;&nbsp;&nbsp;&rArr;&nbsp;&nbsp;&nbsp;<a href="#[2c]">COMP2_Handler</a><BR>
 <LI><a href="#[2d]">SYSCTL_Handler</a>&nbsp;&nbsp;&nbsp;&rArr;&nbsp;&nbsp;&nbsp;<a href="#[2d]">SYSCTL_Handler</a><BR>
 <LI><a href="#[2e]">FLASH_Handler</a>&nbsp;&nbsp;&nbsp;&rArr;&nbsp;&nbsp;&nbsp;<a href="#[2e]">FLASH_Handler</a><BR>
 <LI><a href="#[2f]">GPIOF_Handler</a>&nbsp;&nbsp;&nbsp;&rArr;&nbsp;&nbsp;&nbsp;<a href="#[2f]">GPIOF_Handler</a><BR>
 <LI><a href="#[30]">GPIOG_Handler</a>&nbsp;&nbsp;&nbsp;&rArr;&nbsp;&nbsp;&nbsp;<a href="#[30]">GPIOG_Handler</a><BR>
 <LI><a href="#[31]">GPIOH_Handler</a>&nbsp;&nbsp;&nbsp;&rArr;&nbsp;&nbsp;&nbsp;<a href="#[31]">GPIOH_Handler</a><BR>
 <LI><a href="#[32]">UART2_Handler</a>&nbsp;&nbsp;&nbsp;&rArr;&nbsp;&nbsp;&nbsp;<a href="#[32]">UART2_Handler</a><BR>
 <LI><a href="#[33]">SSI1_Handler</a>&nbsp;&nbsp;&nbsp;&rArr;&nbsp;&nbsp;&nbsp;<a href="#[33]">SSI1_Handler</a><BR>
 <LI><a href="#[34]">TIMER3A_Handler</a>&nbsp;&nbsp;&nbsp;&rArr;&nbsp;&nbsp;&nbsp;<a href="#[34]">TIMER3A_Handler</a><BR>
 <LI><a href="#[35]">TIMER3B_Handler</a>&nbsp;&nbsp;&nbsp;&rArr;&nbsp;&nbsp;&nbsp;<a href="#[35]">TIMER3B_Handler</a><BR>
 <LI><a href="#[36]">I2C1_Handler</a>&nbsp;&nbsp;&nbsp;&rArr;&nbsp;&nbsp;&nbsp;<a href="#[36]">I2C1_Handler</a><BR>
 <LI><a href="#[37]">CAN0_Handler</a>&nbsp;&nbsp;&nbsp;&rArr;&nbsp;&nbsp;&nbsp;<a href="#[37]">CAN0_Handler</a><BR>
 <LI><a href="#[38]">CAN1_Handler</a>&nbsp;&nbsp;&nbsp;&rArr;&nbsp;&nbsp;&nbsp;<a href="#[38]">CAN1_Handler</a><BR>
 <LI><a href="#[39]">ETH_Handler</a>&nbsp;&nbsp;&nbsp;&rArr;&nbsp;&nbsp;&nbsp;<a href="#[39]">ETH_Handler</a><BR>
 <LI><a href="#[3a]">HIB_Handler</a>&nbsp;&nbsp;&nbsp;&rArr;&nbsp;&nbsp;&nbsp;<a href="#[3a]">HIB_Handler</a><BR>
 <LI><a href="#[3b]">USB0_Handler</a>&nbsp;&nbsp;&nbsp;&rArr;&nbsp;&nbsp;&nbsp;<a href="#[3b]">USB0_Handler</a><BR>
 <LI><a href="#[3c]">PWM0_3_Handler</a>&nbsp;&nbsp;&nbsp;&rArr;&nbsp;&nbsp;&nbsp;<a href="#[3c]">PWM0_3_Handler</a><BR>
 <LI><a href="#[3d]">UDMA_Handler</a>&nbsp;&nbsp;&nbsp;&rArr;&nbsp;&nbsp;&nbsp;<a href="#[3d]">UDMA_Handler</a><BR>
 <LI><a href="#[3e]">UDMAERR_Handler</a>&nbsp;&nbsp;&nbsp;&rArr;&nbsp;&nbsp;&nbsp;<a href="#[3e]">UDMAERR_Handler</a><BR>
 <LI><a href="#[3f]">ADC1SS0_Handler</a>&nbsp;&nbsp;&nbsp;&rArr;&nbsp;&nbsp;&nbsp;<a href="#[3f]">ADC1SS0_Handler</a><BR>
 <LI><a href="#[40]">ADC1SS1_Handler</a>&nbsp;&nbsp;&nbsp;&rArr;&nbsp;&nbsp;&nbsp;<a href="#[40]">ADC1SS1_Handler</a><BR>
 <LI><a href="#[41]">ADC1SS2_Handler</a>&nbsp;&nbsp;&nbsp;&rArr;&nbsp;&nbsp;&nbsp;<a href="#[41]">ADC1SS2_Handler</a><BR>
 <LI><a href="#[42]">ADC1SS3_Handler</a>&nbsp;&nbsp;&nbsp;&rArr;&nbsp;&nbsp;&nbsp;<a href="#[42]">ADC1SS3_Handler</a><BR>
 <LI><a href="#[43]">EBI0_Handler</a>&nbsp;&nbsp;&nbsp;&rArr;&nbsp;&nbsp;&nbsp;<a href="#[43]">EBI0_Handler</a><BR>
 <LI><a href="#[44]">GPIOJ_Handler</a>&nbsp;&nbsp;&nbsp;&rArr;&nbsp;&nbsp;&nbsp;<a href="#[44]">GPIOJ_Handler</a><BR>
 <LI><a href="#[45]">GPIOK_Handler</a>&nbsp;&nbsp;&nbsp;&rArr;&nbsp;&nbsp;&nbsp;<a href="#[45]">GPIOK_Handler</a><BR>
 <LI><a href="#[46]">GPIOL_Handler</a>&nbsp;&nbsp;&nbsp;&rArr;&nbsp;&nbsp;&nbsp;<a href="#[46]">GPIOL_Handler</a><BR>
 <LI><a href="#[47]">SSI2_Handler</a>&nbsp;&nbsp;&nbsp;&rArr;&nbsp;&nbsp;&nbsp;<a href="#[47]">SSI2_Handler</a><BR>
 <LI><a href="#[48]">SSI3_Handler</a>&nbsp;&nbsp;&nbsp;&rArr;&nbsp;&nbsp;&nbsp;<a href="#[48]">SSI3_Handler</a><BR>
 <LI><a href="#[49]">UART3_Handler</a>&nbsp;&nbsp;&nbsp;&rArr;&nbsp;&nbsp;&nbsp;<a href="#[49]">UART3_Handler</a><BR>
 <LI><a href="#[4a]">UART4_Handler</a>&nbsp;&nbsp;&nbsp;&rArr;&nbsp;&nbsp;&nbsp;<a href="#[4a]">UART4_Handler</a><BR>
 <LI><a href="#[4b]">UART5_Handler</a>&nbsp;&nbsp;&nbsp;&rArr;&nbsp;&nbsp;&nbsp;<a href="#[4b]">UART5_Handler</a><BR>
 <LI><a href="#[4c]">UART6_Handler</a>&nbsp;&nbsp;&nbsp;&rArr;&nbsp;&nbsp;&nbsp;<a href="#[4c]">UART6_Handler</a><BR>
 <LI><a href="#[4d]">UART7_Handler</a>&nbsp;&nbsp;&nbsp;&rArr;&nbsp;&nbsp;&nbsp;<a href="#[4d]">UART7_Handler</a><BR>
 <LI><a href="#[4e]">I2C2_Handler</a>&nbsp;&nbsp;&nbsp;&rArr;&nbsp;&nbsp;&nbsp;<a href="#[4e]">I2C2_Handler</a><BR>
 <LI><a href="#[4f]">I2C3_Handler</a>&nbsp;&nbsp;&nbsp;&rArr;&nbsp;&nbsp;&nbsp;<a href="#[4f]">I2C3_Handler</a><BR>
 <LI><a href="#[50]">TIMER4A_Handler</a>&nbsp;&nbsp;&nbsp;&rArr;&nbsp;&nbsp;&nbsp;<a href="#[50]">TIMER4A_Handler</a><BR>
 <LI><a href="#[51]">TIMER4B_Handler</a>&nbsp;&nbsp;&nbsp;&rArr;&nbsp;&nbsp;&nbsp;<a href="#[51]">TIMER4B_Handler</a><BR>
 <LI><a href="#[52]">TIMER5A_Handler</a>&nbsp;&nbsp;&nbsp;&rArr;&nbsp;&nbsp;&nbsp;<a href="#[52]">TIMER5A_Handler</a><BR>
 <LI><a href="#[53]">TIMER5B_Handler</a>&nbsp;&nbsp;&nbsp;&rArr;&nbsp;&nbsp;&nbsp;<a href="#[53]">TIMER5B_Handler</a><BR>
 <LI><a href="#[54]">FPU_Handler</a>&nbsp;&nbsp;&nbsp;&rArr;&nbsp;&nbsp;&nbsp;<a href="#[54]">FPU_Handler</a><BR>
 <LI><a href="#[55]">I2C4_Handler</a>&nbsp;&nbsp;&nbsp;&rArr;&nbsp;&nbsp;&nbsp;<a href="#[55]">I2C4_Handler</a><BR>
 <LI><a href="#[56]">I2C5_Handler</a>&nbsp;&nbsp;&nbsp;&rArr;&nbsp;&nbsp;&nbsp;<a href="#[56]">I2C5_Handler</a><BR>
 <LI><a href="#[57]">GPIOM_Handler</a>&nbsp;&nbsp;&nbsp;&rArr;&nbsp;&nbsp;&nbsp;<a href="#[57]">GPIOM_Handler</a><BR>
 <LI><a href="#[58]">GPION_Handler</a>&nbsp;&nbsp;&nbsp;&rArr;&nbsp;&nbsp;&nbsp;<a href="#[58]">GPION_Handler</a><BR>
 <LI><a href="#[59]">TAMPER_Handler</a>&nbsp;&nbsp;&nbsp;&rArr;&nbsp;&nbsp;&nbsp;<a href="#[59]">TAMPER_Handler</a><BR>
 <LI><a href="#[5a]">GPIOP0_Handler</a>&nbsp;&nbsp;&nbsp;&rArr;&nbsp;&nbsp;&nbsp;<a href="#[5a]">GPIOP0_Handler</a><BR>
 <LI><a href="#[5b]">GPIOP1_Handler</a>&nbsp;&nbsp;&nbsp;&rArr;&nbsp;&nbsp;&nbsp;<a href="#[5b]">GPIOP1_Handler</a><BR>
 <LI><a href="#[5c]">GPIOP2_Handler</a>&nbsp;&nbsp;&nbsp;&rArr;&nbsp;&nbsp;&nbsp;<a href="#[5c]">GPIOP2_Handler</a><BR>
 <LI><a href="#[5d]">GPIOP3_Handler</a>&nbsp;&nbsp;&nbsp;&rArr;&nbsp;&nbsp;&nbsp;<a href="#[5d]">GPIOP3_Handler</a><BR>
 <LI><a href="#[5e]">GPIOP4_Handler</a>&nbsp;&nbsp;&nbsp;&rArr;&nbsp;&nbsp;&nbsp;<a href="#[5e]">GPIOP4_Handler</a><BR>
 <LI><a href="#[5f]">GPIOP5_Handler</a>&nbsp;&nbsp;&nbsp;&rArr;&nbsp;&nbsp;&nbsp;<a href="#[5f]">GPIOP5_Handler</a><BR>
 <LI><a href="#[60]">GPIOP6_Handler</a>&nbsp;&nbsp;&nbsp;&rArr;&nbsp;&nbsp;&nbsp;<a href="#[60]">GPIOP6_Handler</a><BR>
 <LI><a href="#[61]">GPIOP7_Handler</a>&nbsp;&nbsp;&nbsp;&rArr;&nbsp;&nbsp;&nbsp;<a href="#[61]">GPIOP7_Handler</a><BR>
 <LI><a href="#[62]">GPIOQ0_Handler</a>&nbsp;&nbsp;&nbsp;&rArr;&nbsp;&nbsp;&nbsp;<a href="#[62]">GPIOQ0_Handler</a><BR>
 <LI><a href="#[63]">GPIOQ1_Handler</a>&nbsp;&nbsp;&nbsp;&rArr;&nbsp;&nbsp;&nbsp;<a href="#[63]">GPIOQ1_Handler</a><BR>
 <LI><a href="#[64]">GPIOQ2_Handler</a>&nbsp;&nbsp;&nbsp;&rArr;&nbsp;&nbsp;&nbsp;<a href="#[64]">GPIOQ2_Handler</a><BR>
 <LI><a href="#[65]">GPIOQ3_Handler</a>&nbsp;&nbsp;&nbsp;&rArr;&nbsp;&nbsp;&nbsp;<a href="#[65]">GPIOQ3_Handler</a><BR>
 <LI><a href="#[66]">GPIOQ4_Handler</a>&nbsp;&nbsp;&nbsp;&rArr;&nbsp;&nbsp;&nbsp;<a href="#[66]">GPIOQ4_Handler</a><BR>
 <LI><a href="#[67]">GPIOQ5_Handler</a>&nbsp;&nbsp;&nbsp;&rArr;&nbsp;&nbsp;&nbsp;<a href="#[67]">GPIOQ5_Handler</a><BR>
 <LI><a href="#[68]">GPIOQ6_Handler</a>&nbsp;&nbsp;&nbsp;&rArr;&nbsp;&nbsp;&nbsp;<a href="#[68]">GPIOQ6_Handler</a><BR>
 <LI><a href="#[69]">GPIOQ7_Handler</a>&nbsp;&nbsp;&nbsp;&rArr;&nbsp;&nbsp;&nbsp;<a href="#[69]">GPIOQ7_Handler</a><BR>
 <LI><a href="#[6a]">GPIOR_Handler</a>&nbsp;&nbsp;&nbsp;&rArr;&nbsp;&nbsp;&nbsp;<a href="#[6a]">GPIOR_Handler</a><BR>
 <LI><a href="#[6b]">GPIOS_Handler</a>&nbsp;&nbsp;&nbsp;&rArr;&nbsp;&nbsp;&nbsp;<a href="#[6b]">GPIOS_Handler</a><BR>
 <LI><a href="#[6c]">SHAMD5_Handler</a>&nbsp;&nbsp;&nbsp;&rArr;&nbsp;&nbsp;&nbsp;<a href="#[6c]">SHAMD5_Handler</a><BR>
 <LI><a href="#[6d]">AES_Handler</a>&nbsp;&nbsp;&nbsp;&rArr;&nbsp;&nbsp;&nbsp;<a href="#[6d]">AES_Handler</a><BR>
 <LI><a href="#[6e]">DES3DES_Handler</a>&nbsp;&nbsp;&nbsp;&rArr;&nbsp;&nbsp;&nbsp;<a href="#[6e]">DES3DES_Handler</a><BR>
 <LI><a href="#[6f]">LCDCONTROLLER_Handler</a>&nbsp;&nbsp;&nbsp;&rArr;&nbsp;&nbsp;&nbsp;<a href="#[6f]">LCDCONTROLLER_Handler</a><BR>
 <LI><a href="#[70]">TIMER6A_Handler</a>&nbsp;&nbsp;&nbsp;&rArr;&nbsp;&nbsp;&nbsp;<a href="#[70]">TIMER6A_Handler</a><BR>
 <LI><a href="#[71]">TIMER6B_Handler</a>&nbsp;&nbsp;&nbsp;&rArr;&nbsp;&nbsp;&nbsp;<a href="#[71]">TIMER6B_Handler</a><BR>
 <LI><a href="#[72]">TIMER7A_Handler</a>&nbsp;&nbsp;&nbsp;&rArr;&nbsp;&nbsp;&nbsp;<a href="#[72]">TIMER7A_Handler</a><BR>
 <LI><a href="#[73]">TIMER7B_Handler</a>&nbsp;&nbsp;&nbsp;&rArr;&nbsp;&nbsp;&nbsp;<a href="#[73]">TIMER7B_Handler</a><BR>
 <LI><a href="#[74]">I2C6_Handler</a>&nbsp;&nbsp;&nbsp;&rArr;&nbsp;&nbsp;&nbsp;<a href="#[74]">I2C6_Handler</a><BR>
 <LI><a href="#[75]">I2C7_Handler</a>&nbsp;&nbsp;&nbsp;&rArr;&nbsp;&nbsp;&nbsp;<a href="#[75]">I2C7_Handler</a><BR>
 <LI><a href="#[76]">HIMSCANKEYBOARD_Handler</a>&nbsp;&nbsp;&nbsp;&rArr;&nbsp;&nbsp;&nbsp;<a href="#[76]">HIMSCANKEYBOARD_Handler</a><BR>
 <LI><a href="#[77]">ONEWIRE_Handler</a>&nbsp;&nbsp;&nbsp;&rArr;&nbsp;&nbsp;&nbsp;<a href="#[77]">ONEWIRE_Handler</a><BR>
 <LI><a href="#[78]">HIMPS2_Handler</a>&nbsp;&nbsp;&nbsp;&rArr;&nbsp;&nbsp;&nbsp;<a href="#[78]">HIMPS2_Handler</a><BR>
 <LI><a href="#[79]">HIMLEDSEQUENCER_Handler</a>&nbsp;&nbsp;&nbsp;&rArr;&nbsp;&nbsp;&nbsp;<a href="#[79]">HIMLEDSEQUENCER_Handler</a><BR>
 <LI><a href="#[7a]">HIMCONSUMERIR_Handler</a>&nbsp;&nbsp;&nbsp;&rArr;&nbsp;&nbsp;&nbsp;<a href="#[7a]">HIMCONSUMERIR_Handler</a><BR>
 <LI><a href="#[7b]">I2C8_Handler</a>&nbsp;&nbsp;&nbsp;&rArr;&nbsp;&nbsp;&nbsp;<a href="#[7b]">I2C8_Handler</a><BR>
 <LI><a href="#[7c]">I2C9_Handler</a>&nbsp;&nbsp;&nbsp;&rArr;&nbsp;&nbsp;&nbsp;<a href="#[7c]">I2C9_Handler</a><BR>
 <LI><a href="#[7d]">GPIOT_Handler</a>&nbsp;&nbsp;&nbsp;&rArr;&nbsp;&nbsp;&nbsp;<a href="#[7d]">GPIOT_Handler</a><BR>
 <LI><a href="#[d3]">UARTConfigSetExpClk</a>&nbsp;&nbsp;&nbsp;&rArr;&nbsp;&nbsp;&nbsp;<a href="#[d3]">UARTConfigSetExpClk</a><BR>
 <LI><a href="#[dd]">UARTCharPut</a>&nbsp;&nbsp;&nbsp;&rArr;&nbsp;&nbsp;&nbsp;<a href="#[dd]">UARTCharPut</a><BR>
</UL>
<P>
<H3>
Function Pointers
</H3><UL>
 <LI><a href="#[1f]">ADC0SS0_Handler</a> from startup_tm4c129.o(.text) referenced from startup_tm4c129.o(RESET)
 <LI><a href="#[20]">ADC0SS1_Handler</a> from startup_tm4c129.o(.text) referenced from startup_tm4c129.o(RESET)
 <LI><a href="#[21]">ADC0SS2_Handler</a> from startup_tm4c129.o(.text) referenced from startup_tm4c129.o(RESET)
 <LI><a href="#[22]">ADC0SS3_Handler</a> from startup_tm4c129.o(.text) referenced from startup_tm4c129.o(RESET)
 <LI><a href="#[3f]">ADC1SS0_Handler</a> from startup_tm4c129.o(.text) referenced from startup_tm4c129.o(RESET)
 <LI><a href="#[40]">ADC1SS1_Handler</a> from startup_tm4c129.o(.text) referenced from startup_tm4c129.o(RESET)
 <LI><a href="#[41]">ADC1SS2_Handler</a> from startup_tm4c129.o(.text) referenced from startup_tm4c129.o(RESET)
 <LI><a href="#[42]">ADC1SS3_Handler</a> from startup_tm4c129.o(.text) referenced from startup_tm4c129.o(RESET)
 <LI><a href="#[6d]">AES_Handler</a> from startup_tm4c129.o(.text) referenced from startup_tm4c129.o(RESET)
 <LI><a href="#[b]">BusFault_Handler</a> from startup_tm4c129.o(.text) referenced from startup_tm4c129.o(RESET)
 <LI><a href="#[37]">CAN0_Handler</a> from startup_tm4c129.o(.text) referenced from startup_tm4c129.o(RESET)
 <LI><a href="#[38]">CAN1_Handler</a> from startup_tm4c129.o(.text) referenced from startup_tm4c129.o(RESET)
 <LI><a href="#[2a]">COMP0_Handler</a> from startup_tm4c129.o(.text) referenced from startup_tm4c129.o(RESET)
 <LI><a href="#[2b]">COMP1_Handler</a> from startup_tm4c129.o(.text) referenced from startup_tm4c129.o(RESET)
 <LI><a href="#[2c]">COMP2_Handler</a> from startup_tm4c129.o(.text) referenced from startup_tm4c129.o(RESET)
 <LI><a href="#[6e]">DES3DES_Handler</a> from startup_tm4c129.o(.text) referenced from startup_tm4c129.o(RESET)
 <LI><a href="#[e]">DebugMon_Handler</a> from startup_tm4c129.o(.text) referenced from startup_tm4c129.o(RESET)
 <LI><a href="#[43]">EBI0_Handler</a> from startup_tm4c129.o(.text) referenced from startup_tm4c129.o(RESET)
 <LI><a href="#[39]">ETH_Handler</a> from startup_tm4c129.o(.text) referenced from startup_tm4c129.o(RESET)
 <LI><a href="#[2e]">FLASH_Handler</a> from startup_tm4c129.o(.text) referenced from startup_tm4c129.o(RESET)
 <LI><a href="#[54]">FPU_Handler</a> from startup_tm4c129.o(.text) referenced from startup_tm4c129.o(RESET)
 <LI><a href="#[11]">GPIOA_Handler</a> from startup_tm4c129.o(.text) referenced from startup_tm4c129.o(RESET)
 <LI><a href="#[12]">GPIOB_Handler</a> from startup_tm4c129.o(.text) referenced from startup_tm4c129.o(RESET)
 <LI><a href="#[13]">GPIOC_Handler</a> from startup_tm4c129.o(.text) referenced from startup_tm4c129.o(RESET)
 <LI><a href="#[14]">GPIOD_Handler</a> from startup_tm4c129.o(.text) referenced from startup_tm4c129.o(RESET)
 <LI><a href="#[15]">GPIOE_Handler</a> from startup_tm4c129.o(.text) referenced from startup_tm4c129.o(RESET)
 <LI><a href="#[2f]">GPIOF_Handler</a> from startup_tm4c129.o(.text) referenced from startup_tm4c129.o(RESET)
 <LI><a href="#[30]">GPIOG_Handler</a> from startup_tm4c129.o(.text) referenced from startup_tm4c129.o(RESET)
 <LI><a href="#[31]">GPIOH_Handler</a> from startup_tm4c129.o(.text) referenced from startup_tm4c129.o(RESET)
 <LI><a href="#[44]">GPIOJ_Handler</a> from startup_tm4c129.o(.text) referenced from startup_tm4c129.o(RESET)
 <LI><a href="#[45]">GPIOK_Handler</a> from startup_tm4c129.o(.text) referenced from startup_tm4c129.o(RESET)
 <LI><a href="#[46]">GPIOL_Handler</a> from startup_tm4c129.o(.text) referenced from startup_tm4c129.o(RESET)
 <LI><a href="#[57]">GPIOM_Handler</a> from startup_tm4c129.o(.text) referenced from startup_tm4c129.o(RESET)
 <LI><a href="#[58]">GPION_Handler</a> from startup_tm4c129.o(.text) referenced from startup_tm4c129.o(RESET)
 <LI><a href="#[5a]">GPIOP0_Handler</a> from startup_tm4c129.o(.text) referenced from startup_tm4c129.o(RESET)
 <LI><a href="#[5b]">GPIOP1_Handler</a> from startup_tm4c129.o(.text) referenced from startup_tm4c129.o(RESET)
 <LI><a href="#[5c]">GPIOP2_Handler</a> from startup_tm4c129.o(.text) referenced from startup_tm4c129.o(RESET)
 <LI><a href="#[5d]">GPIOP3_Handler</a> from startup_tm4c129.o(.text) referenced from startup_tm4c129.o(RESET)
 <LI><a href="#[5e]">GPIOP4_Handler</a> from startup_tm4c129.o(.text) referenced from startup_tm4c129.o(RESET)
 <LI><a href="#[5f]">GPIOP5_Handler</a> from startup_tm4c129.o(.text) referenced from startup_tm4c129.o(RESET)
 <LI><a href="#[60]">GPIOP6_Handler</a> from startup_tm4c129.o(.text) referenced from startup_tm4c129.o(RESET)
 <LI><a href="#[61]">GPIOP7_Handler</a> from startup_tm4c129.o(.text) referenced from startup_tm4c129.o(RESET)
 <LI><a href="#[62]">GPIOQ0_Handler</a> from startup_tm4c129.o(.text) referenced from startup_tm4c129.o(RESET)
 <LI><a href="#[63]">GPIOQ1_Handler</a> from startup_tm4c129.o(.text) referenced from startup_tm4c129.o(RESET)
 <LI><a href="#[64]">GPIOQ2_Handler</a> from startup_tm4c129.o(.text) referenced from startup_tm4c129.o(RESET)
 <LI><a href="#[65]">GPIOQ3_Handler</a> from startup_tm4c129.o(.text) referenced from startup_tm4c129.o(RESET)
 <LI><a href="#[66]">GPIOQ4_Handler</a> from startup_tm4c129.o(.text) referenced from startup_tm4c129.o(RESET)
 <LI><a href="#[67]">GPIOQ5_Handler</a> from startup_tm4c129.o(.text) referenced from startup_tm4c129.o(RESET)
 <LI><a href="#[68]">GPIOQ6_Handler</a> from startup_tm4c129.o(.text) referenced from startup_tm4c129.o(RESET)
 <LI><a href="#[69]">GPIOQ7_Handler</a> from startup_tm4c129.o(.text) referenced from startup_tm4c129.o(RESET)
 <LI><a href="#[6a]">GPIOR_Handler</a> from startup_tm4c129.o(.text) referenced from startup_tm4c129.o(RESET)
 <LI><a href="#[6b]">GPIOS_Handler</a> from startup_tm4c129.o(.text) referenced from startup_tm4c129.o(RESET)
 <LI><a href="#[7d]">GPIOT_Handler</a> from startup_tm4c129.o(.text) referenced from startup_tm4c129.o(RESET)
 <LI><a href="#[3a]">HIB_Handler</a> from startup_tm4c129.o(.text) referenced from startup_tm4c129.o(RESET)
 <LI><a href="#[7a]">HIMCONSUMERIR_Handler</a> from startup_tm4c129.o(.text) referenced from startup_tm4c129.o(RESET)
 <LI><a href="#[79]">HIMLEDSEQUENCER_Handler</a> from startup_tm4c129.o(.text) referenced from startup_tm4c129.o(RESET)
 <LI><a href="#[78]">HIMPS2_Handler</a> from startup_tm4c129.o(.text) referenced from startup_tm4c129.o(RESET)
 <LI><a href="#[76]">HIMSCANKEYBOARD_Handler</a> from startup_tm4c129.o(.text) referenced from startup_tm4c129.o(RESET)
 <LI><a href="#[9]">HardFault_Handler</a> from startup_tm4c129.o(.text) referenced from startup_tm4c129.o(RESET)
 <LI><a href="#[19]">I2C0_Handler</a> from startup_tm4c129.o(.text) referenced from startup_tm4c129.o(RESET)
 <LI><a href="#[36]">I2C1_Handler</a> from startup_tm4c129.o(.text) referenced from startup_tm4c129.o(RESET)
 <LI><a href="#[4e]">I2C2_Handler</a> from startup_tm4c129.o(.text) referenced from startup_tm4c129.o(RESET)
 <LI><a href="#[4f]">I2C3_Handler</a> from startup_tm4c129.o(.text) referenced from startup_tm4c129.o(RESET)
 <LI><a href="#[55]">I2C4_Handler</a> from startup_tm4c129.o(.text) referenced from startup_tm4c129.o(RESET)
 <LI><a href="#[56]">I2C5_Handler</a> from startup_tm4c129.o(.text) referenced from startup_tm4c129.o(RESET)
 <LI><a href="#[74]">I2C6_Handler</a> from startup_tm4c129.o(.text) referenced from startup_tm4c129.o(RESET)
 <LI><a href="#[75]">I2C7_Handler</a> from startup_tm4c129.o(.text) referenced from startup_tm4c129.o(RESET)
 <LI><a href="#[7b]">I2C8_Handler</a> from startup_tm4c129.o(.text) referenced from startup_tm4c129.o(RESET)
 <LI><a href="#[7c]">I2C9_Handler</a> from startup_tm4c129.o(.text) referenced from startup_tm4c129.o(RESET)
 <LI><a href="#[6f]">LCDCONTROLLER_Handler</a> from startup_tm4c129.o(.text) referenced from startup_tm4c129.o(RESET)
 <LI><a href="#[a]">MemManage_Handler</a> from startup_tm4c129.o(.text) referenced from startup_tm4c129.o(RESET)
 <LI><a href="#[8]">NMI_Handler</a> from startup_tm4c129.o(.text) referenced from startup_tm4c129.o(RESET)
 <LI><a href="#[77]">ONEWIRE_Handler</a> from startup_tm4c129.o(.text) referenced from startup_tm4c129.o(RESET)
 <LI><a href="#[1a]">PMW0_FAULT_Handler</a> from startup_tm4c129.o(.text) referenced from startup_tm4c129.o(RESET)
 <LI><a href="#[1b]">PWM0_0_Handler</a> from startup_tm4c129.o(.text) referenced from startup_tm4c129.o(RESET)
 <LI><a href="#[1c]">PWM0_1_Handler</a> from startup_tm4c129.o(.text) referenced from startup_tm4c129.o(RESET)
 <LI><a href="#[1d]">PWM0_2_Handler</a> from startup_tm4c129.o(.text) referenced from startup_tm4c129.o(RESET)
 <LI><a href="#[3c]">PWM0_3_Handler</a> from startup_tm4c129.o(.text) referenced from startup_tm4c129.o(RESET)
 <LI><a href="#[f]">PendSV_Handler</a> from startup_tm4c129.o(.text) referenced from startup_tm4c129.o(RESET)
 <LI><a href="#[1e]">QEI0_Handler</a> from startup_tm4c129.o(.text) referenced from startup_tm4c129.o(RESET)
 <LI><a href="#[7]">Reset_Handler</a> from startup_tm4c129.o(.text) referenced from startup_tm4c129.o(RESET)
 <LI><a href="#[6c]">SHAMD5_Handler</a> from startup_tm4c129.o(.text) referenced from startup_tm4c129.o(RESET)
 <LI><a href="#[18]">SSI0_Handler</a> from startup_tm4c129.o(.text) referenced from startup_tm4c129.o(RESET)
 <LI><a href="#[33]">SSI1_Handler</a> from startup_tm4c129.o(.text) referenced from startup_tm4c129.o(RESET)
 <LI><a href="#[47]">SSI2_Handler</a> from startup_tm4c129.o(.text) referenced from startup_tm4c129.o(RESET)
 <LI><a href="#[48]">SSI3_Handler</a> from startup_tm4c129.o(.text) referenced from startup_tm4c129.o(RESET)
 <LI><a href="#[d]">SVC_Handler</a> from startup_tm4c129.o(.text) referenced from startup_tm4c129.o(RESET)
 <LI><a href="#[2d]">SYSCTL_Handler</a> from startup_tm4c129.o(.text) referenced from startup_tm4c129.o(RESET)
 <LI><a href="#[10]">SysTick_Handler</a> from main.o(i.SysTick_Handler) referenced from startup_tm4c129.o(RESET)
 <LI><a href="#[7e]">SystemInit</a> from system_tm4c129.o(i.SystemInit) referenced from startup_tm4c129.o(.text)
 <LI><a href="#[59]">TAMPER_Handler</a> from startup_tm4c129.o(.text) referenced from startup_tm4c129.o(RESET)
 <LI><a href="#[24]">TIMER0A_Handler</a> from startup_tm4c129.o(.text) referenced from startup_tm4c129.o(RESET)
 <LI><a href="#[25]">TIMER0B_Handler</a> from startup_tm4c129.o(.text) referenced from startup_tm4c129.o(RESET)
 <LI><a href="#[26]">TIMER1A_Handler</a> from startup_tm4c129.o(.text) referenced from startup_tm4c129.o(RESET)
 <LI><a href="#[27]">TIMER1B_Handler</a> from startup_tm4c129.o(.text) referenced from startup_tm4c129.o(RESET)
 <LI><a href="#[28]">TIMER2A_Handler</a> from startup_tm4c129.o(.text) referenced from startup_tm4c129.o(RESET)
 <LI><a href="#[29]">TIMER2B_Handler</a> from startup_tm4c129.o(.text) referenced from startup_tm4c129.o(RESET)
 <LI><a href="#[34]">TIMER3A_Handler</a> from startup_tm4c129.o(.text) referenced from startup_tm4c129.o(RESET)
 <LI><a href="#[35]">TIMER3B_Handler</a> from startup_tm4c129.o(.text) referenced from startup_tm4c129.o(RESET)
 <LI><a href="#[50]">TIMER4A_Handler</a> from startup_tm4c129.o(.text) referenced from startup_tm4c129.o(RESET)
 <LI><a href="#[51]">TIMER4B_Handler</a> from startup_tm4c129.o(.text) referenced from startup_tm4c129.o(RESET)
 <LI><a href="#[52]">TIMER5A_Handler</a> from startup_tm4c129.o(.text) referenced from startup_tm4c129.o(RESET)
 <LI><a href="#[53]">TIMER5B_Handler</a> from startup_tm4c129.o(.text) referenced from startup_tm4c129.o(RESET)
 <LI><a href="#[70]">TIMER6A_Handler</a> from startup_tm4c129.o(.text) referenced from startup_tm4c129.o(RESET)
 <LI><a href="#[71]">TIMER6B_Handler</a> from startup_tm4c129.o(.text) referenced from startup_tm4c129.o(RESET)
 <LI><a href="#[72]">TIMER7A_Handler</a> from startup_tm4c129.o(.text) referenced from startup_tm4c129.o(RESET)
 <LI><a href="#[73]">TIMER7B_Handler</a> from startup_tm4c129.o(.text) referenced from startup_tm4c129.o(RESET)
 <LI><a href="#[16]">UART0_Handler</a> from main.o(i.UART0_Handler) referenced from startup_tm4c129.o(RESET)
 <LI><a href="#[17]">UART1_Handler</a> from startup_tm4c129.o(.text) referenced from startup_tm4c129.o(RESET)
 <LI><a href="#[32]">UART2_Handler</a> from startup_tm4c129.o(.text) referenced from startup_tm4c129.o(RESET)
 <LI><a href="#[49]">UART3_Handler</a> from startup_tm4c129.o(.text) referenced from startup_tm4c129.o(RESET)
 <LI><a href="#[4a]">UART4_Handler</a> from startup_tm4c129.o(.text) referenced from startup_tm4c129.o(RESET)
 <LI><a href="#[4b]">UART5_Handler</a> from startup_tm4c129.o(.text) referenced from startup_tm4c129.o(RESET)
 <LI><a href="#[4c]">UART6_Handler</a> from startup_tm4c129.o(.text) referenced from startup_tm4c129.o(RESET)
 <LI><a href="#[4d]">UART7_Handler</a> from startup_tm4c129.o(.text) referenced from startup_tm4c129.o(RESET)
 <LI><a href="#[3e]">UDMAERR_Handler</a> from startup_tm4c129.o(.text) referenced from startup_tm4c129.o(RESET)
 <LI><a href="#[3d]">UDMA_Handler</a> from startup_tm4c129.o(.text) referenced from startup_tm4c129.o(RESET)
 <LI><a href="#[3b]">USB0_Handler</a> from startup_tm4c129.o(.text) referenced from startup_tm4c129.o(RESET)
 <LI><a href="#[c]">UsageFault_Handler</a> from startup_tm4c129.o(.text) referenced from startup_tm4c129.o(RESET)
 <LI><a href="#[23]">WDT0_Handler</a> from startup_tm4c129.o(.text) referenced from startup_tm4c129.o(RESET)
 <LI><a href="#[80]">__main</a> from __main.o(!!!main) referenced from startup_tm4c129.o(.text)
</UL>
<P>
<H3>
Global Symbols
</H3>
<P><STRONG><a name="[80]"></a>__main</STRONG> (Thumb, 8 bytes, Stack size 0 bytes, __main.o(!!!main))
<BR><BR>[Calls]<UL><LI><a href="#[82]">&gt;&gt;</a>&nbsp;&nbsp;&nbsp;__rt_entry
<LI><a href="#[81]">&gt;&gt;</a>&nbsp;&nbsp;&nbsp;__scatterload
</UL>

<P><STRONG><a name="[81]"></a>__scatterload</STRONG> (Thumb, 0 bytes, Stack size unknown bytes, __scatter.o(!!!scatter))
<BR><BR>[Called By]<UL><LI><a href="#[80]">&gt;&gt;</a>&nbsp;&nbsp;&nbsp;__main
</UL>

<P><STRONG><a name="[83]"></a>__scatterload_rt2</STRONG> (Thumb, 44 bytes, Stack size unknown bytes, __scatter.o(!!!scatter), UNUSED)
<BR><BR>[Calls]<UL><LI><a href="#[82]">&gt;&gt;</a>&nbsp;&nbsp;&nbsp;__rt_entry
</UL>

<P><STRONG><a name="[e4]"></a>__scatterload_rt2_thumb_only</STRONG> (Thumb, 0 bytes, Stack size unknown bytes, __scatter.o(!!!scatter), UNUSED)

<P><STRONG><a name="[e5]"></a>__scatterload_null</STRONG> (Thumb, 0 bytes, Stack size unknown bytes, __scatter.o(!!!scatter), UNUSED)

<P><STRONG><a name="[84]"></a>__scatterload_copy</STRONG> (Thumb, 26 bytes, Stack size unknown bytes, __scatter_copy.o(!!handler_copy), UNUSED)
<BR><BR>[Calls]<UL><LI><a href="#[84]">&gt;&gt;</a>&nbsp;&nbsp;&nbsp;__scatterload_copy
</UL>
<BR>[Called By]<UL><LI><a href="#[84]">&gt;&gt;</a>&nbsp;&nbsp;&nbsp;__scatterload_copy
</UL>

<P><STRONG><a name="[e6]"></a>__scatterload_zeroinit</STRONG> (Thumb, 28 bytes, Stack size unknown bytes, __scatter_zi.o(!!handler_zi), UNUSED)

<P><STRONG><a name="[8c]"></a>__rt_lib_init</STRONG> (Thumb, 0 bytes, Stack size unknown bytes, libinit.o(.ARM.Collect$$libinit$$00000000))
<BR><BR>[Called By]<UL><LI><a href="#[8b]">&gt;&gt;</a>&nbsp;&nbsp;&nbsp;__rt_entry_li
</UL>

<P><STRONG><a name="[85]"></a>__rt_lib_init_fp_1</STRONG> (Thumb, 0 bytes, Stack size unknown bytes, libinit2.o(.ARM.Collect$$libinit$$00000001))
<BR><BR>[Calls]<UL><LI><a href="#[86]">&gt;&gt;</a>&nbsp;&nbsp;&nbsp;_fp_init
</UL>

<P><STRONG><a name="[87]"></a>__rt_lib_init_heap_2</STRONG> (Thumb, 0 bytes, Stack size unknown bytes, libinit2.o(.ARM.Collect$$libinit$$00000005))
<BR><BR>[Stack]<UL><LI>Max Depth = 64 + Unknown Stack Size
<LI>Call Chain = __rt_lib_init_heap_2 &rArr; _init_alloc &rArr; __rt_SIGRTMEM &rArr; __rt_SIGRTMEM_inner &rArr; __default_signal_display &rArr; _ttywrch
</UL>
<BR>[Calls]<UL><LI><a href="#[88]">&gt;&gt;</a>&nbsp;&nbsp;&nbsp;_init_alloc
</UL>

<P><STRONG><a name="[e7]"></a>__rt_lib_init_preinit_1</STRONG> (Thumb, 0 bytes, Stack size unknown bytes, libinit2.o(.ARM.Collect$$libinit$$00000004))

<P><STRONG><a name="[e8]"></a>__rt_lib_init_alloca_1</STRONG> (Thumb, 0 bytes, Stack size unknown bytes, libinit2.o(.ARM.Collect$$libinit$$0000002E))

<P><STRONG><a name="[e9]"></a>__rt_lib_init_argv_1</STRONG> (Thumb, 0 bytes, Stack size unknown bytes, libinit2.o(.ARM.Collect$$libinit$$0000002C))

<P><STRONG><a name="[ea]"></a>__rt_lib_init_atexit_1</STRONG> (Thumb, 0 bytes, Stack size unknown bytes, libinit2.o(.ARM.Collect$$libinit$$0000001B))

<P><STRONG><a name="[eb]"></a>__rt_lib_init_clock_1</STRONG> (Thumb, 0 bytes, Stack size unknown bytes, libinit2.o(.ARM.Collect$$libinit$$00000021))

<P><STRONG><a name="[ec]"></a>__rt_lib_init_cpp_1</STRONG> (Thumb, 0 bytes, Stack size unknown bytes, libinit2.o(.ARM.Collect$$libinit$$00000032))

<P><STRONG><a name="[ed]"></a>__rt_lib_init_exceptions_1</STRONG> (Thumb, 0 bytes, Stack size unknown bytes, libinit2.o(.ARM.Collect$$libinit$$00000030))

<P><STRONG><a name="[ee]"></a>__rt_lib_init_fp_trap_1</STRONG> (Thumb, 0 bytes, Stack size unknown bytes, libinit2.o(.ARM.Collect$$libinit$$0000001F))

<P><STRONG><a name="[ef]"></a>__rt_lib_init_getenv_1</STRONG> (Thumb, 0 bytes, Stack size unknown bytes, libinit2.o(.ARM.Collect$$libinit$$00000023))

<P><STRONG><a name="[f0]"></a>__rt_lib_init_heap_1</STRONG> (Thumb, 0 bytes, Stack size unknown bytes, libinit2.o(.ARM.Collect$$libinit$$0000000A))

<P><STRONG><a name="[f1]"></a>__rt_lib_init_lc_collate_1</STRONG> (Thumb, 0 bytes, Stack size unknown bytes, libinit2.o(.ARM.Collect$$libinit$$00000011))

<P><STRONG><a name="[f2]"></a>__rt_lib_init_lc_ctype_1</STRONG> (Thumb, 0 bytes, Stack size unknown bytes, libinit2.o(.ARM.Collect$$libinit$$00000013))

<P><STRONG><a name="[f3]"></a>__rt_lib_init_lc_monetary_1</STRONG> (Thumb, 0 bytes, Stack size unknown bytes, libinit2.o(.ARM.Collect$$libinit$$00000015))

<P><STRONG><a name="[f4]"></a>__rt_lib_init_lc_numeric_1</STRONG> (Thumb, 0 bytes, Stack size unknown bytes, libinit2.o(.ARM.Collect$$libinit$$00000017))

<P><STRONG><a name="[f5]"></a>__rt_lib_init_lc_time_1</STRONG> (Thumb, 0 bytes, Stack size unknown bytes, libinit2.o(.ARM.Collect$$libinit$$00000019))

<P><STRONG><a name="[f6]"></a>__rt_lib_init_rand_1</STRONG> (Thumb, 0 bytes, Stack size unknown bytes, libinit2.o(.ARM.Collect$$libinit$$0000000E))

<P><STRONG><a name="[f7]"></a>__rt_lib_init_return</STRONG> (Thumb, 0 bytes, Stack size unknown bytes, libinit2.o(.ARM.Collect$$libinit$$00000033))

<P><STRONG><a name="[f8]"></a>__rt_lib_init_signal_1</STRONG> (Thumb, 0 bytes, Stack size unknown bytes, libinit2.o(.ARM.Collect$$libinit$$0000001D))

<P><STRONG><a name="[f9]"></a>__rt_lib_init_stdio_1</STRONG> (Thumb, 0 bytes, Stack size unknown bytes, libinit2.o(.ARM.Collect$$libinit$$00000025))

<P><STRONG><a name="[fa]"></a>__rt_lib_init_user_alloc_1</STRONG> (Thumb, 0 bytes, Stack size unknown bytes, libinit2.o(.ARM.Collect$$libinit$$0000000C))

<P><STRONG><a name="[91]"></a>__rt_lib_shutdown</STRONG> (Thumb, 0 bytes, Stack size unknown bytes, libshutdown.o(.ARM.Collect$$libshutdown$$00000000))
<BR><BR>[Called By]<UL><LI><a href="#[90]">&gt;&gt;</a>&nbsp;&nbsp;&nbsp;__rt_exit_ls
</UL>

<P><STRONG><a name="[fb]"></a>__rt_lib_shutdown_cpp_1</STRONG> (Thumb, 0 bytes, Stack size unknown bytes, libshutdown2.o(.ARM.Collect$$libshutdown$$00000002))

<P><STRONG><a name="[fc]"></a>__rt_lib_shutdown_fp_trap_1</STRONG> (Thumb, 0 bytes, Stack size unknown bytes, libshutdown2.o(.ARM.Collect$$libshutdown$$00000007))

<P><STRONG><a name="[fd]"></a>__rt_lib_shutdown_heap_1</STRONG> (Thumb, 0 bytes, Stack size unknown bytes, libshutdown2.o(.ARM.Collect$$libshutdown$$0000000F))

<P><STRONG><a name="[fe]"></a>__rt_lib_shutdown_return</STRONG> (Thumb, 0 bytes, Stack size unknown bytes, libshutdown2.o(.ARM.Collect$$libshutdown$$00000010))

<P><STRONG><a name="[ff]"></a>__rt_lib_shutdown_signal_1</STRONG> (Thumb, 0 bytes, Stack size unknown bytes, libshutdown2.o(.ARM.Collect$$libshutdown$$0000000A))

<P><STRONG><a name="[100]"></a>__rt_lib_shutdown_stdio_1</STRONG> (Thumb, 0 bytes, Stack size unknown bytes, libshutdown2.o(.ARM.Collect$$libshutdown$$00000004))

<P><STRONG><a name="[101]"></a>__rt_lib_shutdown_user_alloc_1</STRONG> (Thumb, 0 bytes, Stack size unknown bytes, libshutdown2.o(.ARM.Collect$$libshutdown$$0000000C))

<P><STRONG><a name="[82]"></a>__rt_entry</STRONG> (Thumb, 0 bytes, Stack size unknown bytes, __rtentry.o(.ARM.Collect$$rtentry$$00000000))
<BR><BR>[Called By]<UL><LI><a href="#[80]">&gt;&gt;</a>&nbsp;&nbsp;&nbsp;__main
<LI><a href="#[83]">&gt;&gt;</a>&nbsp;&nbsp;&nbsp;__scatterload_rt2
</UL>

<P><STRONG><a name="[102]"></a>__rt_entry_presh_1</STRONG> (Thumb, 0 bytes, Stack size unknown bytes, __rtentry2.o(.ARM.Collect$$rtentry$$00000002))

<P><STRONG><a name="[89]"></a>__rt_entry_sh</STRONG> (Thumb, 0 bytes, Stack size unknown bytes, __rtentry4.o(.ARM.Collect$$rtentry$$00000004))
<BR><BR>[Stack]<UL><LI>Max Depth = 8 + Unknown Stack Size
<LI>Call Chain = __rt_entry_sh &rArr; __user_setup_stackheap
</UL>
<BR>[Calls]<UL><LI><a href="#[8a]">&gt;&gt;</a>&nbsp;&nbsp;&nbsp;__user_setup_stackheap
</UL>

<P><STRONG><a name="[8b]"></a>__rt_entry_li</STRONG> (Thumb, 0 bytes, Stack size unknown bytes, __rtentry2.o(.ARM.Collect$$rtentry$$0000000A))
<BR><BR>[Calls]<UL><LI><a href="#[8c]">&gt;&gt;</a>&nbsp;&nbsp;&nbsp;__rt_lib_init
</UL>

<P><STRONG><a name="[103]"></a>__rt_entry_postsh_1</STRONG> (Thumb, 0 bytes, Stack size unknown bytes, __rtentry2.o(.ARM.Collect$$rtentry$$00000009))

<P><STRONG><a name="[8d]"></a>__rt_entry_main</STRONG> (Thumb, 0 bytes, Stack size unknown bytes, __rtentry2.o(.ARM.Collect$$rtentry$$0000000D))
<BR><BR>[Stack]<UL><LI>Max Depth = 112 + Unknown Stack Size
<LI>Call Chain = __rt_entry_main &rArr; main &rArr; clock_init &rArr; clock_update
</UL>
<BR>[Calls]<UL><LI><a href="#[8e]">&gt;&gt;</a>&nbsp;&nbsp;&nbsp;main
<LI><a href="#[8f]">&gt;&gt;</a>&nbsp;&nbsp;&nbsp;exit
</UL>

<P><STRONG><a name="[104]"></a>__rt_entry_postli_1</STRONG> (Thumb, 0 bytes, Stack size unknown bytes, __rtentry2.o(.ARM.Collect$$rtentry$$0000000C))

<P><STRONG><a name="[ac]"></a>__rt_exit</STRONG> (Thumb, 0 bytes, Stack size unknown bytes, rtexit.o(.ARM.Collect$$rtexit$$00000000))
<BR><BR>[Called By]<UL><LI><a href="#[8f]">&gt;&gt;</a>&nbsp;&nbsp;&nbsp;exit
</UL>

<P><STRONG><a name="[90]"></a>__rt_exit_ls</STRONG> (Thumb, 0 bytes, Stack size unknown bytes, rtexit2.o(.ARM.Collect$$rtexit$$00000003))
<BR><BR>[Calls]<UL><LI><a href="#[91]">&gt;&gt;</a>&nbsp;&nbsp;&nbsp;__rt_lib_shutdown
</UL>

<P><STRONG><a name="[105]"></a>__rt_exit_prels_1</STRONG> (Thumb, 0 bytes, Stack size unknown bytes, rtexit2.o(.ARM.Collect$$rtexit$$00000002))

<P><STRONG><a name="[92]"></a>__rt_exit_exit</STRONG> (Thumb, 0 bytes, Stack size unknown bytes, rtexit2.o(.ARM.Collect$$rtexit$$00000004))
<BR><BR>[Calls]<UL><LI><a href="#[93]">&gt;&gt;</a>&nbsp;&nbsp;&nbsp;_sys_exit
</UL>

<P><STRONG><a name="[106]"></a>CPUcpsid</STRONG> (Thumb, 8 bytes, Stack size 0 bytes, cpu.o(.emb_text), UNUSED)

<P><STRONG><a name="[107]"></a>CPUprimask</STRONG> (Thumb, 6 bytes, Stack size 0 bytes, cpu.o(.emb_text), UNUSED)

<P><STRONG><a name="[cc]"></a>CPUcpsie</STRONG> (Thumb, 8 bytes, Stack size 0 bytes, cpu.o(.emb_text))
<BR><BR>[Called By]<UL><LI><a href="#[c6]">&gt;&gt;</a>&nbsp;&nbsp;&nbsp;IntMasterEnable
</UL>

<P><STRONG><a name="[108]"></a>CPUwfi</STRONG> (Thumb, 4 bytes, Stack size 0 bytes, cpu.o(.emb_text), UNUSED)

<P><STRONG><a name="[109]"></a>CPUbasepriSet</STRONG> (Thumb, 6 bytes, Stack size 0 bytes, cpu.o(.emb_text), UNUSED)

<P><STRONG><a name="[cd]"></a>CPUbasepriGet</STRONG> (Thumb, 6 bytes, Stack size 0 bytes, cpu.o(.emb_text))
<BR><BR>[Called By]<UL><LI><a href="#[c7]">&gt;&gt;</a>&nbsp;&nbsp;&nbsp;IntPriorityMaskGet
</UL>

<P><STRONG><a name="[7]"></a>Reset_Handler</STRONG> (Thumb, 8 bytes, Stack size 0 bytes, startup_tm4c129.o(.text))
<BR>[Address Reference Count : 1]<UL><LI> startup_tm4c129.o(RESET)
</UL>
<P><STRONG><a name="[10a]"></a>_maybe_terminate_alloc</STRONG> (Thumb, 0 bytes, Stack size 0 bytes, maybetermalloc1.o(.emb_text), UNUSED)

<P><STRONG><a name="[8]"></a>NMI_Handler</STRONG> (Thumb, 2 bytes, Stack size 0 bytes, startup_tm4c129.o(.text))
<BR><BR>[Calls]<UL><LI><a href="#[8]">&gt;&gt;</a>&nbsp;&nbsp;&nbsp;NMI_Handler
</UL>
<BR>[Called By]<UL><LI><a href="#[8]">&gt;&gt;</a>&nbsp;&nbsp;&nbsp;NMI_Handler
</UL>
<BR>[Address Reference Count : 1]<UL><LI> startup_tm4c129.o(RESET)
</UL>
<P><STRONG><a name="[9]"></a>HardFault_Handler</STRONG> (Thumb, 2 bytes, Stack size 0 bytes, startup_tm4c129.o(.text))
<BR><BR>[Calls]<UL><LI><a href="#[9]">&gt;&gt;</a>&nbsp;&nbsp;&nbsp;HardFault_Handler
</UL>
<BR>[Called By]<UL><LI><a href="#[9]">&gt;&gt;</a>&nbsp;&nbsp;&nbsp;HardFault_Handler
</UL>
<BR>[Address Reference Count : 1]<UL><LI> startup_tm4c129.o(RESET)
</UL>
<P><STRONG><a name="[a]"></a>MemManage_Handler</STRONG> (Thumb, 2 bytes, Stack size 0 bytes, startup_tm4c129.o(.text))
<BR><BR>[Calls]<UL><LI><a href="#[a]">&gt;&gt;</a>&nbsp;&nbsp;&nbsp;MemManage_Handler
</UL>
<BR>[Called By]<UL><LI><a href="#[a]">&gt;&gt;</a>&nbsp;&nbsp;&nbsp;MemManage_Handler
</UL>
<BR>[Address Reference Count : 1]<UL><LI> startup_tm4c129.o(RESET)
</UL>
<P><STRONG><a name="[b]"></a>BusFault_Handler</STRONG> (Thumb, 2 bytes, Stack size 0 bytes, startup_tm4c129.o(.text))
<BR><BR>[Calls]<UL><LI><a href="#[b]">&gt;&gt;</a>&nbsp;&nbsp;&nbsp;BusFault_Handler
</UL>
<BR>[Called By]<UL><LI><a href="#[b]">&gt;&gt;</a>&nbsp;&nbsp;&nbsp;BusFault_Handler
</UL>
<BR>[Address Reference Count : 1]<UL><LI> startup_tm4c129.o(RESET)
</UL>
<P><STRONG><a name="[c]"></a>UsageFault_Handler</STRONG> (Thumb, 2 bytes, Stack size 0 bytes, startup_tm4c129.o(.text))
<BR><BR>[Calls]<UL><LI><a href="#[c]">&gt;&gt;</a>&nbsp;&nbsp;&nbsp;UsageFault_Handler
</UL>
<BR>[Called By]<UL><LI><a href="#[c]">&gt;&gt;</a>&nbsp;&nbsp;&nbsp;UsageFault_Handler
</UL>
<BR>[Address Reference Count : 1]<UL><LI> startup_tm4c129.o(RESET)
</UL>
<P><STRONG><a name="[d]"></a>SVC_Handler</STRONG> (Thumb, 2 bytes, Stack size 0 bytes, startup_tm4c129.o(.text))
<BR><BR>[Calls]<UL><LI><a href="#[d]">&gt;&gt;</a>&nbsp;&nbsp;&nbsp;SVC_Handler
</UL>
<BR>[Called By]<UL><LI><a href="#[d]">&gt;&gt;</a>&nbsp;&nbsp;&nbsp;SVC_Handler
</UL>
<BR>[Address Reference Count : 1]<UL><LI> startup_tm4c129.o(RESET)
</UL>
<P><STRONG><a name="[e]"></a>DebugMon_Handler</STRONG> (Thumb, 2 bytes, Stack size 0 bytes, startup_tm4c129.o(.text))
<BR><BR>[Calls]<UL><LI><a href="#[e]">&gt;&gt;</a>&nbsp;&nbsp;&nbsp;DebugMon_Handler
</UL>
<BR>[Called By]<UL><LI><a href="#[e]">&gt;&gt;</a>&nbsp;&nbsp;&nbsp;DebugMon_Handler
</UL>
<BR>[Address Reference Count : 1]<UL><LI> startup_tm4c129.o(RESET)
</UL>
<P><STRONG><a name="[f]"></a>PendSV_Handler</STRONG> (Thumb, 2 bytes, Stack size 0 bytes, startup_tm4c129.o(.text))
<BR><BR>[Calls]<UL><LI><a href="#[f]">&gt;&gt;</a>&nbsp;&nbsp;&nbsp;PendSV_Handler
</UL>
<BR>[Called By]<UL><LI><a href="#[f]">&gt;&gt;</a>&nbsp;&nbsp;&nbsp;PendSV_Handler
</UL>
<BR>[Address Reference Count : 1]<UL><LI> startup_tm4c129.o(RESET)
</UL>
<P><STRONG><a name="[11]"></a>GPIOA_Handler</STRONG> (Thumb, 2 bytes, Stack size 0 bytes, startup_tm4c129.o(.text))
<BR><BR>[Calls]<UL><LI><a href="#[11]">&gt;&gt;</a>&nbsp;&nbsp;&nbsp;GPIOA_Handler
</UL>
<BR>[Called By]<UL><LI><a href="#[11]">&gt;&gt;</a>&nbsp;&nbsp;&nbsp;GPIOA_Handler
</UL>
<BR>[Address Reference Count : 1]<UL><LI> startup_tm4c129.o(RESET)
</UL>
<P><STRONG><a name="[12]"></a>GPIOB_Handler</STRONG> (Thumb, 2 bytes, Stack size 0 bytes, startup_tm4c129.o(.text))
<BR><BR>[Calls]<UL><LI><a href="#[12]">&gt;&gt;</a>&nbsp;&nbsp;&nbsp;GPIOB_Handler
</UL>
<BR>[Called By]<UL><LI><a href="#[12]">&gt;&gt;</a>&nbsp;&nbsp;&nbsp;GPIOB_Handler
</UL>
<BR>[Address Reference Count : 1]<UL><LI> startup_tm4c129.o(RESET)
</UL>
<P><STRONG><a name="[13]"></a>GPIOC_Handler</STRONG> (Thumb, 2 bytes, Stack size 0 bytes, startup_tm4c129.o(.text))
<BR><BR>[Calls]<UL><LI><a href="#[13]">&gt;&gt;</a>&nbsp;&nbsp;&nbsp;GPIOC_Handler
</UL>
<BR>[Called By]<UL><LI><a href="#[13]">&gt;&gt;</a>&nbsp;&nbsp;&nbsp;GPIOC_Handler
</UL>
<BR>[Address Reference Count : 1]<UL><LI> startup_tm4c129.o(RESET)
</UL>
<P><STRONG><a name="[14]"></a>GPIOD_Handler</STRONG> (Thumb, 2 bytes, Stack size 0 bytes, startup_tm4c129.o(.text))
<BR><BR>[Calls]<UL><LI><a href="#[14]">&gt;&gt;</a>&nbsp;&nbsp;&nbsp;GPIOD_Handler
</UL>
<BR>[Called By]<UL><LI><a href="#[14]">&gt;&gt;</a>&nbsp;&nbsp;&nbsp;GPIOD_Handler
</UL>
<BR>[Address Reference Count : 1]<UL><LI> startup_tm4c129.o(RESET)
</UL>
<P><STRONG><a name="[15]"></a>GPIOE_Handler</STRONG> (Thumb, 2 bytes, Stack size 0 bytes, startup_tm4c129.o(.text))
<BR><BR>[Calls]<UL><LI><a href="#[15]">&gt;&gt;</a>&nbsp;&nbsp;&nbsp;GPIOE_Handler
</UL>
<BR>[Called By]<UL><LI><a href="#[15]">&gt;&gt;</a>&nbsp;&nbsp;&nbsp;GPIOE_Handler
</UL>
<BR>[Address Reference Count : 1]<UL><LI> startup_tm4c129.o(RESET)
</UL>
<P><STRONG><a name="[17]"></a>UART1_Handler</STRONG> (Thumb, 2 bytes, Stack size 0 bytes, startup_tm4c129.o(.text))
<BR><BR>[Calls]<UL><LI><a href="#[17]">&gt;&gt;</a>&nbsp;&nbsp;&nbsp;UART1_Handler
</UL>
<BR>[Called By]<UL><LI><a href="#[17]">&gt;&gt;</a>&nbsp;&nbsp;&nbsp;UART1_Handler
</UL>
<BR>[Address Reference Count : 1]<UL><LI> startup_tm4c129.o(RESET)
</UL>
<P><STRONG><a name="[18]"></a>SSI0_Handler</STRONG> (Thumb, 2 bytes, Stack size 0 bytes, startup_tm4c129.o(.text))
<BR><BR>[Calls]<UL><LI><a href="#[18]">&gt;&gt;</a>&nbsp;&nbsp;&nbsp;SSI0_Handler
</UL>
<BR>[Called By]<UL><LI><a href="#[18]">&gt;&gt;</a>&nbsp;&nbsp;&nbsp;SSI0_Handler
</UL>
<BR>[Address Reference Count : 1]<UL><LI> startup_tm4c129.o(RESET)
</UL>
<P><STRONG><a name="[19]"></a>I2C0_Handler</STRONG> (Thumb, 2 bytes, Stack size 0 bytes, startup_tm4c129.o(.text))
<BR><BR>[Calls]<UL><LI><a href="#[19]">&gt;&gt;</a>&nbsp;&nbsp;&nbsp;I2C0_Handler
</UL>
<BR>[Called By]<UL><LI><a href="#[19]">&gt;&gt;</a>&nbsp;&nbsp;&nbsp;I2C0_Handler
</UL>
<BR>[Address Reference Count : 1]<UL><LI> startup_tm4c129.o(RESET)
</UL>
<P><STRONG><a name="[1a]"></a>PMW0_FAULT_Handler</STRONG> (Thumb, 2 bytes, Stack size 0 bytes, startup_tm4c129.o(.text))
<BR><BR>[Calls]<UL><LI><a href="#[1a]">&gt;&gt;</a>&nbsp;&nbsp;&nbsp;PMW0_FAULT_Handler
</UL>
<BR>[Called By]<UL><LI><a href="#[1a]">&gt;&gt;</a>&nbsp;&nbsp;&nbsp;PMW0_FAULT_Handler
</UL>
<BR>[Address Reference Count : 1]<UL><LI> startup_tm4c129.o(RESET)
</UL>
<P><STRONG><a name="[1b]"></a>PWM0_0_Handler</STRONG> (Thumb, 2 bytes, Stack size 0 bytes, startup_tm4c129.o(.text))
<BR><BR>[Calls]<UL><LI><a href="#[1b]">&gt;&gt;</a>&nbsp;&nbsp;&nbsp;PWM0_0_Handler
</UL>
<BR>[Called By]<UL><LI><a href="#[1b]">&gt;&gt;</a>&nbsp;&nbsp;&nbsp;PWM0_0_Handler
</UL>
<BR>[Address Reference Count : 1]<UL><LI> startup_tm4c129.o(RESET)
</UL>
<P><STRONG><a name="[1c]"></a>PWM0_1_Handler</STRONG> (Thumb, 2 bytes, Stack size 0 bytes, startup_tm4c129.o(.text))
<BR><BR>[Calls]<UL><LI><a href="#[1c]">&gt;&gt;</a>&nbsp;&nbsp;&nbsp;PWM0_1_Handler
</UL>
<BR>[Called By]<UL><LI><a href="#[1c]">&gt;&gt;</a>&nbsp;&nbsp;&nbsp;PWM0_1_Handler
</UL>
<BR>[Address Reference Count : 1]<UL><LI> startup_tm4c129.o(RESET)
</UL>
<P><STRONG><a name="[1d]"></a>PWM0_2_Handler</STRONG> (Thumb, 2 bytes, Stack size 0 bytes, startup_tm4c129.o(.text))
<BR><BR>[Calls]<UL><LI><a href="#[1d]">&gt;&gt;</a>&nbsp;&nbsp;&nbsp;PWM0_2_Handler
</UL>
<BR>[Called By]<UL><LI><a href="#[1d]">&gt;&gt;</a>&nbsp;&nbsp;&nbsp;PWM0_2_Handler
</UL>
<BR>[Address Reference Count : 1]<UL><LI> startup_tm4c129.o(RESET)
</UL>
<P><STRONG><a name="[1e]"></a>QEI0_Handler</STRONG> (Thumb, 2 bytes, Stack size 0 bytes, startup_tm4c129.o(.text))
<BR><BR>[Calls]<UL><LI><a href="#[1e]">&gt;&gt;</a>&nbsp;&nbsp;&nbsp;QEI0_Handler
</UL>
<BR>[Called By]<UL><LI><a href="#[1e]">&gt;&gt;</a>&nbsp;&nbsp;&nbsp;QEI0_Handler
</UL>
<BR>[Address Reference Count : 1]<UL><LI> startup_tm4c129.o(RESET)
</UL>
<P><STRONG><a name="[1f]"></a>ADC0SS0_Handler</STRONG> (Thumb, 2 bytes, Stack size 0 bytes, startup_tm4c129.o(.text))
<BR><BR>[Calls]<UL><LI><a href="#[1f]">&gt;&gt;</a>&nbsp;&nbsp;&nbsp;ADC0SS0_Handler
</UL>
<BR>[Called By]<UL><LI><a href="#[1f]">&gt;&gt;</a>&nbsp;&nbsp;&nbsp;ADC0SS0_Handler
</UL>
<BR>[Address Reference Count : 1]<UL><LI> startup_tm4c129.o(RESET)
</UL>
<P><STRONG><a name="[20]"></a>ADC0SS1_Handler</STRONG> (Thumb, 2 bytes, Stack size 0 bytes, startup_tm4c129.o(.text))
<BR><BR>[Calls]<UL><LI><a href="#[20]">&gt;&gt;</a>&nbsp;&nbsp;&nbsp;ADC0SS1_Handler
</UL>
<BR>[Called By]<UL><LI><a href="#[20]">&gt;&gt;</a>&nbsp;&nbsp;&nbsp;ADC0SS1_Handler
</UL>
<BR>[Address Reference Count : 1]<UL><LI> startup_tm4c129.o(RESET)
</UL>
<P><STRONG><a name="[21]"></a>ADC0SS2_Handler</STRONG> (Thumb, 2 bytes, Stack size 0 bytes, startup_tm4c129.o(.text))
<BR><BR>[Calls]<UL><LI><a href="#[21]">&gt;&gt;</a>&nbsp;&nbsp;&nbsp;ADC0SS2_Handler
</UL>
<BR>[Called By]<UL><LI><a href="#[21]">&gt;&gt;</a>&nbsp;&nbsp;&nbsp;ADC0SS2_Handler
</UL>
<BR>[Address Reference Count : 1]<UL><LI> startup_tm4c129.o(RESET)
</UL>
<P><STRONG><a name="[22]"></a>ADC0SS3_Handler</STRONG> (Thumb, 2 bytes, Stack size 0 bytes, startup_tm4c129.o(.text))
<BR><BR>[Calls]<UL><LI><a href="#[22]">&gt;&gt;</a>&nbsp;&nbsp;&nbsp;ADC0SS3_Handler
</UL>
<BR>[Called By]<UL><LI><a href="#[22]">&gt;&gt;</a>&nbsp;&nbsp;&nbsp;ADC0SS3_Handler
</UL>
<BR>[Address Reference Count : 1]<UL><LI> startup_tm4c129.o(RESET)
</UL>
<P><STRONG><a name="[23]"></a>WDT0_Handler</STRONG> (Thumb, 2 bytes, Stack size 0 bytes, startup_tm4c129.o(.text))
<BR><BR>[Calls]<UL><LI><a href="#[23]">&gt;&gt;</a>&nbsp;&nbsp;&nbsp;WDT0_Handler
</UL>
<BR>[Called By]<UL><LI><a href="#[23]">&gt;&gt;</a>&nbsp;&nbsp;&nbsp;WDT0_Handler
</UL>
<BR>[Address Reference Count : 1]<UL><LI> startup_tm4c129.o(RESET)
</UL>
<P><STRONG><a name="[24]"></a>TIMER0A_Handler</STRONG> (Thumb, 2 bytes, Stack size 0 bytes, startup_tm4c129.o(.text))
<BR><BR>[Calls]<UL><LI><a href="#[24]">&gt;&gt;</a>&nbsp;&nbsp;&nbsp;TIMER0A_Handler
</UL>
<BR>[Called By]<UL><LI><a href="#[24]">&gt;&gt;</a>&nbsp;&nbsp;&nbsp;TIMER0A_Handler
</UL>
<BR>[Address Reference Count : 1]<UL><LI> startup_tm4c129.o(RESET)
</UL>
<P><STRONG><a name="[25]"></a>TIMER0B_Handler</STRONG> (Thumb, 2 bytes, Stack size 0 bytes, startup_tm4c129.o(.text))
<BR><BR>[Calls]<UL><LI><a href="#[25]">&gt;&gt;</a>&nbsp;&nbsp;&nbsp;TIMER0B_Handler
</UL>
<BR>[Called By]<UL><LI><a href="#[25]">&gt;&gt;</a>&nbsp;&nbsp;&nbsp;TIMER0B_Handler
</UL>
<BR>[Address Reference Count : 1]<UL><LI> startup_tm4c129.o(RESET)
</UL>
<P><STRONG><a name="[26]"></a>TIMER1A_Handler</STRONG> (Thumb, 2 bytes, Stack size 0 bytes, startup_tm4c129.o(.text))
<BR><BR>[Calls]<UL><LI><a href="#[26]">&gt;&gt;</a>&nbsp;&nbsp;&nbsp;TIMER1A_Handler
</UL>
<BR>[Called By]<UL><LI><a href="#[26]">&gt;&gt;</a>&nbsp;&nbsp;&nbsp;TIMER1A_Handler
</UL>
<BR>[Address Reference Count : 1]<UL><LI> startup_tm4c129.o(RESET)
</UL>
<P><STRONG><a name="[27]"></a>TIMER1B_Handler</STRONG> (Thumb, 2 bytes, Stack size 0 bytes, startup_tm4c129.o(.text))
<BR><BR>[Calls]<UL><LI><a href="#[27]">&gt;&gt;</a>&nbsp;&nbsp;&nbsp;TIMER1B_Handler
</UL>
<BR>[Called By]<UL><LI><a href="#[27]">&gt;&gt;</a>&nbsp;&nbsp;&nbsp;TIMER1B_Handler
</UL>
<BR>[Address Reference Count : 1]<UL><LI> startup_tm4c129.o(RESET)
</UL>
<P><STRONG><a name="[28]"></a>TIMER2A_Handler</STRONG> (Thumb, 2 bytes, Stack size 0 bytes, startup_tm4c129.o(.text))
<BR><BR>[Calls]<UL><LI><a href="#[28]">&gt;&gt;</a>&nbsp;&nbsp;&nbsp;TIMER2A_Handler
</UL>
<BR>[Called By]<UL><LI><a href="#[28]">&gt;&gt;</a>&nbsp;&nbsp;&nbsp;TIMER2A_Handler
</UL>
<BR>[Address Reference Count : 1]<UL><LI> startup_tm4c129.o(RESET)
</UL>
<P><STRONG><a name="[29]"></a>TIMER2B_Handler</STRONG> (Thumb, 2 bytes, Stack size 0 bytes, startup_tm4c129.o(.text))
<BR><BR>[Calls]<UL><LI><a href="#[29]">&gt;&gt;</a>&nbsp;&nbsp;&nbsp;TIMER2B_Handler
</UL>
<BR>[Called By]<UL><LI><a href="#[29]">&gt;&gt;</a>&nbsp;&nbsp;&nbsp;TIMER2B_Handler
</UL>
<BR>[Address Reference Count : 1]<UL><LI> startup_tm4c129.o(RESET)
</UL>
<P><STRONG><a name="[2a]"></a>COMP0_Handler</STRONG> (Thumb, 2 bytes, Stack size 0 bytes, startup_tm4c129.o(.text))
<BR><BR>[Calls]<UL><LI><a href="#[2a]">&gt;&gt;</a>&nbsp;&nbsp;&nbsp;COMP0_Handler
</UL>
<BR>[Called By]<UL><LI><a href="#[2a]">&gt;&gt;</a>&nbsp;&nbsp;&nbsp;COMP0_Handler
</UL>
<BR>[Address Reference Count : 1]<UL><LI> startup_tm4c129.o(RESET)
</UL>
<P><STRONG><a name="[2b]"></a>COMP1_Handler</STRONG> (Thumb, 2 bytes, Stack size 0 bytes, startup_tm4c129.o(.text))
<BR><BR>[Calls]<UL><LI><a href="#[2b]">&gt;&gt;</a>&nbsp;&nbsp;&nbsp;COMP1_Handler
</UL>
<BR>[Called By]<UL><LI><a href="#[2b]">&gt;&gt;</a>&nbsp;&nbsp;&nbsp;COMP1_Handler
</UL>
<BR>[Address Reference Count : 1]<UL><LI> startup_tm4c129.o(RESET)
</UL>
<P><STRONG><a name="[2c]"></a>COMP2_Handler</STRONG> (Thumb, 2 bytes, Stack size 0 bytes, startup_tm4c129.o(.text))
<BR><BR>[Calls]<UL><LI><a href="#[2c]">&gt;&gt;</a>&nbsp;&nbsp;&nbsp;COMP2_Handler
</UL>
<BR>[Called By]<UL><LI><a href="#[2c]">&gt;&gt;</a>&nbsp;&nbsp;&nbsp;COMP2_Handler
</UL>
<BR>[Address Reference Count : 1]<UL><LI> startup_tm4c129.o(RESET)
</UL>
<P><STRONG><a name="[2d]"></a>SYSCTL_Handler</STRONG> (Thumb, 2 bytes, Stack size 0 bytes, startup_tm4c129.o(.text))
<BR><BR>[Calls]<UL><LI><a href="#[2d]">&gt;&gt;</a>&nbsp;&nbsp;&nbsp;SYSCTL_Handler
</UL>
<BR>[Called By]<UL><LI><a href="#[2d]">&gt;&gt;</a>&nbsp;&nbsp;&nbsp;SYSCTL_Handler
</UL>
<BR>[Address Reference Count : 1]<UL><LI> startup_tm4c129.o(RESET)
</UL>
<P><STRONG><a name="[2e]"></a>FLASH_Handler</STRONG> (Thumb, 2 bytes, Stack size 0 bytes, startup_tm4c129.o(.text))
<BR><BR>[Calls]<UL><LI><a href="#[2e]">&gt;&gt;</a>&nbsp;&nbsp;&nbsp;FLASH_Handler
</UL>
<BR>[Called By]<UL><LI><a href="#[2e]">&gt;&gt;</a>&nbsp;&nbsp;&nbsp;FLASH_Handler
</UL>
<BR>[Address Reference Count : 1]<UL><LI> startup_tm4c129.o(RESET)
</UL>
<P><STRONG><a name="[2f]"></a>GPIOF_Handler</STRONG> (Thumb, 2 bytes, Stack size 0 bytes, startup_tm4c129.o(.text))
<BR><BR>[Calls]<UL><LI><a href="#[2f]">&gt;&gt;</a>&nbsp;&nbsp;&nbsp;GPIOF_Handler
</UL>
<BR>[Called By]<UL><LI><a href="#[2f]">&gt;&gt;</a>&nbsp;&nbsp;&nbsp;GPIOF_Handler
</UL>
<BR>[Address Reference Count : 1]<UL><LI> startup_tm4c129.o(RESET)
</UL>
<P><STRONG><a name="[30]"></a>GPIOG_Handler</STRONG> (Thumb, 2 bytes, Stack size 0 bytes, startup_tm4c129.o(.text))
<BR><BR>[Calls]<UL><LI><a href="#[30]">&gt;&gt;</a>&nbsp;&nbsp;&nbsp;GPIOG_Handler
</UL>
<BR>[Called By]<UL><LI><a href="#[30]">&gt;&gt;</a>&nbsp;&nbsp;&nbsp;GPIOG_Handler
</UL>
<BR>[Address Reference Count : 1]<UL><LI> startup_tm4c129.o(RESET)
</UL>
<P><STRONG><a name="[31]"></a>GPIOH_Handler</STRONG> (Thumb, 2 bytes, Stack size 0 bytes, startup_tm4c129.o(.text))
<BR><BR>[Calls]<UL><LI><a href="#[31]">&gt;&gt;</a>&nbsp;&nbsp;&nbsp;GPIOH_Handler
</UL>
<BR>[Called By]<UL><LI><a href="#[31]">&gt;&gt;</a>&nbsp;&nbsp;&nbsp;GPIOH_Handler
</UL>
<BR>[Address Reference Count : 1]<UL><LI> startup_tm4c129.o(RESET)
</UL>
<P><STRONG><a name="[32]"></a>UART2_Handler</STRONG> (Thumb, 2 bytes, Stack size 0 bytes, startup_tm4c129.o(.text))
<BR><BR>[Calls]<UL><LI><a href="#[32]">&gt;&gt;</a>&nbsp;&nbsp;&nbsp;UART2_Handler
</UL>
<BR>[Called By]<UL><LI><a href="#[32]">&gt;&gt;</a>&nbsp;&nbsp;&nbsp;UART2_Handler
</UL>
<BR>[Address Reference Count : 1]<UL><LI> startup_tm4c129.o(RESET)
</UL>
<P><STRONG><a name="[33]"></a>SSI1_Handler</STRONG> (Thumb, 2 bytes, Stack size 0 bytes, startup_tm4c129.o(.text))
<BR><BR>[Calls]<UL><LI><a href="#[33]">&gt;&gt;</a>&nbsp;&nbsp;&nbsp;SSI1_Handler
</UL>
<BR>[Called By]<UL><LI><a href="#[33]">&gt;&gt;</a>&nbsp;&nbsp;&nbsp;SSI1_Handler
</UL>
<BR>[Address Reference Count : 1]<UL><LI> startup_tm4c129.o(RESET)
</UL>
<P><STRONG><a name="[34]"></a>TIMER3A_Handler</STRONG> (Thumb, 2 bytes, Stack size 0 bytes, startup_tm4c129.o(.text))
<BR><BR>[Calls]<UL><LI><a href="#[34]">&gt;&gt;</a>&nbsp;&nbsp;&nbsp;TIMER3A_Handler
</UL>
<BR>[Called By]<UL><LI><a href="#[34]">&gt;&gt;</a>&nbsp;&nbsp;&nbsp;TIMER3A_Handler
</UL>
<BR>[Address Reference Count : 1]<UL><LI> startup_tm4c129.o(RESET)
</UL>
<P><STRONG><a name="[35]"></a>TIMER3B_Handler</STRONG> (Thumb, 2 bytes, Stack size 0 bytes, startup_tm4c129.o(.text))
<BR><BR>[Calls]<UL><LI><a href="#[35]">&gt;&gt;</a>&nbsp;&nbsp;&nbsp;TIMER3B_Handler
</UL>
<BR>[Called By]<UL><LI><a href="#[35]">&gt;&gt;</a>&nbsp;&nbsp;&nbsp;TIMER3B_Handler
</UL>
<BR>[Address Reference Count : 1]<UL><LI> startup_tm4c129.o(RESET)
</UL>
<P><STRONG><a name="[36]"></a>I2C1_Handler</STRONG> (Thumb, 2 bytes, Stack size 0 bytes, startup_tm4c129.o(.text))
<BR><BR>[Calls]<UL><LI><a href="#[36]">&gt;&gt;</a>&nbsp;&nbsp;&nbsp;I2C1_Handler
</UL>
<BR>[Called By]<UL><LI><a href="#[36]">&gt;&gt;</a>&nbsp;&nbsp;&nbsp;I2C1_Handler
</UL>
<BR>[Address Reference Count : 1]<UL><LI> startup_tm4c129.o(RESET)
</UL>
<P><STRONG><a name="[37]"></a>CAN0_Handler</STRONG> (Thumb, 2 bytes, Stack size 0 bytes, startup_tm4c129.o(.text))
<BR><BR>[Calls]<UL><LI><a href="#[37]">&gt;&gt;</a>&nbsp;&nbsp;&nbsp;CAN0_Handler
</UL>
<BR>[Called By]<UL><LI><a href="#[37]">&gt;&gt;</a>&nbsp;&nbsp;&nbsp;CAN0_Handler
</UL>
<BR>[Address Reference Count : 1]<UL><LI> startup_tm4c129.o(RESET)
</UL>
<P><STRONG><a name="[38]"></a>CAN1_Handler</STRONG> (Thumb, 2 bytes, Stack size 0 bytes, startup_tm4c129.o(.text))
<BR><BR>[Calls]<UL><LI><a href="#[38]">&gt;&gt;</a>&nbsp;&nbsp;&nbsp;CAN1_Handler
</UL>
<BR>[Called By]<UL><LI><a href="#[38]">&gt;&gt;</a>&nbsp;&nbsp;&nbsp;CAN1_Handler
</UL>
<BR>[Address Reference Count : 1]<UL><LI> startup_tm4c129.o(RESET)
</UL>
<P><STRONG><a name="[39]"></a>ETH_Handler</STRONG> (Thumb, 2 bytes, Stack size 0 bytes, startup_tm4c129.o(.text))
<BR><BR>[Calls]<UL><LI><a href="#[39]">&gt;&gt;</a>&nbsp;&nbsp;&nbsp;ETH_Handler
</UL>
<BR>[Called By]<UL><LI><a href="#[39]">&gt;&gt;</a>&nbsp;&nbsp;&nbsp;ETH_Handler
</UL>
<BR>[Address Reference Count : 1]<UL><LI> startup_tm4c129.o(RESET)
</UL>
<P><STRONG><a name="[3a]"></a>HIB_Handler</STRONG> (Thumb, 2 bytes, Stack size 0 bytes, startup_tm4c129.o(.text))
<BR><BR>[Calls]<UL><LI><a href="#[3a]">&gt;&gt;</a>&nbsp;&nbsp;&nbsp;HIB_Handler
</UL>
<BR>[Called By]<UL><LI><a href="#[3a]">&gt;&gt;</a>&nbsp;&nbsp;&nbsp;HIB_Handler
</UL>
<BR>[Address Reference Count : 1]<UL><LI> startup_tm4c129.o(RESET)
</UL>
<P><STRONG><a name="[3b]"></a>USB0_Handler</STRONG> (Thumb, 2 bytes, Stack size 0 bytes, startup_tm4c129.o(.text))
<BR><BR>[Calls]<UL><LI><a href="#[3b]">&gt;&gt;</a>&nbsp;&nbsp;&nbsp;USB0_Handler
</UL>
<BR>[Called By]<UL><LI><a href="#[3b]">&gt;&gt;</a>&nbsp;&nbsp;&nbsp;USB0_Handler
</UL>
<BR>[Address Reference Count : 1]<UL><LI> startup_tm4c129.o(RESET)
</UL>
<P><STRONG><a name="[3c]"></a>PWM0_3_Handler</STRONG> (Thumb, 2 bytes, Stack size 0 bytes, startup_tm4c129.o(.text))
<BR><BR>[Calls]<UL><LI><a href="#[3c]">&gt;&gt;</a>&nbsp;&nbsp;&nbsp;PWM0_3_Handler
</UL>
<BR>[Called By]<UL><LI><a href="#[3c]">&gt;&gt;</a>&nbsp;&nbsp;&nbsp;PWM0_3_Handler
</UL>
<BR>[Address Reference Count : 1]<UL><LI> startup_tm4c129.o(RESET)
</UL>
<P><STRONG><a name="[3d]"></a>UDMA_Handler</STRONG> (Thumb, 2 bytes, Stack size 0 bytes, startup_tm4c129.o(.text))
<BR><BR>[Calls]<UL><LI><a href="#[3d]">&gt;&gt;</a>&nbsp;&nbsp;&nbsp;UDMA_Handler
</UL>
<BR>[Called By]<UL><LI><a href="#[3d]">&gt;&gt;</a>&nbsp;&nbsp;&nbsp;UDMA_Handler
</UL>
<BR>[Address Reference Count : 1]<UL><LI> startup_tm4c129.o(RESET)
</UL>
<P><STRONG><a name="[3e]"></a>UDMAERR_Handler</STRONG> (Thumb, 2 bytes, Stack size 0 bytes, startup_tm4c129.o(.text))
<BR><BR>[Calls]<UL><LI><a href="#[3e]">&gt;&gt;</a>&nbsp;&nbsp;&nbsp;UDMAERR_Handler
</UL>
<BR>[Called By]<UL><LI><a href="#[3e]">&gt;&gt;</a>&nbsp;&nbsp;&nbsp;UDMAERR_Handler
</UL>
<BR>[Address Reference Count : 1]<UL><LI> startup_tm4c129.o(RESET)
</UL>
<P><STRONG><a name="[3f]"></a>ADC1SS0_Handler</STRONG> (Thumb, 2 bytes, Stack size 0 bytes, startup_tm4c129.o(.text))
<BR><BR>[Calls]<UL><LI><a href="#[3f]">&gt;&gt;</a>&nbsp;&nbsp;&nbsp;ADC1SS0_Handler
</UL>
<BR>[Called By]<UL><LI><a href="#[3f]">&gt;&gt;</a>&nbsp;&nbsp;&nbsp;ADC1SS0_Handler
</UL>
<BR>[Address Reference Count : 1]<UL><LI> startup_tm4c129.o(RESET)
</UL>
<P><STRONG><a name="[40]"></a>ADC1SS1_Handler</STRONG> (Thumb, 2 bytes, Stack size 0 bytes, startup_tm4c129.o(.text))
<BR><BR>[Calls]<UL><LI><a href="#[40]">&gt;&gt;</a>&nbsp;&nbsp;&nbsp;ADC1SS1_Handler
</UL>
<BR>[Called By]<UL><LI><a href="#[40]">&gt;&gt;</a>&nbsp;&nbsp;&nbsp;ADC1SS1_Handler
</UL>
<BR>[Address Reference Count : 1]<UL><LI> startup_tm4c129.o(RESET)
</UL>
<P><STRONG><a name="[41]"></a>ADC1SS2_Handler</STRONG> (Thumb, 2 bytes, Stack size 0 bytes, startup_tm4c129.o(.text))
<BR><BR>[Calls]<UL><LI><a href="#[41]">&gt;&gt;</a>&nbsp;&nbsp;&nbsp;ADC1SS2_Handler
</UL>
<BR>[Called By]<UL><LI><a href="#[41]">&gt;&gt;</a>&nbsp;&nbsp;&nbsp;ADC1SS2_Handler
</UL>
<BR>[Address Reference Count : 1]<UL><LI> startup_tm4c129.o(RESET)
</UL>
<P><STRONG><a name="[42]"></a>ADC1SS3_Handler</STRONG> (Thumb, 2 bytes, Stack size 0 bytes, startup_tm4c129.o(.text))
<BR><BR>[Calls]<UL><LI><a href="#[42]">&gt;&gt;</a>&nbsp;&nbsp;&nbsp;ADC1SS3_Handler
</UL>
<BR>[Called By]<UL><LI><a href="#[42]">&gt;&gt;</a>&nbsp;&nbsp;&nbsp;ADC1SS3_Handler
</UL>
<BR>[Address Reference Count : 1]<UL><LI> startup_tm4c129.o(RESET)
</UL>
<P><STRONG><a name="[43]"></a>EBI0_Handler</STRONG> (Thumb, 2 bytes, Stack size 0 bytes, startup_tm4c129.o(.text))
<BR><BR>[Calls]<UL><LI><a href="#[43]">&gt;&gt;</a>&nbsp;&nbsp;&nbsp;EBI0_Handler
</UL>
<BR>[Called By]<UL><LI><a href="#[43]">&gt;&gt;</a>&nbsp;&nbsp;&nbsp;EBI0_Handler
</UL>
<BR>[Address Reference Count : 1]<UL><LI> startup_tm4c129.o(RESET)
</UL>
<P><STRONG><a name="[44]"></a>GPIOJ_Handler</STRONG> (Thumb, 2 bytes, Stack size 0 bytes, startup_tm4c129.o(.text))
<BR><BR>[Calls]<UL><LI><a href="#[44]">&gt;&gt;</a>&nbsp;&nbsp;&nbsp;GPIOJ_Handler
</UL>
<BR>[Called By]<UL><LI><a href="#[44]">&gt;&gt;</a>&nbsp;&nbsp;&nbsp;GPIOJ_Handler
</UL>
<BR>[Address Reference Count : 1]<UL><LI> startup_tm4c129.o(RESET)
</UL>
<P><STRONG><a name="[45]"></a>GPIOK_Handler</STRONG> (Thumb, 2 bytes, Stack size 0 bytes, startup_tm4c129.o(.text))
<BR><BR>[Calls]<UL><LI><a href="#[45]">&gt;&gt;</a>&nbsp;&nbsp;&nbsp;GPIOK_Handler
</UL>
<BR>[Called By]<UL><LI><a href="#[45]">&gt;&gt;</a>&nbsp;&nbsp;&nbsp;GPIOK_Handler
</UL>
<BR>[Address Reference Count : 1]<UL><LI> startup_tm4c129.o(RESET)
</UL>
<P><STRONG><a name="[46]"></a>GPIOL_Handler</STRONG> (Thumb, 2 bytes, Stack size 0 bytes, startup_tm4c129.o(.text))
<BR><BR>[Calls]<UL><LI><a href="#[46]">&gt;&gt;</a>&nbsp;&nbsp;&nbsp;GPIOL_Handler
</UL>
<BR>[Called By]<UL><LI><a href="#[46]">&gt;&gt;</a>&nbsp;&nbsp;&nbsp;GPIOL_Handler
</UL>
<BR>[Address Reference Count : 1]<UL><LI> startup_tm4c129.o(RESET)
</UL>
<P><STRONG><a name="[47]"></a>SSI2_Handler</STRONG> (Thumb, 2 bytes, Stack size 0 bytes, startup_tm4c129.o(.text))
<BR><BR>[Calls]<UL><LI><a href="#[47]">&gt;&gt;</a>&nbsp;&nbsp;&nbsp;SSI2_Handler
</UL>
<BR>[Called By]<UL><LI><a href="#[47]">&gt;&gt;</a>&nbsp;&nbsp;&nbsp;SSI2_Handler
</UL>
<BR>[Address Reference Count : 1]<UL><LI> startup_tm4c129.o(RESET)
</UL>
<P><STRONG><a name="[48]"></a>SSI3_Handler</STRONG> (Thumb, 2 bytes, Stack size 0 bytes, startup_tm4c129.o(.text))
<BR><BR>[Calls]<UL><LI><a href="#[48]">&gt;&gt;</a>&nbsp;&nbsp;&nbsp;SSI3_Handler
</UL>
<BR>[Called By]<UL><LI><a href="#[48]">&gt;&gt;</a>&nbsp;&nbsp;&nbsp;SSI3_Handler
</UL>
<BR>[Address Reference Count : 1]<UL><LI> startup_tm4c129.o(RESET)
</UL>
<P><STRONG><a name="[49]"></a>UART3_Handler</STRONG> (Thumb, 2 bytes, Stack size 0 bytes, startup_tm4c129.o(.text))
<BR><BR>[Calls]<UL><LI><a href="#[49]">&gt;&gt;</a>&nbsp;&nbsp;&nbsp;UART3_Handler
</UL>
<BR>[Called By]<UL><LI><a href="#[49]">&gt;&gt;</a>&nbsp;&nbsp;&nbsp;UART3_Handler
</UL>
<BR>[Address Reference Count : 1]<UL><LI> startup_tm4c129.o(RESET)
</UL>
<P><STRONG><a name="[4a]"></a>UART4_Handler</STRONG> (Thumb, 2 bytes, Stack size 0 bytes, startup_tm4c129.o(.text))
<BR><BR>[Calls]<UL><LI><a href="#[4a]">&gt;&gt;</a>&nbsp;&nbsp;&nbsp;UART4_Handler
</UL>
<BR>[Called By]<UL><LI><a href="#[4a]">&gt;&gt;</a>&nbsp;&nbsp;&nbsp;UART4_Handler
</UL>
<BR>[Address Reference Count : 1]<UL><LI> startup_tm4c129.o(RESET)
</UL>
<P><STRONG><a name="[4b]"></a>UART5_Handler</STRONG> (Thumb, 2 bytes, Stack size 0 bytes, startup_tm4c129.o(.text))
<BR><BR>[Calls]<UL><LI><a href="#[4b]">&gt;&gt;</a>&nbsp;&nbsp;&nbsp;UART5_Handler
</UL>
<BR>[Called By]<UL><LI><a href="#[4b]">&gt;&gt;</a>&nbsp;&nbsp;&nbsp;UART5_Handler
</UL>
<BR>[Address Reference Count : 1]<UL><LI> startup_tm4c129.o(RESET)
</UL>
<P><STRONG><a name="[4c]"></a>UART6_Handler</STRONG> (Thumb, 2 bytes, Stack size 0 bytes, startup_tm4c129.o(.text))
<BR><BR>[Calls]<UL><LI><a href="#[4c]">&gt;&gt;</a>&nbsp;&nbsp;&nbsp;UART6_Handler
</UL>
<BR>[Called By]<UL><LI><a href="#[4c]">&gt;&gt;</a>&nbsp;&nbsp;&nbsp;UART6_Handler
</UL>
<BR>[Address Reference Count : 1]<UL><LI> startup_tm4c129.o(RESET)
</UL>
<P><STRONG><a name="[4d]"></a>UART7_Handler</STRONG> (Thumb, 2 bytes, Stack size 0 bytes, startup_tm4c129.o(.text))
<BR><BR>[Calls]<UL><LI><a href="#[4d]">&gt;&gt;</a>&nbsp;&nbsp;&nbsp;UART7_Handler
</UL>
<BR>[Called By]<UL><LI><a href="#[4d]">&gt;&gt;</a>&nbsp;&nbsp;&nbsp;UART7_Handler
</UL>
<BR>[Address Reference Count : 1]<UL><LI> startup_tm4c129.o(RESET)
</UL>
<P><STRONG><a name="[4e]"></a>I2C2_Handler</STRONG> (Thumb, 2 bytes, Stack size 0 bytes, startup_tm4c129.o(.text))
<BR><BR>[Calls]<UL><LI><a href="#[4e]">&gt;&gt;</a>&nbsp;&nbsp;&nbsp;I2C2_Handler
</UL>
<BR>[Called By]<UL><LI><a href="#[4e]">&gt;&gt;</a>&nbsp;&nbsp;&nbsp;I2C2_Handler
</UL>
<BR>[Address Reference Count : 1]<UL><LI> startup_tm4c129.o(RESET)
</UL>
<P><STRONG><a name="[4f]"></a>I2C3_Handler</STRONG> (Thumb, 2 bytes, Stack size 0 bytes, startup_tm4c129.o(.text))
<BR><BR>[Calls]<UL><LI><a href="#[4f]">&gt;&gt;</a>&nbsp;&nbsp;&nbsp;I2C3_Handler
</UL>
<BR>[Called By]<UL><LI><a href="#[4f]">&gt;&gt;</a>&nbsp;&nbsp;&nbsp;I2C3_Handler
</UL>
<BR>[Address Reference Count : 1]<UL><LI> startup_tm4c129.o(RESET)
</UL>
<P><STRONG><a name="[50]"></a>TIMER4A_Handler</STRONG> (Thumb, 2 bytes, Stack size 0 bytes, startup_tm4c129.o(.text))
<BR><BR>[Calls]<UL><LI><a href="#[50]">&gt;&gt;</a>&nbsp;&nbsp;&nbsp;TIMER4A_Handler
</UL>
<BR>[Called By]<UL><LI><a href="#[50]">&gt;&gt;</a>&nbsp;&nbsp;&nbsp;TIMER4A_Handler
</UL>
<BR>[Address Reference Count : 1]<UL><LI> startup_tm4c129.o(RESET)
</UL>
<P><STRONG><a name="[51]"></a>TIMER4B_Handler</STRONG> (Thumb, 2 bytes, Stack size 0 bytes, startup_tm4c129.o(.text))
<BR><BR>[Calls]<UL><LI><a href="#[51]">&gt;&gt;</a>&nbsp;&nbsp;&nbsp;TIMER4B_Handler
</UL>
<BR>[Called By]<UL><LI><a href="#[51]">&gt;&gt;</a>&nbsp;&nbsp;&nbsp;TIMER4B_Handler
</UL>
<BR>[Address Reference Count : 1]<UL><LI> startup_tm4c129.o(RESET)
</UL>
<P><STRONG><a name="[52]"></a>TIMER5A_Handler</STRONG> (Thumb, 2 bytes, Stack size 0 bytes, startup_tm4c129.o(.text))
<BR><BR>[Calls]<UL><LI><a href="#[52]">&gt;&gt;</a>&nbsp;&nbsp;&nbsp;TIMER5A_Handler
</UL>
<BR>[Called By]<UL><LI><a href="#[52]">&gt;&gt;</a>&nbsp;&nbsp;&nbsp;TIMER5A_Handler
</UL>
<BR>[Address Reference Count : 1]<UL><LI> startup_tm4c129.o(RESET)
</UL>
<P><STRONG><a name="[53]"></a>TIMER5B_Handler</STRONG> (Thumb, 2 bytes, Stack size 0 bytes, startup_tm4c129.o(.text))
<BR><BR>[Calls]<UL><LI><a href="#[53]">&gt;&gt;</a>&nbsp;&nbsp;&nbsp;TIMER5B_Handler
</UL>
<BR>[Called By]<UL><LI><a href="#[53]">&gt;&gt;</a>&nbsp;&nbsp;&nbsp;TIMER5B_Handler
</UL>
<BR>[Address Reference Count : 1]<UL><LI> startup_tm4c129.o(RESET)
</UL>
<P><STRONG><a name="[94]"></a>WTIMER0A_Handler</STRONG> (Thumb, 2 bytes, Stack size 0 bytes, startup_tm4c129.o(.text), UNUSED)
<BR><BR>[Calls]<UL><LI><a href="#[94]">&gt;&gt;</a>&nbsp;&nbsp;&nbsp;WTIMER0A_Handler
</UL>
<BR>[Called By]<UL><LI><a href="#[94]">&gt;&gt;</a>&nbsp;&nbsp;&nbsp;WTIMER0A_Handler
</UL>

<P><STRONG><a name="[95]"></a>WTIMER0B_Handler</STRONG> (Thumb, 2 bytes, Stack size 0 bytes, startup_tm4c129.o(.text), UNUSED)
<BR><BR>[Calls]<UL><LI><a href="#[95]">&gt;&gt;</a>&nbsp;&nbsp;&nbsp;WTIMER0B_Handler
</UL>
<BR>[Called By]<UL><LI><a href="#[95]">&gt;&gt;</a>&nbsp;&nbsp;&nbsp;WTIMER0B_Handler
</UL>

<P><STRONG><a name="[96]"></a>WTIMER1A_Handler</STRONG> (Thumb, 2 bytes, Stack size 0 bytes, startup_tm4c129.o(.text), UNUSED)
<BR><BR>[Calls]<UL><LI><a href="#[96]">&gt;&gt;</a>&nbsp;&nbsp;&nbsp;WTIMER1A_Handler
</UL>
<BR>[Called By]<UL><LI><a href="#[96]">&gt;&gt;</a>&nbsp;&nbsp;&nbsp;WTIMER1A_Handler
</UL>

<P><STRONG><a name="[97]"></a>WTIMER1B_Handler</STRONG> (Thumb, 2 bytes, Stack size 0 bytes, startup_tm4c129.o(.text), UNUSED)
<BR><BR>[Calls]<UL><LI><a href="#[97]">&gt;&gt;</a>&nbsp;&nbsp;&nbsp;WTIMER1B_Handler
</UL>
<BR>[Called By]<UL><LI><a href="#[97]">&gt;&gt;</a>&nbsp;&nbsp;&nbsp;WTIMER1B_Handler
</UL>

<P><STRONG><a name="[98]"></a>WTIMER2A_Handler</STRONG> (Thumb, 2 bytes, Stack size 0 bytes, startup_tm4c129.o(.text), UNUSED)
<BR><BR>[Calls]<UL><LI><a href="#[98]">&gt;&gt;</a>&nbsp;&nbsp;&nbsp;WTIMER2A_Handler
</UL>
<BR>[Called By]<UL><LI><a href="#[98]">&gt;&gt;</a>&nbsp;&nbsp;&nbsp;WTIMER2A_Handler
</UL>

<P><STRONG><a name="[99]"></a>WTIMER2B_Handler</STRONG> (Thumb, 2 bytes, Stack size 0 bytes, startup_tm4c129.o(.text), UNUSED)
<BR><BR>[Calls]<UL><LI><a href="#[99]">&gt;&gt;</a>&nbsp;&nbsp;&nbsp;WTIMER2B_Handler
</UL>
<BR>[Called By]<UL><LI><a href="#[99]">&gt;&gt;</a>&nbsp;&nbsp;&nbsp;WTIMER2B_Handler
</UL>

<P><STRONG><a name="[9a]"></a>WTIMER3A_Handler</STRONG> (Thumb, 2 bytes, Stack size 0 bytes, startup_tm4c129.o(.text), UNUSED)
<BR><BR>[Calls]<UL><LI><a href="#[9a]">&gt;&gt;</a>&nbsp;&nbsp;&nbsp;WTIMER3A_Handler
</UL>
<BR>[Called By]<UL><LI><a href="#[9a]">&gt;&gt;</a>&nbsp;&nbsp;&nbsp;WTIMER3A_Handler
</UL>

<P><STRONG><a name="[9b]"></a>WTIMER3B_Handler</STRONG> (Thumb, 2 bytes, Stack size 0 bytes, startup_tm4c129.o(.text), UNUSED)
<BR><BR>[Calls]<UL><LI><a href="#[9b]">&gt;&gt;</a>&nbsp;&nbsp;&nbsp;WTIMER3B_Handler
</UL>
<BR>[Called By]<UL><LI><a href="#[9b]">&gt;&gt;</a>&nbsp;&nbsp;&nbsp;WTIMER3B_Handler
</UL>

<P><STRONG><a name="[9c]"></a>WTIMER4A_Handler</STRONG> (Thumb, 2 bytes, Stack size 0 bytes, startup_tm4c129.o(.text), UNUSED)
<BR><BR>[Calls]<UL><LI><a href="#[9c]">&gt;&gt;</a>&nbsp;&nbsp;&nbsp;WTIMER4A_Handler
</UL>
<BR>[Called By]<UL><LI><a href="#[9c]">&gt;&gt;</a>&nbsp;&nbsp;&nbsp;WTIMER4A_Handler
</UL>

<P><STRONG><a name="[9d]"></a>WTIMER4B_Handler</STRONG> (Thumb, 2 bytes, Stack size 0 bytes, startup_tm4c129.o(.text), UNUSED)
<BR><BR>[Calls]<UL><LI><a href="#[9d]">&gt;&gt;</a>&nbsp;&nbsp;&nbsp;WTIMER4B_Handler
</UL>
<BR>[Called By]<UL><LI><a href="#[9d]">&gt;&gt;</a>&nbsp;&nbsp;&nbsp;WTIMER4B_Handler
</UL>

<P><STRONG><a name="[9e]"></a>WTIMER5A_Handler</STRONG> (Thumb, 2 bytes, Stack size 0 bytes, startup_tm4c129.o(.text), UNUSED)
<BR><BR>[Calls]<UL><LI><a href="#[9e]">&gt;&gt;</a>&nbsp;&nbsp;&nbsp;WTIMER5A_Handler
</UL>
<BR>[Called By]<UL><LI><a href="#[9e]">&gt;&gt;</a>&nbsp;&nbsp;&nbsp;WTIMER5A_Handler
</UL>

<P><STRONG><a name="[9f]"></a>WTIMER5B_Handler</STRONG> (Thumb, 2 bytes, Stack size 0 bytes, startup_tm4c129.o(.text), UNUSED)
<BR><BR>[Calls]<UL><LI><a href="#[9f]">&gt;&gt;</a>&nbsp;&nbsp;&nbsp;WTIMER5B_Handler
</UL>
<BR>[Called By]<UL><LI><a href="#[9f]">&gt;&gt;</a>&nbsp;&nbsp;&nbsp;WTIMER5B_Handler
</UL>

<P><STRONG><a name="[54]"></a>FPU_Handler</STRONG> (Thumb, 2 bytes, Stack size 0 bytes, startup_tm4c129.o(.text))
<BR><BR>[Calls]<UL><LI><a href="#[54]">&gt;&gt;</a>&nbsp;&nbsp;&nbsp;FPU_Handler
</UL>
<BR>[Called By]<UL><LI><a href="#[54]">&gt;&gt;</a>&nbsp;&nbsp;&nbsp;FPU_Handler
</UL>
<BR>[Address Reference Count : 1]<UL><LI> startup_tm4c129.o(RESET)
</UL>
<P><STRONG><a name="[55]"></a>I2C4_Handler</STRONG> (Thumb, 2 bytes, Stack size 0 bytes, startup_tm4c129.o(.text))
<BR><BR>[Calls]<UL><LI><a href="#[55]">&gt;&gt;</a>&nbsp;&nbsp;&nbsp;I2C4_Handler
</UL>
<BR>[Called By]<UL><LI><a href="#[55]">&gt;&gt;</a>&nbsp;&nbsp;&nbsp;I2C4_Handler
</UL>
<BR>[Address Reference Count : 1]<UL><LI> startup_tm4c129.o(RESET)
</UL>
<P><STRONG><a name="[56]"></a>I2C5_Handler</STRONG> (Thumb, 2 bytes, Stack size 0 bytes, startup_tm4c129.o(.text))
<BR><BR>[Calls]<UL><LI><a href="#[56]">&gt;&gt;</a>&nbsp;&nbsp;&nbsp;I2C5_Handler
</UL>
<BR>[Called By]<UL><LI><a href="#[56]">&gt;&gt;</a>&nbsp;&nbsp;&nbsp;I2C5_Handler
</UL>
<BR>[Address Reference Count : 1]<UL><LI> startup_tm4c129.o(RESET)
</UL>
<P><STRONG><a name="[57]"></a>GPIOM_Handler</STRONG> (Thumb, 2 bytes, Stack size 0 bytes, startup_tm4c129.o(.text))
<BR><BR>[Calls]<UL><LI><a href="#[57]">&gt;&gt;</a>&nbsp;&nbsp;&nbsp;GPIOM_Handler
</UL>
<BR>[Called By]<UL><LI><a href="#[57]">&gt;&gt;</a>&nbsp;&nbsp;&nbsp;GPIOM_Handler
</UL>
<BR>[Address Reference Count : 1]<UL><LI> startup_tm4c129.o(RESET)
</UL>
<P><STRONG><a name="[58]"></a>GPION_Handler</STRONG> (Thumb, 2 bytes, Stack size 0 bytes, startup_tm4c129.o(.text))
<BR><BR>[Calls]<UL><LI><a href="#[58]">&gt;&gt;</a>&nbsp;&nbsp;&nbsp;GPION_Handler
</UL>
<BR>[Called By]<UL><LI><a href="#[58]">&gt;&gt;</a>&nbsp;&nbsp;&nbsp;GPION_Handler
</UL>
<BR>[Address Reference Count : 1]<UL><LI> startup_tm4c129.o(RESET)
</UL>
<P><STRONG><a name="[59]"></a>TAMPER_Handler</STRONG> (Thumb, 2 bytes, Stack size 0 bytes, startup_tm4c129.o(.text))
<BR><BR>[Calls]<UL><LI><a href="#[59]">&gt;&gt;</a>&nbsp;&nbsp;&nbsp;TAMPER_Handler
</UL>
<BR>[Called By]<UL><LI><a href="#[59]">&gt;&gt;</a>&nbsp;&nbsp;&nbsp;TAMPER_Handler
</UL>
<BR>[Address Reference Count : 1]<UL><LI> startup_tm4c129.o(RESET)
</UL>
<P><STRONG><a name="[5a]"></a>GPIOP0_Handler</STRONG> (Thumb, 2 bytes, Stack size 0 bytes, startup_tm4c129.o(.text))
<BR><BR>[Calls]<UL><LI><a href="#[5a]">&gt;&gt;</a>&nbsp;&nbsp;&nbsp;GPIOP0_Handler
</UL>
<BR>[Called By]<UL><LI><a href="#[5a]">&gt;&gt;</a>&nbsp;&nbsp;&nbsp;GPIOP0_Handler
</UL>
<BR>[Address Reference Count : 1]<UL><LI> startup_tm4c129.o(RESET)
</UL>
<P><STRONG><a name="[5b]"></a>GPIOP1_Handler</STRONG> (Thumb, 2 bytes, Stack size 0 bytes, startup_tm4c129.o(.text))
<BR><BR>[Calls]<UL><LI><a href="#[5b]">&gt;&gt;</a>&nbsp;&nbsp;&nbsp;GPIOP1_Handler
</UL>
<BR>[Called By]<UL><LI><a href="#[5b]">&gt;&gt;</a>&nbsp;&nbsp;&nbsp;GPIOP1_Handler
</UL>
<BR>[Address Reference Count : 1]<UL><LI> startup_tm4c129.o(RESET)
</UL>
<P><STRONG><a name="[5c]"></a>GPIOP2_Handler</STRONG> (Thumb, 2 bytes, Stack size 0 bytes, startup_tm4c129.o(.text))
<BR><BR>[Calls]<UL><LI><a href="#[5c]">&gt;&gt;</a>&nbsp;&nbsp;&nbsp;GPIOP2_Handler
</UL>
<BR>[Called By]<UL><LI><a href="#[5c]">&gt;&gt;</a>&nbsp;&nbsp;&nbsp;GPIOP2_Handler
</UL>
<BR>[Address Reference Count : 1]<UL><LI> startup_tm4c129.o(RESET)
</UL>
<P><STRONG><a name="[5d]"></a>GPIOP3_Handler</STRONG> (Thumb, 2 bytes, Stack size 0 bytes, startup_tm4c129.o(.text))
<BR><BR>[Calls]<UL><LI><a href="#[5d]">&gt;&gt;</a>&nbsp;&nbsp;&nbsp;GPIOP3_Handler
</UL>
<BR>[Called By]<UL><LI><a href="#[5d]">&gt;&gt;</a>&nbsp;&nbsp;&nbsp;GPIOP3_Handler
</UL>
<BR>[Address Reference Count : 1]<UL><LI> startup_tm4c129.o(RESET)
</UL>
<P><STRONG><a name="[5e]"></a>GPIOP4_Handler</STRONG> (Thumb, 2 bytes, Stack size 0 bytes, startup_tm4c129.o(.text))
<BR><BR>[Calls]<UL><LI><a href="#[5e]">&gt;&gt;</a>&nbsp;&nbsp;&nbsp;GPIOP4_Handler
</UL>
<BR>[Called By]<UL><LI><a href="#[5e]">&gt;&gt;</a>&nbsp;&nbsp;&nbsp;GPIOP4_Handler
</UL>
<BR>[Address Reference Count : 1]<UL><LI> startup_tm4c129.o(RESET)
</UL>
<P><STRONG><a name="[5f]"></a>GPIOP5_Handler</STRONG> (Thumb, 2 bytes, Stack size 0 bytes, startup_tm4c129.o(.text))
<BR><BR>[Calls]<UL><LI><a href="#[5f]">&gt;&gt;</a>&nbsp;&nbsp;&nbsp;GPIOP5_Handler
</UL>
<BR>[Called By]<UL><LI><a href="#[5f]">&gt;&gt;</a>&nbsp;&nbsp;&nbsp;GPIOP5_Handler
</UL>
<BR>[Address Reference Count : 1]<UL><LI> startup_tm4c129.o(RESET)
</UL>
<P><STRONG><a name="[60]"></a>GPIOP6_Handler</STRONG> (Thumb, 2 bytes, Stack size 0 bytes, startup_tm4c129.o(.text))
<BR><BR>[Calls]<UL><LI><a href="#[60]">&gt;&gt;</a>&nbsp;&nbsp;&nbsp;GPIOP6_Handler
</UL>
<BR>[Called By]<UL><LI><a href="#[60]">&gt;&gt;</a>&nbsp;&nbsp;&nbsp;GPIOP6_Handler
</UL>
<BR>[Address Reference Count : 1]<UL><LI> startup_tm4c129.o(RESET)
</UL>
<P><STRONG><a name="[61]"></a>GPIOP7_Handler</STRONG> (Thumb, 2 bytes, Stack size 0 bytes, startup_tm4c129.o(.text))
<BR><BR>[Calls]<UL><LI><a href="#[61]">&gt;&gt;</a>&nbsp;&nbsp;&nbsp;GPIOP7_Handler
</UL>
<BR>[Called By]<UL><LI><a href="#[61]">&gt;&gt;</a>&nbsp;&nbsp;&nbsp;GPIOP7_Handler
</UL>
<BR>[Address Reference Count : 1]<UL><LI> startup_tm4c129.o(RESET)
</UL>
<P><STRONG><a name="[62]"></a>GPIOQ0_Handler</STRONG> (Thumb, 2 bytes, Stack size 0 bytes, startup_tm4c129.o(.text))
<BR><BR>[Calls]<UL><LI><a href="#[62]">&gt;&gt;</a>&nbsp;&nbsp;&nbsp;GPIOQ0_Handler
</UL>
<BR>[Called By]<UL><LI><a href="#[62]">&gt;&gt;</a>&nbsp;&nbsp;&nbsp;GPIOQ0_Handler
</UL>
<BR>[Address Reference Count : 1]<UL><LI> startup_tm4c129.o(RESET)
</UL>
<P><STRONG><a name="[63]"></a>GPIOQ1_Handler</STRONG> (Thumb, 2 bytes, Stack size 0 bytes, startup_tm4c129.o(.text))
<BR><BR>[Calls]<UL><LI><a href="#[63]">&gt;&gt;</a>&nbsp;&nbsp;&nbsp;GPIOQ1_Handler
</UL>
<BR>[Called By]<UL><LI><a href="#[63]">&gt;&gt;</a>&nbsp;&nbsp;&nbsp;GPIOQ1_Handler
</UL>
<BR>[Address Reference Count : 1]<UL><LI> startup_tm4c129.o(RESET)
</UL>
<P><STRONG><a name="[64]"></a>GPIOQ2_Handler</STRONG> (Thumb, 2 bytes, Stack size 0 bytes, startup_tm4c129.o(.text))
<BR><BR>[Calls]<UL><LI><a href="#[64]">&gt;&gt;</a>&nbsp;&nbsp;&nbsp;GPIOQ2_Handler
</UL>
<BR>[Called By]<UL><LI><a href="#[64]">&gt;&gt;</a>&nbsp;&nbsp;&nbsp;GPIOQ2_Handler
</UL>
<BR>[Address Reference Count : 1]<UL><LI> startup_tm4c129.o(RESET)
</UL>
<P><STRONG><a name="[65]"></a>GPIOQ3_Handler</STRONG> (Thumb, 2 bytes, Stack size 0 bytes, startup_tm4c129.o(.text))
<BR><BR>[Calls]<UL><LI><a href="#[65]">&gt;&gt;</a>&nbsp;&nbsp;&nbsp;GPIOQ3_Handler
</UL>
<BR>[Called By]<UL><LI><a href="#[65]">&gt;&gt;</a>&nbsp;&nbsp;&nbsp;GPIOQ3_Handler
</UL>
<BR>[Address Reference Count : 1]<UL><LI> startup_tm4c129.o(RESET)
</UL>
<P><STRONG><a name="[66]"></a>GPIOQ4_Handler</STRONG> (Thumb, 2 bytes, Stack size 0 bytes, startup_tm4c129.o(.text))
<BR><BR>[Calls]<UL><LI><a href="#[66]">&gt;&gt;</a>&nbsp;&nbsp;&nbsp;GPIOQ4_Handler
</UL>
<BR>[Called By]<UL><LI><a href="#[66]">&gt;&gt;</a>&nbsp;&nbsp;&nbsp;GPIOQ4_Handler
</UL>
<BR>[Address Reference Count : 1]<UL><LI> startup_tm4c129.o(RESET)
</UL>
<P><STRONG><a name="[67]"></a>GPIOQ5_Handler</STRONG> (Thumb, 2 bytes, Stack size 0 bytes, startup_tm4c129.o(.text))
<BR><BR>[Calls]<UL><LI><a href="#[67]">&gt;&gt;</a>&nbsp;&nbsp;&nbsp;GPIOQ5_Handler
</UL>
<BR>[Called By]<UL><LI><a href="#[67]">&gt;&gt;</a>&nbsp;&nbsp;&nbsp;GPIOQ5_Handler
</UL>
<BR>[Address Reference Count : 1]<UL><LI> startup_tm4c129.o(RESET)
</UL>
<P><STRONG><a name="[68]"></a>GPIOQ6_Handler</STRONG> (Thumb, 2 bytes, Stack size 0 bytes, startup_tm4c129.o(.text))
<BR><BR>[Calls]<UL><LI><a href="#[68]">&gt;&gt;</a>&nbsp;&nbsp;&nbsp;GPIOQ6_Handler
</UL>
<BR>[Called By]<UL><LI><a href="#[68]">&gt;&gt;</a>&nbsp;&nbsp;&nbsp;GPIOQ6_Handler
</UL>
<BR>[Address Reference Count : 1]<UL><LI> startup_tm4c129.o(RESET)
</UL>
<P><STRONG><a name="[69]"></a>GPIOQ7_Handler</STRONG> (Thumb, 2 bytes, Stack size 0 bytes, startup_tm4c129.o(.text))
<BR><BR>[Calls]<UL><LI><a href="#[69]">&gt;&gt;</a>&nbsp;&nbsp;&nbsp;GPIOQ7_Handler
</UL>
<BR>[Called By]<UL><LI><a href="#[69]">&gt;&gt;</a>&nbsp;&nbsp;&nbsp;GPIOQ7_Handler
</UL>
<BR>[Address Reference Count : 1]<UL><LI> startup_tm4c129.o(RESET)
</UL>
<P><STRONG><a name="[6a]"></a>GPIOR_Handler</STRONG> (Thumb, 2 bytes, Stack size 0 bytes, startup_tm4c129.o(.text))
<BR><BR>[Calls]<UL><LI><a href="#[6a]">&gt;&gt;</a>&nbsp;&nbsp;&nbsp;GPIOR_Handler
</UL>
<BR>[Called By]<UL><LI><a href="#[6a]">&gt;&gt;</a>&nbsp;&nbsp;&nbsp;GPIOR_Handler
</UL>
<BR>[Address Reference Count : 1]<UL><LI> startup_tm4c129.o(RESET)
</UL>
<P><STRONG><a name="[6b]"></a>GPIOS_Handler</STRONG> (Thumb, 2 bytes, Stack size 0 bytes, startup_tm4c129.o(.text))
<BR><BR>[Calls]<UL><LI><a href="#[6b]">&gt;&gt;</a>&nbsp;&nbsp;&nbsp;GPIOS_Handler
</UL>
<BR>[Called By]<UL><LI><a href="#[6b]">&gt;&gt;</a>&nbsp;&nbsp;&nbsp;GPIOS_Handler
</UL>
<BR>[Address Reference Count : 1]<UL><LI> startup_tm4c129.o(RESET)
</UL>
<P><STRONG><a name="[6c]"></a>SHAMD5_Handler</STRONG> (Thumb, 2 bytes, Stack size 0 bytes, startup_tm4c129.o(.text))
<BR><BR>[Calls]<UL><LI><a href="#[6c]">&gt;&gt;</a>&nbsp;&nbsp;&nbsp;SHAMD5_Handler
</UL>
<BR>[Called By]<UL><LI><a href="#[6c]">&gt;&gt;</a>&nbsp;&nbsp;&nbsp;SHAMD5_Handler
</UL>
<BR>[Address Reference Count : 1]<UL><LI> startup_tm4c129.o(RESET)
</UL>
<P><STRONG><a name="[6d]"></a>AES_Handler</STRONG> (Thumb, 2 bytes, Stack size 0 bytes, startup_tm4c129.o(.text))
<BR><BR>[Calls]<UL><LI><a href="#[6d]">&gt;&gt;</a>&nbsp;&nbsp;&nbsp;AES_Handler
</UL>
<BR>[Called By]<UL><LI><a href="#[6d]">&gt;&gt;</a>&nbsp;&nbsp;&nbsp;AES_Handler
</UL>
<BR>[Address Reference Count : 1]<UL><LI> startup_tm4c129.o(RESET)
</UL>
<P><STRONG><a name="[6e]"></a>DES3DES_Handler</STRONG> (Thumb, 2 bytes, Stack size 0 bytes, startup_tm4c129.o(.text))
<BR><BR>[Calls]<UL><LI><a href="#[6e]">&gt;&gt;</a>&nbsp;&nbsp;&nbsp;DES3DES_Handler
</UL>
<BR>[Called By]<UL><LI><a href="#[6e]">&gt;&gt;</a>&nbsp;&nbsp;&nbsp;DES3DES_Handler
</UL>
<BR>[Address Reference Count : 1]<UL><LI> startup_tm4c129.o(RESET)
</UL>
<P><STRONG><a name="[6f]"></a>LCDCONTROLLER_Handler</STRONG> (Thumb, 2 bytes, Stack size 0 bytes, startup_tm4c129.o(.text))
[...]
<LI><a href="#[af]">&gt;&gt;</a>&nbsp;&nbsp;&nbsp;GPIOPinTypeGPIOInput
</UL>

<P><STRONG><a name="[b1]"></a>GPIOPadConfigSet</STRONG> (Thumb, 312 bytes, Stack size 24 bytes, gpio.o(i.GPIOPadConfigSet))
<BR><BR>[Stack]<UL><LI>Max Depth = 24<LI>Call Chain = GPIOPadConfigSet
</UL>
<BR>[Called By]<UL><LI><a href="#[b5]">&gt;&gt;</a>&nbsp;&nbsp;&nbsp;GPIOPinTypeUART
<LI><a href="#[b4]">&gt;&gt;</a>&nbsp;&nbsp;&nbsp;GPIOPinTypeI2CSCL
<LI><a href="#[b3]">&gt;&gt;</a>&nbsp;&nbsp;&nbsp;GPIOPinTypeI2C
<LI><a href="#[b2]">&gt;&gt;</a>&nbsp;&nbsp;&nbsp;GPIOPinTypeGPIOOutput
<LI><a href="#[af]">&gt;&gt;</a>&nbsp;&nbsp;&nbsp;GPIOPinTypeGPIOInput
<LI><a href="#[c1]">&gt;&gt;</a>&nbsp;&nbsp;&nbsp;S800_GPIO_Init
</UL>

<P><STRONG><a name="[d0]"></a>GPIOPinConfigure</STRONG> (Thumb, 60 bytes, Stack size 0 bytes, gpio.o(i.GPIOPinConfigure))
<BR><BR>[Called By]<UL><LI><a href="#[c3]">&gt;&gt;</a>&nbsp;&nbsp;&nbsp;S800_UART_Init
<LI><a href="#[c2]">&gt;&gt;</a>&nbsp;&nbsp;&nbsp;S800_I2C0_Init
</UL>

<P><STRONG><a name="[d7]"></a>GPIOPinRead</STRONG> (Thumb, 6 bytes, Stack size 0 bytes, gpio.o(i.GPIOPinRead))
<BR><BR>[Called By]<UL><LI><a href="#[16]">&gt;&gt;</a>&nbsp;&nbsp;&nbsp;UART0_Handler
<LI><a href="#[10]">&gt;&gt;</a>&nbsp;&nbsp;&nbsp;SysTick_Handler
</UL>

<P><STRONG><a name="[af]"></a>GPIOPinTypeGPIOInput</STRONG> (Thumb, 28 bytes, Stack size 12 bytes, gpio.o(i.GPIOPinTypeGPIOInput))
<BR><BR>[Stack]<UL><LI>Max Depth = 36<LI>Call Chain = GPIOPinTypeGPIOInput &rArr; GPIOPadConfigSet
</UL>
<BR>[Calls]<UL><LI><a href="#[b0]">&gt;&gt;</a>&nbsp;&nbsp;&nbsp;GPIODirModeSet
<LI><a href="#[b1]">&gt;&gt;</a>&nbsp;&nbsp;&nbsp;GPIOPadConfigSet
</UL>
<BR>[Called By]<UL><LI><a href="#[c1]">&gt;&gt;</a>&nbsp;&nbsp;&nbsp;S800_GPIO_Init
</UL>

<P><STRONG><a name="[b2]"></a>GPIOPinTypeGPIOOutput</STRONG> (Thumb, 28 bytes, Stack size 12 bytes, gpio.o(i.GPIOPinTypeGPIOOutput))
<BR><BR>[Stack]<UL><LI>Max Depth = 36<LI>Call Chain = GPIOPinTypeGPIOOutput &rArr; GPIOPadConfigSet
</UL>
<BR>[Calls]<UL><LI><a href="#[b0]">&gt;&gt;</a>&nbsp;&nbsp;&nbsp;GPIODirModeSet
<LI><a href="#[b1]">&gt;&gt;</a>&nbsp;&nbsp;&nbsp;GPIOPadConfigSet
</UL>
<BR>[Called By]<UL><LI><a href="#[c1]">&gt;&gt;</a>&nbsp;&nbsp;&nbsp;S800_GPIO_Init
</UL>

<P><STRONG><a name="[b3]"></a>GPIOPinTypeI2C</STRONG> (Thumb, 28 bytes, Stack size 12 bytes, gpio.o(i.GPIOPinTypeI2C))
<BR><BR>[Stack]<UL><LI>Max Depth = 36<LI>Call Chain = GPIOPinTypeI2C &rArr; GPIOPadConfigSet
</UL>
<BR>[Calls]<UL><LI><a href="#[b0]">&gt;&gt;</a>&nbsp;&nbsp;&nbsp;GPIODirModeSet
<LI><a href="#[b1]">&gt;&gt;</a>&nbsp;&nbsp;&nbsp;GPIOPadConfigSet
</UL>
<BR>[Called By]<UL><LI><a href="#[c2]">&gt;&gt;</a>&nbsp;&nbsp;&nbsp;S800_I2C0_Init
</UL>

<P><STRONG><a name="[b4]"></a>GPIOPinTypeI2CSCL</STRONG> (Thumb, 28 bytes, Stack size 12 bytes, gpio.o(i.GPIOPinTypeI2CSCL))
<BR><BR>[Stack]<UL><LI>Max Depth = 36<LI>Call Chain = GPIOPinTypeI2CSCL &rArr; GPIOPadConfigSet
</UL>
<BR>[Calls]<UL><LI><a href="#[b0]">&gt;&gt;</a>&nbsp;&nbsp;&nbsp;GPIODirModeSet
<LI><a href="#[b1]">&gt;&gt;</a>&nbsp;&nbsp;&nbsp;GPIOPadConfigSet
</UL>
<BR>[Called By]<UL><LI><a href="#[c2]">&gt;&gt;</a>&nbsp;&nbsp;&nbsp;S800_I2C0_Init
</UL>

<P><STRONG><a name="[b5]"></a>GPIOPinTypeUART</STRONG> (Thumb, 28 bytes, Stack size 12 bytes, gpio.o(i.GPIOPinTypeUART))
<BR><BR>[Stack]<UL><LI>Max Depth = 36<LI>Call Chain = GPIOPinTypeUART &rArr; GPIOPadConfigSet
</UL>
<BR>[Calls]<UL><LI><a href="#[b0]">&gt;&gt;</a>&nbsp;&nbsp;&nbsp;GPIODirModeSet
<LI><a href="#[b1]">&gt;&gt;</a>&nbsp;&nbsp;&nbsp;GPIOPadConfigSet
</UL>
<BR>[Called By]<UL><LI><a href="#[c3]">&gt;&gt;</a>&nbsp;&nbsp;&nbsp;S800_UART_Init
</UL>

<P><STRONG><a name="[d6]"></a>GPIOPinWrite</STRONG> (Thumb, 6 bytes, Stack size 0 bytes, gpio.o(i.GPIOPinWrite))
<BR><BR>[Called By]<UL><LI><a href="#[16]">&gt;&gt;</a>&nbsp;&nbsp;&nbsp;UART0_Handler
<LI><a href="#[10]">&gt;&gt;</a>&nbsp;&nbsp;&nbsp;SysTick_Handler
</UL>

<P><STRONG><a name="[b6]"></a>I2C0_WriteByte</STRONG> (Thumb, 110 bytes, Stack size 24 bytes, initialize.o(i.I2C0_WriteByte))
<BR><BR>[Stack]<UL><LI>Max Depth = 24<LI>Call Chain = I2C0_WriteByte
</UL>
<BR>[Calls]<UL><LI><a href="#[b8]">&gt;&gt;</a>&nbsp;&nbsp;&nbsp;I2CMasterSlaveAddrSet
<LI><a href="#[bb]">&gt;&gt;</a>&nbsp;&nbsp;&nbsp;I2CMasterErr
<LI><a href="#[b9]">&gt;&gt;</a>&nbsp;&nbsp;&nbsp;I2CMasterDataPut
<LI><a href="#[ba]">&gt;&gt;</a>&nbsp;&nbsp;&nbsp;I2CMasterControl
<LI><a href="#[b7]">&gt;&gt;</a>&nbsp;&nbsp;&nbsp;I2CMasterBusy
</UL>
<BR>[Called By]<UL><LI><a href="#[c2]">&gt;&gt;</a>&nbsp;&nbsp;&nbsp;S800_I2C0_Init
</UL>

<P><STRONG><a name="[b7]"></a>I2CMasterBusy</STRONG> (Thumb, 12 bytes, Stack size 0 bytes, i2c.o(i.I2CMasterBusy))
<BR><BR>[Called By]<UL><LI><a href="#[b6]">&gt;&gt;</a>&nbsp;&nbsp;&nbsp;I2C0_WriteByte
</UL>

<P><STRONG><a name="[ba]"></a>I2CMasterControl</STRONG> (Thumb, 4 bytes, Stack size 0 bytes, i2c.o(i.I2CMasterControl))
<BR><BR>[Called By]<UL><LI><a href="#[b6]">&gt;&gt;</a>&nbsp;&nbsp;&nbsp;I2C0_WriteByte
</UL>

<P><STRONG><a name="[b9]"></a>I2CMasterDataPut</STRONG> (Thumb, 4 bytes, Stack size 0 bytes, i2c.o(i.I2CMasterDataPut))
<BR><BR>[Called By]<UL><LI><a href="#[b6]">&gt;&gt;</a>&nbsp;&nbsp;&nbsp;I2C0_WriteByte
</UL>

<P><STRONG><a name="[d2]"></a>I2CMasterEnable</STRONG> (Thumb, 10 bytes, Stack size 0 bytes, i2c.o(i.I2CMasterEnable))
<BR><BR>[Called By]<UL><LI><a href="#[c2]">&gt;&gt;</a>&nbsp;&nbsp;&nbsp;S800_I2C0_Init
</UL>

<P><STRONG><a name="[bb]"></a>I2CMasterErr</STRONG> (Thumb, 24 bytes, Stack size 0 bytes, i2c.o(i.I2CMasterErr))
<BR><BR>[Called By]<UL><LI><a href="#[b6]">&gt;&gt;</a>&nbsp;&nbsp;&nbsp;I2C0_WriteByte
</UL>

<P><STRONG><a name="[d1]"></a>I2CMasterInitExpClk</STRONG> (Thumb, 72 bytes, Stack size 0 bytes, i2c.o(i.I2CMasterInitExpClk))
<BR><BR>[Called By]<UL><LI><a href="#[c2]">&gt;&gt;</a>&nbsp;&nbsp;&nbsp;S800_I2C0_Init
</UL>

<P><STRONG><a name="[b8]"></a>I2CMasterSlaveAddrSet</STRONG> (Thumb, 8 bytes, Stack size 0 bytes, i2c.o(i.I2CMasterSlaveAddrSet))
<BR><BR>[Called By]<UL><LI><a href="#[b6]">&gt;&gt;</a>&nbsp;&nbsp;&nbsp;I2C0_WriteByte
</UL>

<P><STRONG><a name="[bc]"></a>IO_initialize</STRONG> (Thumb, 130 bytes, Stack size 8 bytes, initialize.o(i.IO_initialize))
<BR><BR>[Stack]<UL><LI>Max Depth = 52<LI>Call Chain = IO_initialize &rArr; S800_UART_Init &rArr; GPIOPinTypeUART &rArr; GPIOPadConfigSet
</UL>
<BR>[Calls]<UL><LI><a href="#[c5]">&gt;&gt;</a>&nbsp;&nbsp;&nbsp;UARTIntEnable
<LI><a href="#[be]">&gt;&gt;</a>&nbsp;&nbsp;&nbsp;SysTickPeriodSet
<LI><a href="#[c0]">&gt;&gt;</a>&nbsp;&nbsp;&nbsp;SysTickIntEnable
<LI><a href="#[bf]">&gt;&gt;</a>&nbsp;&nbsp;&nbsp;SysTickEnable
<LI><a href="#[bd]">&gt;&gt;</a>&nbsp;&nbsp;&nbsp;SysCtlClockFreqSet
<LI><a href="#[c9]">&gt;&gt;</a>&nbsp;&nbsp;&nbsp;IntPrioritySet
<LI><a href="#[c7]">&gt;&gt;</a>&nbsp;&nbsp;&nbsp;IntPriorityMaskGet
<LI><a href="#[c8]">&gt;&gt;</a>&nbsp;&nbsp;&nbsp;IntPriorityGroupingSet
<LI><a href="#[ca]">&gt;&gt;</a>&nbsp;&nbsp;&nbsp;IntPriorityGroupingGet
<LI><a href="#[cb]">&gt;&gt;</a>&nbsp;&nbsp;&nbsp;IntPriorityGet
<LI><a href="#[c6]">&gt;&gt;</a>&nbsp;&nbsp;&nbsp;IntMasterEnable
<LI><a href="#[c4]">&gt;&gt;</a>&nbsp;&nbsp;&nbsp;IntEnable
<LI><a href="#[c3]">&gt;&gt;</a>&nbsp;&nbsp;&nbsp;S800_UART_Init
<LI><a href="#[c2]">&gt;&gt;</a>&nbsp;&nbsp;&nbsp;S800_I2C0_Init
<LI><a href="#[c1]">&gt;&gt;</a>&nbsp;&nbsp;&nbsp;S800_GPIO_Init
</UL>
<BR>[Called By]<UL><LI><a href="#[8e]">&gt;&gt;</a>&nbsp;&nbsp;&nbsp;main
</UL>

<P><STRONG><a name="[c4]"></a>IntEnable</STRONG> (Thumb, 92 bytes, Stack size 0 bytes, interrupt.o(i.IntEnable))
<BR><BR>[Called By]<UL><LI><a href="#[bc]">&gt;&gt;</a>&nbsp;&nbsp;&nbsp;IO_initialize
</UL>

<P><STRONG><a name="[c6]"></a>IntMasterEnable</STRONG> (Thumb, 14 bytes, Stack size 8 bytes, interrupt.o(i.IntMasterEnable))
<BR><BR>[Stack]<UL><LI>Max Depth = 8<LI>Call Chain = IntMasterEnable
</UL>
<BR>[Calls]<UL><LI><a href="#[cc]">&gt;&gt;</a>&nbsp;&nbsp;&nbsp;CPUcpsie
</UL>
<BR>[Called By]<UL><LI><a href="#[bc]">&gt;&gt;</a>&nbsp;&nbsp;&nbsp;IO_initialize
</UL>

<P><STRONG><a name="[cb]"></a>IntPriorityGet</STRONG> (Thumb, 22 bytes, Stack size 0 bytes, interrupt.o(i.IntPriorityGet))
<BR><BR>[Called By]<UL><LI><a href="#[bc]">&gt;&gt;</a>&nbsp;&nbsp;&nbsp;IO_initialize
</UL>

<P><STRONG><a name="[ca]"></a>IntPriorityGroupingGet</STRONG> (Thumb, 28 bytes, Stack size 0 bytes, interrupt.o(i.IntPriorityGroupingGet))
<BR><BR>[Called By]<UL><LI><a href="#[bc]">&gt;&gt;</a>&nbsp;&nbsp;&nbsp;IO_initialize
</UL>

<P><STRONG><a name="[c8]"></a>IntPriorityGroupingSet</STRONG> (Thumb, 20 bytes, Stack size 0 bytes, interrupt.o(i.IntPriorityGroupingSet))
<BR><BR>[Called By]<UL><LI><a href="#[bc]">&gt;&gt;</a>&nbsp;&nbsp;&nbsp;IO_initialize
</UL>

<P><STRONG><a name="[c7]"></a>IntPriorityMaskGet</STRONG> (Thumb, 4 bytes, Stack size 0 bytes, interrupt.o(i.IntPriorityMaskGet))
<BR><BR>[Calls]<UL><LI><a href="#[cd]">&gt;&gt;</a>&nbsp;&nbsp;&nbsp;CPUbasepriGet
</UL>
<BR>[Called By]<UL><LI><a href="#[bc]">&gt;&gt;</a>&nbsp;&nbsp;&nbsp;IO_initialize
</UL>

<P><STRONG><a name="[c9]"></a>IntPrioritySet</STRONG> (Thumb, 36 bytes, Stack size 0 bytes, interrupt.o(i.IntPrioritySet))
<BR><BR>[Called By]<UL><LI><a href="#[bc]">&gt;&gt;</a>&nbsp;&nbsp;&nbsp;IO_initialize
</UL>

<P><STRONG><a name="[c1]"></a>S800_GPIO_Init</STRONG> (Thumb, 110 bytes, Stack size 8 bytes, initialize.o(i.S800_GPIO_Init))
<BR><BR>[Stack]<UL><LI>Max Depth = 44<LI>Call Chain = S800_GPIO_Init &rArr; GPIOPinTypeGPIOOutput &rArr; GPIOPadConfigSet
</UL>
<BR>[Calls]<UL><LI><a href="#[cf]">&gt;&gt;</a>&nbsp;&nbsp;&nbsp;SysCtlPeripheralReady
<LI><a href="#[ce]">&gt;&gt;</a>&nbsp;&nbsp;&nbsp;SysCtlPeripheralEnable
<LI><a href="#[b2]">&gt;&gt;</a>&nbsp;&nbsp;&nbsp;GPIOPinTypeGPIOOutput
<LI><a href="#[af]">&gt;&gt;</a>&nbsp;&nbsp;&nbsp;GPIOPinTypeGPIOInput
<LI><a href="#[b1]">&gt;&gt;</a>&nbsp;&nbsp;&nbsp;GPIOPadConfigSet
</UL>
<BR>[Called By]<UL><LI><a href="#[bc]">&gt;&gt;</a>&nbsp;&nbsp;&nbsp;IO_initialize
</UL>

<P><STRONG><a name="[c2]"></a>S800_I2C0_Init</STRONG> (Thumb, 122 bytes, Stack size 8 bytes, initialize.o(i.S800_I2C0_Init))
<BR><BR>[Stack]<UL><LI>Max Depth = 44<LI>Call Chain = S800_I2C0_Init &rArr; GPIOPinTypeI2CSCL &rArr; GPIOPadConfigSet
</UL>
<BR>[Calls]<UL><LI><a href="#[ce]">&gt;&gt;</a>&nbsp;&nbsp;&nbsp;SysCtlPeripheralEnable
<LI><a href="#[d1]">&gt;&gt;</a>&nbsp;&nbsp;&nbsp;I2CMasterInitExpClk
<LI><a href="#[d2]">&gt;&gt;</a>&nbsp;&nbsp;&nbsp;I2CMasterEnable
<LI><a href="#[b4]">&gt;&gt;</a>&nbsp;&nbsp;&nbsp;GPIOPinTypeI2CSCL
<LI><a href="#[b3]">&gt;&gt;</a>&nbsp;&nbsp;&nbsp;GPIOPinTypeI2C
<LI><a href="#[d0]">&gt;&gt;</a>&nbsp;&nbsp;&nbsp;GPIOPinConfigure
<LI><a href="#[b6]">&gt;&gt;</a>&nbsp;&nbsp;&nbsp;I2C0_WriteByte
</UL>
<BR>[Called By]<UL><LI><a href="#[bc]">&gt;&gt;</a>&nbsp;&nbsp;&nbsp;IO_initialize
</UL>

<P><STRONG><a name="[c3]"></a>S800_UART_Init</STRONG> (Thumb, 84 bytes, Stack size 8 bytes, initialize.o(i.S800_UART_Init))
<BR><BR>[Stack]<UL><LI>Max Depth = 44<LI>Call Chain = S800_UART_Init &rArr; GPIOPinTypeUART &rArr; GPIOPadConfigSet
</UL>
<BR>[Calls]<UL><LI><a href="#[d5]">&gt;&gt;</a>&nbsp;&nbsp;&nbsp;UARTFIFOLevelSet
<LI><a href="#[d3]">&gt;&gt;</a>&nbsp;&nbsp;&nbsp;UARTConfigSetExpClk
<LI><a href="#[cf]">&gt;&gt;</a>&nbsp;&nbsp;&nbsp;SysCtlPeripheralReady
<LI><a href="#[ce]">&gt;&gt;</a>&nbsp;&nbsp;&nbsp;SysCtlPeripheralEnable
<LI><a href="#[b5]">&gt;&gt;</a>&nbsp;&nbsp;&nbsp;GPIOPinTypeUART
<LI><a href="#[d0]">&gt;&gt;</a>&nbsp;&nbsp;&nbsp;GPIOPinConfigure
<LI><a href="#[d4]">&gt;&gt;</a>&nbsp;&nbsp;&nbsp;UARTStringPut
</UL>
<BR>[Called By]<UL><LI><a href="#[bc]">&gt;&gt;</a>&nbsp;&nbsp;&nbsp;IO_initialize
</UL>

<P><STRONG><a name="[bd]"></a>SysCtlClockFreqSet</STRONG> (Thumb, 706 bytes, Stack size 24 bytes, sysctl.o(i.SysCtlClockFreqSet))
<BR><BR>[Stack]<UL><LI>Max Depth = 24<LI>Call Chain = SysCtlClockFreqSet
</UL>
<BR>[Called By]<UL><LI><a href="#[bc]">&gt;&gt;</a>&nbsp;&nbsp;&nbsp;IO_initialize
</UL>

<P><STRONG><a name="[ce]"></a>SysCtlPeripheralEnable</STRONG> (Thumb, 36 bytes, Stack size 0 bytes, sysctl.o(i.SysCtlPeripheralEnable))
<BR><BR>[Called By]<UL><LI><a href="#[c3]">&gt;&gt;</a>&nbsp;&nbsp;&nbsp;S800_UART_Init
<LI><a href="#[c2]">&gt;&gt;</a>&nbsp;&nbsp;&nbsp;S800_I2C0_Init
<LI><a href="#[c1]">&gt;&gt;</a>&nbsp;&nbsp;&nbsp;S800_GPIO_Init
</UL>

<P><STRONG><a name="[cf]"></a>SysCtlPeripheralReady</STRONG> (Thumb, 40 bytes, Stack size 0 bytes, sysctl.o(i.SysCtlPeripheralReady))
<BR><BR>[Called By]<UL><LI><a href="#[c3]">&gt;&gt;</a>&nbsp;&nbsp;&nbsp;S800_UART_Init
<LI><a href="#[c1]">&gt;&gt;</a>&nbsp;&nbsp;&nbsp;S800_GPIO_Init
</UL>

<P><STRONG><a name="[bf]"></a>SysTickEnable</STRONG> (Thumb, 14 bytes, Stack size 0 bytes, systick.o(i.SysTickEnable))
<BR><BR>[Called By]<UL><LI><a href="#[bc]">&gt;&gt;</a>&nbsp;&nbsp;&nbsp;IO_initialize
</UL>

<P><STRONG><a name="[c0]"></a>SysTickIntEnable</STRONG> (Thumb, 14 bytes, Stack size 0 bytes, systick.o(i.SysTickIntEnable))
<BR><BR>[Called By]<UL><LI><a href="#[bc]">&gt;&gt;</a>&nbsp;&nbsp;&nbsp;IO_initialize
</UL>

<P><STRONG><a name="[be]"></a>SysTickPeriodSet</STRONG> (Thumb, 10 bytes, Stack size 0 bytes, systick.o(i.SysTickPeriodSet))
<BR><BR>[Called By]<UL><LI><a href="#[bc]">&gt;&gt;</a>&nbsp;&nbsp;&nbsp;IO_initialize
</UL>

<P><STRONG><a name="[10]"></a>SysTick_Handler</STRONG> (Thumb, 108 bytes, Stack size 8 bytes, main.o(i.SysTick_Handler))
<BR><BR>[Stack]<UL><LI>Max Depth = 8<LI>Call Chain = SysTick_Handler
</UL>
<BR>[Calls]<UL><LI><a href="#[d6]">&gt;&gt;</a>&nbsp;&nbsp;&nbsp;GPIOPinWrite
<LI><a href="#[d7]">&gt;&gt;</a>&nbsp;&nbsp;&nbsp;GPIOPinRead
</UL>
<BR>[Address Reference Count : 1]<UL><LI> startup_tm4c129.o(RESET)
</UL>
<P><STRONG><a name="[7e]"></a>SystemInit</STRONG> (Thumb, 20 bytes, Stack size 0 bytes, system_tm4c129.o(i.SystemInit))
<BR>[Address Reference Count : 1]<UL><LI> startup_tm4c129.o(.text)
</UL>
<P><STRONG><a name="[16]"></a>UART0_Handler</STRONG> (Thumb, 112 bytes, Stack size 80 bytes, main.o(i.UART0_Handler))
<BR><BR>[Stack]<UL><LI>Max Depth = 80<LI>Call Chain = UART0_Handler
</UL>
<BR>[Calls]<UL><LI><a href="#[d8]">&gt;&gt;</a>&nbsp;&nbsp;&nbsp;UARTIntStatus
<LI><a href="#[d9]">&gt;&gt;</a>&nbsp;&nbsp;&nbsp;UARTIntClear
<LI><a href="#[db]">&gt;&gt;</a>&nbsp;&nbsp;&nbsp;UARTCharsAvail
<LI><a href="#[da]">&gt;&gt;</a>&nbsp;&nbsp;&nbsp;UARTCharGetNonBlocking
<LI><a href="#[d6]">&gt;&gt;</a>&nbsp;&nbsp;&nbsp;GPIOPinWrite
<LI><a href="#[d7]">&gt;&gt;</a>&nbsp;&nbsp;&nbsp;GPIOPinRead
<LI><a href="#[dc]">&gt;&gt;</a>&nbsp;&nbsp;&nbsp;UART_response
</UL>
<BR>[Address Reference Count : 1]<UL><LI> startup_tm4c129.o(RESET)
</UL>
<P><STRONG><a name="[da]"></a>UARTCharGetNonBlocking</STRONG> (Thumb, 16 bytes, Stack size 0 bytes, uart.o(i.UARTCharGetNonBlocking))
<BR><BR>[Called By]<UL><LI><a href="#[16]">&gt;&gt;</a>&nbsp;&nbsp;&nbsp;UART0_Handler
</UL>

<P><STRONG><a name="[dd]"></a>UARTCharPut</STRONG> (Thumb, 12 bytes, Stack size 0 bytes, uart.o(i.UARTCharPut))
<BR><BR>[Calls]<UL><LI><a href="#[dd]">&gt;&gt;</a>&nbsp;&nbsp;&nbsp;UARTCharPut
</UL>
<BR>[Called By]<UL><LI><a href="#[dd]">&gt;&gt;</a>&nbsp;&nbsp;&nbsp;UARTCharPut
<LI><a href="#[d4]">&gt;&gt;</a>&nbsp;&nbsp;&nbsp;UARTStringPut
</UL>

<P><STRONG><a name="[db]"></a>UARTCharsAvail</STRONG> (Thumb, 10 bytes, Stack size 0 bytes, uart.o(i.UARTCharsAvail))
<BR><BR>[Called By]<UL><LI><a href="#[16]">&gt;&gt;</a>&nbsp;&nbsp;&nbsp;UART0_Handler
</UL>

<P><STRONG><a name="[d3]"></a>UARTConfigSetExpClk</STRONG> (Thumb, 110 bytes, Stack size 0 bytes, uart.o(i.UARTConfigSetExpClk))
<BR><BR>[Calls]<UL><LI><a href="#[d3]">&gt;&gt;</a>&nbsp;&nbsp;&nbsp;UARTConfigSetExpClk
</UL>
<BR>[Called By]<UL><LI><a href="#[d3]">&gt;&gt;</a>&nbsp;&nbsp;&nbsp;UARTConfigSetExpClk
<LI><a href="#[c3]">&gt;&gt;</a>&nbsp;&nbsp;&nbsp;S800_UART_Init
</UL>

<P><STRONG><a name="[d5]"></a>UARTFIFOLevelSet</STRONG> (Thumb, 6 bytes, Stack size 0 bytes, uart.o(i.UARTFIFOLevelSet))
<BR><BR>[Called By]<UL><LI><a href="#[c3]">&gt;&gt;</a>&nbsp;&nbsp;&nbsp;S800_UART_Init
</UL>

<P><STRONG><a name="[d9]"></a>UARTIntClear</STRONG> (Thumb, 4 bytes, Stack size 0 bytes, uart.o(i.UARTIntClear))
<BR><BR>[Called By]<UL><LI><a href="#[16]">&gt;&gt;</a>&nbsp;&nbsp;&nbsp;UART0_Handler
</UL>

<P><STRONG><a name="[c5]"></a>UARTIntEnable</STRONG> (Thumb, 8 bytes, Stack size 0 bytes, uart.o(i.UARTIntEnable))
<BR><BR>[Called By]<UL><LI><a href="#[bc]">&gt;&gt;</a>&nbsp;&nbsp;&nbsp;IO_initialize
</UL>

<P><STRONG><a name="[d8]"></a>UARTIntStatus</STRONG> (Thumb, 10 bytes, Stack size 0 bytes, uart.o(i.UARTIntStatus))
<BR><BR>[Called By]<UL><LI><a href="#[16]">&gt;&gt;</a>&nbsp;&nbsp;&nbsp;UART0_Handler
</UL>

<P><STRONG><a name="[d4]"></a>UARTStringPut</STRONG> (Thumb, 24 bytes, Stack size 8 bytes, initialize.o(i.UARTStringPut))
<BR><BR>[Stack]<UL><LI>Max Depth = 8<LI>Call Chain = UARTStringPut
</UL>
<BR>[Calls]<UL><LI><a href="#[dd]">&gt;&gt;</a>&nbsp;&nbsp;&nbsp;UARTCharPut
</UL>
<BR>[Called By]<UL><LI><a href="#[c3]">&gt;&gt;</a>&nbsp;&nbsp;&nbsp;S800_UART_Init
<LI><a href="#[e1]">&gt;&gt;</a>&nbsp;&nbsp;&nbsp;test
</UL>

<P><STRONG><a name="[dc]"></a>UART_response</STRONG> (Thumb, 2 bytes, Stack size 0 bytes, main.o(i.UART_response))
<BR><BR>[Called By]<UL><LI><a href="#[16]">&gt;&gt;</a>&nbsp;&nbsp;&nbsp;UART0_Handler
</UL>

<P><STRONG><a name="[e2]"></a>alarm_init</STRONG> (Thumb, 18 bytes, Stack size 0 bytes, main.o(i.alarm_init))
<BR><BR>[Called By]<UL><LI><a href="#[8e]">&gt;&gt;</a>&nbsp;&nbsp;&nbsp;main
</UL>

<P><STRONG><a name="[de]"></a>clock_init</STRONG> (Thumb, 186 bytes, Stack size 88 bytes, main.o(i.clock_init))
<BR><BR>[Stack]<UL><LI>Max Depth = 96<LI>Call Chain = clock_init &rArr; clock_update
</UL>
<BR>[Calls]<UL><LI><a href="#[e0]">&gt;&gt;</a>&nbsp;&nbsp;&nbsp;clock_update
<LI><a href="#[df]">&gt;&gt;</a>&nbsp;&nbsp;&nbsp;__aeabi_memcpy4
</UL>
<BR>[Called By]<UL><LI><a href="#[8e]">&gt;&gt;</a>&nbsp;&nbsp;&nbsp;main
</UL>

<P><STRONG><a name="[e0]"></a>clock_update</STRONG> (Thumb, 236 bytes, Stack size 8 bytes, main.o(i.clock_update))
<BR><BR>[Stack]<UL><LI>Max Depth = 8<LI>Call Chain = clock_update
</UL>
<BR>[Called By]<UL><LI><a href="#[de]">&gt;&gt;</a>&nbsp;&nbsp;&nbsp;clock_init
</UL>

<P><STRONG><a name="[8e]"></a>main</STRONG> (Thumb, 76 bytes, Stack size 16 bytes, main.o(i.main))
<BR><BR>[Stack]<UL><LI>Max Depth = 112<LI>Call Chain = main &rArr; clock_init &rArr; clock_update
</UL>
<BR>[Calls]<UL><LI><a href="#[bc]">&gt;&gt;</a>&nbsp;&nbsp;&nbsp;IO_initialize
<LI><a href="#[e3]">&gt;&gt;</a>&nbsp;&nbsp;&nbsp;timer_init
<LI><a href="#[e1]">&gt;&gt;</a>&nbsp;&nbsp;&nbsp;test
<LI><a href="#[de]">&gt;&gt;</a>&nbsp;&nbsp;&nbsp;clock_init
<LI><a href="#[e2]">&gt;&gt;</a>&nbsp;&nbsp;&nbsp;alarm_init
<LI><a href="#[a0]">&gt;&gt;</a>&nbsp;&nbsp;&nbsp;malloc
</UL>
<BR>[Called By]<UL><LI><a href="#[8d]">&gt;&gt;</a>&nbsp;&nbsp;&nbsp;__rt_entry_main
</UL>

<P><STRONG><a name="[e1]"></a>test</STRONG> (Thumb, 36 bytes, Stack size 72 bytes, main.o(i.test))
<BR><BR>[Stack]<UL><LI>Max Depth = 80<LI>Call Chain = test &rArr; UARTStringPut
</UL>
<BR>[Calls]<UL><LI><a href="#[d4]">&gt;&gt;</a>&nbsp;&nbsp;&nbsp;UARTStringPut
<LI><a href="#[df]">&gt;&gt;</a>&nbsp;&nbsp;&nbsp;__aeabi_memcpy4
</UL>
<BR>[Called By]<UL><LI><a href="#[8e]">&gt;&gt;</a>&nbsp;&nbsp;&nbsp;main
</UL>

<P><STRONG><a name="[e3]"></a>timer_init</STRONG> (Thumb, 2 bytes, Stack size 0 bytes, main.o(i.timer_init))
<BR><BR>[Called By]<UL><LI><a href="#[8e]">&gt;&gt;</a>&nbsp;&nbsp;&nbsp;main
</UL>

<P><STRONG><a name="[86]"></a>_fp_init</STRONG> (Thumb, 10 bytes, Stack size 0 bytes, fpinit.o(x$fpl$fpinit))
<BR><BR>[Called By]<UL><LI><a href="#[85]">&gt;&gt;</a>&nbsp;&nbsp;&nbsp;__rt_lib_init_fp_1
</UL>

<P><STRONG><a name="[116]"></a>__fplib_config_fpu_vfp</STRONG> (Thumb, 0 bytes, Stack size unknown bytes, fpinit.o(x$fpl$fpinit), UNUSED)

<P><STRONG><a name="[117]"></a>__fplib_config_pureend_doubles</STRONG> (Thumb, 0 bytes, Stack size unknown bytes, fpinit.o(x$fpl$fpinit), UNUSED)
<P>
<H3>
Local Symbols
</H3><P>
<H3>
Undefined Global Symbols
</H3><HR></body></html>
