<html>
<body>
<pre>
<h1>礦ision Build Log</h1>
<h2>Tool Versions:</h2>
IDE-Version: μVision V5.22.0.0
Copyright (C) 2016 ARM Ltd and ARM Germany GmbH. All rights reserved.
License Information: th iz, Shanghai Jiao Tong University, LIC=----
 
Tool Versions:
Toolchain:       MDK-Lite  Version: 5.22
Toolchain Path:  D:\Keil_v5\ARM\ARMCC\Bin
C Compiler:      Armcc.exe V5.06 update 4 (build 422)
Assembler:       Armasm.exe V5.06 update 4 (build 422)
Linker/Locator:  ArmLink.exe V5.06 update 4 (build 422)
Library Manager: ArmAr.exe V5.06 update 4 (build 422)
Hex Converter:   FromElf.exe V5.06 update 4 (build 422)
CPU DLL:         SARMCM3.DLL V5.22
Dialog DLL:      DCM.DLL V1.13.9.0
Target DLL:      lmidk-agdi.dll V???
Dialog DLL:      TCM.DLL V1.21.0.0
 
<h2>Project:</h2>
d:\课程作业资料\工科创II\DigitalClock\DigitalClock.uvprojx
Project File Date:  06/02/2023

<h2>Output:</h2>
*** Using Compiler 'V5.06 update 4 (build 422)', folder: 'D:\Keil_v5\ARM\ARMCC\Bin'
Build target 'Target 1'
compiling initialize.c...
.\driverlib\hibernate.h(229): warning:  #231-D: declaration is not visible outside of function
  extern void HibernateCalendarSet(struct tm *psTime);
.\driverlib\hibernate.h(230): warning:  #231-D: declaration is not visible outside of function
  extern int HibernateCalendarGet(struct tm *psTime);
.\driverlib\hibernate.h(231): warning:  #231-D: declaration is not visible outside of function
  extern void HibernateCalendarMatchSet(uint32_t ui32Index, struct tm *psTime);
.\driverlib\hibernate.h(232): warning:  #231-D: declaration is not visible outside of function
  extern void HibernateCalendarMatchGet(uint32_t ui32Index, struct tm *psTime);
initialize.c(115): warning:  #550-D: variable "result"  was set but never used
      uint8_t result;
initialize.c(162): warning:  #550-D: variable "rop"  was set but never used
      uint8_t value, rop;
initialize.c(243): warning:  #167-D: argument of type "char *" is incompatible with parameter of type "uint8_t *"
      UARTStringPut(buf);
initialize.c(257): warning:  #167-D: argument of type "char *" is incompatible with parameter of type "uint8_t *"
      UARTStringPut(buf);
initialize.c(259): warning:  #167-D: argument of type "char *" is incompatible with parameter of type "uint8_t *"
      UARTStringPut(buf);
initialize.c(213): warning:  #177-D: variable "i"  was declared but never referenced
      int i;
initialize.c: 10 warnings, 0 errors
linking...
Program Size: Code=17164 RO-data=3016 RW-data=204 ZI-data=68156  
FromELF: creating hex file...
".\Objects\DigitalClock.axf" - 0 Error(s), 10 Warning(s).

<h2>Software Packages used:</h2>

Package Vendor: Keil
                http://www.keil.com/pack/Keil.TM4C_DFP.1.1.0.pack
                Keil::Device:Startup:1.0.0
                Texas Instruments Tiva C Series Device Support and Examples
   * Component: Startup Version: 1.0.0

<h2>Collection of Component include folders:</h2>
  d:\课程作业资料\工科创II\DigitalClock\RTE\_Target_1
  D:\Keil_v5\ARM\PACK\Keil\TM4C_DFP\1.1.0\Device\Include\TM4C129

<h2>Collection of Component Files used:</h2>

   * Component: Keil::Device:Startup:1.0.0
      Source file:   Device\Source\ARM\startup_TM4C129.s
      Include file:  Device\Include\TM4C129\TM4C129.h
      Source file:   Device\Source\system_TM4C129.c
Build Time Elapsed:  00:00:00
</pre>
</body>
</html>
