Component: ARM Compiler 5.06 update 4 (build 422) Tool: armlink [4d35d2]

==============================================================================

Section Cross References

    main.o(i.SysTick_Handler) refers to gpio.o(i.GPIOPinWrite) for GPIOPinWrite
    main.o(i.SysTick_Handler) refers to gpio.o(i.GPIOPinRead) for GPIOPinRead
    main.o(i.SysTick_Handler) refers to main.o(.data) for systick_100ms_counter
    main.o(i.UART0_Handler) refers to uart.o(i.UARTIntStatus) for UARTIntStatus
    main.o(i.UART0_Handler) refers to uart.o(i.UARTIntClear) for UARTIntClear
    main.o(i.UART0_Handler) refers to uart.o(i.UARTCharGetNonBlocking) for UARTCharGetNonBlocking
    main.o(i.UART0_Handler) refers to uart.o(i.UARTCharsAvail) for UARTCharsAvail
    main.o(i.UART0_Handler) refers to main.o(i.UART_response) for UART_response
    main.o(i.UART0_Handler) refers to gpio.o(i.GPIOPinWrite) for GPIOPinWrite
    main.o(i.UART0_Handler) refers to gpio.o(i.GPIOPinRead) for GPIOPinRead
    main.o(i.clock_get_date) refers to _printf_pad.o(.text) for _printf_pre_padding
    main.o(i.clock_get_date) refers to _printf_percent.o(.ARM.Collect$$_printf_percent$$00000000) for _printf_percent
    main.o(i.clock_get_date) refers to _printf_d.o(.ARM.Collect$$_printf_percent$$00000009) for _printf_d
    main.o(i.clock_get_date) refers to _printf_dec.o(.text) for _printf_int_dec
    main.o(i.clock_get_date) refers to noretval__2sprintf.o(.text) for __2sprintf
    main.o(i.clock_get_time) refers to _printf_pad.o(.text) for _printf_pre_padding
    main.o(i.clock_get_time) refers to _printf_percent.o(.ARM.Collect$$_printf_percent$$00000000) for _printf_percent
    main.o(i.clock_get_time) refers to _printf_d.o(.ARM.Collect$$_printf_percent$$00000009) for _printf_d
    main.o(i.clock_get_time) refers to _printf_dec.o(.text) for _printf_int_dec
    main.o(i.clock_get_time) refers to noretval__2sprintf.o(.text) for __2sprintf
    main.o(i.clock_init) refers to rt_memcpy_w.o(.text) for __aeabi_memcpy4
    main.o(i.clock_init) refers to main.o(i.clock_update) for clock_update
    main.o(i.clock_init) refers to main.o(.constdata) for .constdata
    main.o(i.clock_set_date) refers to main.o(i.clock_init) for clock_init
    main.o(i.main) refers to h1_alloc.o(.text) for malloc
    main.o(i.main) refers to initialize.o(i.IO_initialize) for IO_initialize
    main.o(i.main) refers to main.o(i.test) for test
    main.o(i.main) refers to main.o(i.clock_init) for clock_init
    main.o(i.main) refers to main.o(i.alarm_init) for alarm_init
    main.o(i.main) refers to main.o(i.timer_init) for timer_init
    main.o(i.test) refers to rt_memcpy_w.o(.text) for __aeabi_memcpy4
    main.o(i.test) refers to initialize.o(i.UARTStringPut) for UARTStringPut
    main.o(i.test) refers to main.o(.constdata) for .constdata
    initialize.o(i.I2C0_ReadByte) refers to i2c.o(i.I2CMasterBusy) for I2CMasterBusy
    initialize.o(i.I2C0_ReadByte) refers to i2c.o(i.I2CMasterSlaveAddrSet) for I2CMasterSlaveAddrSet
    initialize.o(i.I2C0_ReadByte) refers to i2c.o(i.I2CMasterDataPut) for I2CMasterDataPut
    initialize.o(i.I2C0_ReadByte) refers to i2c.o(i.I2CMasterControl) for I2CMasterControl
    initialize.o(i.I2C0_ReadByte) refers to i2c.o(i.I2CMasterBusBusy) for I2CMasterBusBusy
    initialize.o(i.I2C0_ReadByte) refers to i2c.o(i.I2CMasterErr) for I2CMasterErr
    initialize.o(i.I2C0_ReadByte) refers to initialize.o(i.Delay) for Delay
    initialize.o(i.I2C0_ReadByte) refers to i2c.o(i.I2CMasterDataGet) for I2CMasterDataGet
    initialize.o(i.I2C0_WriteByte) refers to i2c.o(i.I2CMasterBusy) for I2CMasterBusy
    initialize.o(i.I2C0_WriteByte) refers to i2c.o(i.I2CMasterSlaveAddrSet) for I2CMasterSlaveAddrSet
    initialize.o(i.I2C0_WriteByte) refers to i2c.o(i.I2CMasterDataPut) for I2CMasterDataPut
    initialize.o(i.I2C0_WriteByte) refers to i2c.o(i.I2CMasterControl) for I2CMasterControl
    initialize.o(i.I2C0_WriteByte) refers to i2c.o(i.I2CMasterErr) for I2CMasterErr
    initialize.o(i.IO_initialize) refers to sysctl.o(i.SysCtlClockFreqSet) for SysCtlClockFreqSet
    initialize.o(i.IO_initialize) refers to systick.o(i.SysTickPeriodSet) for SysTickPeriodSet
    initialize.o(i.IO_initialize) refers to systick.o(i.SysTickEnable) for SysTickEnable
    initialize.o(i.IO_initialize) refers to systick.o(i.SysTickIntEnable) for SysTickIntEnable
    initialize.o(i.IO_initialize) refers to initialize.o(i.S800_GPIO_Init) for S800_GPIO_Init
    initialize.o(i.IO_initialize) refers to initialize.o(i.S800_I2C0_Init) for S800_I2C0_Init
    initialize.o(i.IO_initialize) refers to initialize.o(i.S800_UART_Init) for S800_UART_Init
    initialize.o(i.IO_initialize) refers to interrupt.o(i.IntEnable) for IntEnable
    initialize.o(i.IO_initialize) refers to uart.o(i.UARTIntEnable) for UARTIntEnable
    initialize.o(i.IO_initialize) refers to interrupt.o(i.IntMasterEnable) for IntMasterEnable
[...]
    defsig_cppl_inner.o(.text) refers to defsig_general.o(.text) for __default_signal_display
    defsig_segv_inner.o(.text) refers to defsig_general.o(.text) for __default_signal_display
    defsig_other.o(.text) refers to defsig_general.o(.text) for __default_signal_display
    libshutdown.o(.ARM.Collect$$libshutdown$$00000000) refers (Special) to libshutdown2.o(.ARM.Collect$$libshutdown$$00000002) for __rt_lib_shutdown_cpp_1
    libshutdown.o(.ARM.Collect$$libshutdown$$00000000) refers (Special) to libshutdown2.o(.ARM.Collect$$libshutdown$$00000007) for __rt_lib_shutdown_fp_trap_1
    libshutdown.o(.ARM.Collect$$libshutdown$$00000000) refers (Special) to libshutdown2.o(.ARM.Collect$$libshutdown$$0000000F) for __rt_lib_shutdown_heap_1
    libshutdown.o(.ARM.Collect$$libshutdown$$00000000) refers (Special) to libshutdown2.o(.ARM.Collect$$libshutdown$$00000010) for __rt_lib_shutdown_return
    libshutdown.o(.ARM.Collect$$libshutdown$$00000000) refers (Special) to libshutdown2.o(.ARM.Collect$$libshutdown$$0000000A) for __rt_lib_shutdown_signal_1
    libshutdown.o(.ARM.Collect$$libshutdown$$00000000) refers (Special) to libshutdown2.o(.ARM.Collect$$libshutdown$$00000004) for __rt_lib_shutdown_stdio_1
    libshutdown.o(.ARM.Collect$$libshutdown$$00000000) refers (Special) to libshutdown2.o(.ARM.Collect$$libshutdown$$0000000C) for __rt_lib_shutdown_user_alloc_1


==============================================================================

Removing Unused input sections from the image.

    Removing main.o(i.clock_get_date), (48 bytes).
    Removing main.o(i.clock_get_time), (48 bytes).
    Removing main.o(i.clock_set_date), (142 bytes).
    Removing main.o(i.clock_set_time), (44 bytes).
    Removing initialize.o(i.Delay), (12 bytes).
    Removing initialize.o(i.I2C0_ReadByte), (132 bytes).
    Removing initialize.o(i.UARTStringPutNonBlocking), (28 bytes).
    Removing system_tm4c129.o(.rev16_text), (4 bytes).
    Removing system_tm4c129.o(.revsh_text), (4 bytes).
    Removing system_tm4c129.o(i.SystemCoreClockUpdate), (16 bytes).
    Removing gpio.o(i.GPIOADCTriggerDisable), (14 bytes).
    Removing gpio.o(i.GPIOADCTriggerEnable), (12 bytes).
    Removing gpio.o(i.GPIODMATriggerDisable), (14 bytes).
    Removing gpio.o(i.GPIODMATriggerEnable), (12 bytes).
    Removing gpio.o(i.GPIODirModeGet), (34 bytes).
    Removing gpio.o(i.GPIOIntClear), (6 bytes).
    Removing gpio.o(i.GPIOIntDisable), (14 bytes).
    Removing gpio.o(i.GPIOIntEnable), (12 bytes).
    Removing gpio.o(i.GPIOIntRegister), (26 bytes).
    Removing gpio.o(i.GPIOIntRegisterPin), (30 bytes).
    Removing gpio.o(i.GPIOIntStatus), (14 bytes).
    Removing gpio.o(i.GPIOIntTypeGet), (68 bytes).
    Removing gpio.o(i.GPIOIntTypeSet), (80 bytes).
    Removing gpio.o(i.GPIOIntUnregister), (22 bytes).
    Removing gpio.o(i.GPIOIntUnregisterPin), (26 bytes).
    Removing gpio.o(i.GPIOPadConfigGet), (204 bytes).
    Removing gpio.o(i.GPIOPinTypeADC), (28 bytes).
    Removing gpio.o(i.GPIOPinTypeCAN), (28 bytes).
    Removing gpio.o(i.GPIOPinTypeComparator), (28 bytes).
    Removing gpio.o(i.GPIOPinTypeComparatorOutput), (28 bytes).
    Removing gpio.o(i.GPIOPinTypeDIVSCLK), (28 bytes).
    Removing gpio.o(i.GPIOPinTypeEPI), (28 bytes).
    Removing gpio.o(i.GPIOPinTypeEthernetLED), (28 bytes).
    Removing gpio.o(i.GPIOPinTypeEthernetMII), (28 bytes).
    Removing gpio.o(i.GPIOPinTypeGPIOOutputOD), (28 bytes).
    Removing gpio.o(i.GPIOPinTypeHibernateRTCCLK), (28 bytes).
    Removing gpio.o(i.GPIOPinTypeLCD), (28 bytes).
    Removing gpio.o(i.GPIOPinTypeOneWire), (28 bytes).
    Removing gpio.o(i.GPIOPinTypePWM), (28 bytes).
    Removing gpio.o(i.GPIOPinTypeQEI), (28 bytes).
    Removing gpio.o(i.GPIOPinTypeSSI), (28 bytes).
    Removing gpio.o(i.GPIOPinTypeTimer), (28 bytes).
    Removing gpio.o(i.GPIOPinTypeTrace), (28 bytes).
    Removing gpio.o(i.GPIOPinTypeUSBAnalog), (28 bytes).
    Removing gpio.o(i.GPIOPinTypeUSBDigital), (28 bytes).
    Removing gpio.o(i.GPIOPinTypeWakeHigh), (30 bytes).
    Removing gpio.o(i.GPIOPinTypeWakeLow), (30 bytes).
    Removing gpio.o(i.GPIOPinWakeStatus), (6 bytes).
    Removing gpio.o(i._GPIOIntNumberGet), (80 bytes).
    Removing i2c.o(i.I2CFIFODataGet), (16 bytes).
    Removing i2c.o(i.I2CFIFODataGetNonBlocking), (24 bytes).
    Removing i2c.o(i.I2CFIFODataPut), (16 bytes).
    Removing i2c.o(i.I2CFIFODataPutNonBlocking), (20 bytes).
    Removing i2c.o(i.I2CFIFOStatus), (6 bytes).
    Removing i2c.o(i.I2CIntRegister), (96 bytes).
    Removing i2c.o(i.I2CIntUnregister), (96 bytes).
    Removing i2c.o(i.I2CLoopbackEnable), (10 bytes).
    Removing i2c.o(i.I2CMasterBurstCountGet), (4 bytes).
    Removing i2c.o(i.I2CMasterBurstLengthSet), (4 bytes).
    Removing i2c.o(i.I2CMasterBusBusy), (12 bytes).
    Removing i2c.o(i.I2CMasterDataGet), (4 bytes).
    Removing i2c.o(i.I2CMasterDisable), (10 bytes).
    Removing i2c.o(i.I2CMasterGlitchFilterConfigSet), (84 bytes).
    Removing i2c.o(i.I2CMasterIntClear), (8 bytes).
    Removing i2c.o(i.I2CMasterIntClearEx), (4 bytes).
    Removing i2c.o(i.I2CMasterIntDisable), (6 bytes).
    Removing i2c.o(i.I2CMasterIntDisableEx), (10 bytes).
    Removing i2c.o(i.I2CMasterIntEnable), (6 bytes).
    Removing i2c.o(i.I2CMasterIntEnableEx), (8 bytes).
    Removing i2c.o(i.I2CMasterIntStatus), (24 bytes).
    Removing i2c.o(i.I2CMasterIntStatusEx), (10 bytes).
    Removing i2c.o(i.I2CMasterLineStateGet), (4 bytes).
    Removing i2c.o(i.I2CMasterTimeoutSet), (4 bytes).
    Removing i2c.o(i.I2CRxFIFOConfigSet), (22 bytes).
    Removing i2c.o(i.I2CRxFIFOFlush), (14 bytes).
    Removing i2c.o(i.I2CSlaveACKOverride), (22 bytes).
    Removing i2c.o(i.I2CSlaveACKValueSet), (22 bytes).
    Removing i2c.o(i.I2CSlaveAddressSet), (24 bytes).
    Removing i2c.o(i.I2CSlaveDataGet), (6 bytes).
    Removing i2c.o(i.I2CSlaveDataPut), (6 bytes).
    Removing i2c.o(i.I2CSlaveDisable), (16 bytes).
    Removing i2c.o(i.I2CSlaveEnable), (16 bytes).
    Removing i2c.o(i.I2CSlaveFIFODisable), (8 bytes).
    Removing i2c.o(i.I2CSlaveFIFOEnable), (10 bytes).
    Removing i2c.o(i.I2CSlaveInit), (20 bytes).
    Removing i2c.o(i.I2CSlaveIntClear), (8 bytes).
    Removing i2c.o(i.I2CSlaveIntClearEx), (6 bytes).
    Removing i2c.o(i.I2CSlaveIntDisable), (14 bytes).
    Removing i2c.o(i.I2CSlaveIntDisableEx), (14 bytes).
    Removing i2c.o(i.I2CSlaveIntEnable), (14 bytes).
    Removing i2c.o(i.I2CSlaveIntEnableEx), (12 bytes).
    Removing i2c.o(i.I2CSlaveIntStatus), (28 bytes).
    Removing i2c.o(i.I2CSlaveIntStatusEx), (14 bytes).
    Removing i2c.o(i.I2CSlaveStatus), (6 bytes).
    Removing i2c.o(i.I2CTxFIFOConfigSet), (24 bytes).
    Removing i2c.o(i.I2CTxFIFOFlush), (14 bytes).
    Removing i2c.o(.constdata), (128 bytes).
    Removing interrupt.o(i.IntDisable), (100 bytes).
    Removing interrupt.o(i.IntIsEnabled), (96 bytes).
    Removing interrupt.o(i.IntMasterDisable), (14 bytes).
    Removing interrupt.o(i.IntPendClear), (68 bytes).
    Removing interrupt.o(i.IntPendSet), (84 bytes).
    Removing interrupt.o(i.IntPriorityMaskSet), (4 bytes).
    Removing interrupt.o(i.IntRegister), (52 bytes).
    Removing interrupt.o(i.IntTrigger), (12 bytes).
    Removing interrupt.o(i.IntUnregister), (20 bytes).
    Removing interrupt.o(i._IntDefaultHandler), (2 bytes).
    Removing interrupt.o(vtable), (620 bytes).
    Removing sysctl.o(.emb_text), (6 bytes).
    Removing sysctl.o(i.SysCtlAltClkConfig), (12 bytes).
    Removing sysctl.o(i.SysCtlClockGet), (340 bytes).
    Removing sysctl.o(i.SysCtlClockOutConfig), (20 bytes).
    Removing sysctl.o(i.SysCtlClockSet), (288 bytes).
    Removing sysctl.o(i.SysCtlDeepSleep), (32 bytes).
    Removing sysctl.o(i.SysCtlDeepSleepClockConfigSet), (112 bytes).
    Removing sysctl.o(i.SysCtlDeepSleepClockSet), (12 bytes).
    Removing sysctl.o(i.SysCtlDeepSleepPowerSet), (12 bytes).
    Removing sysctl.o(i.SysCtlFlashSectorSizeGet), (56 bytes).
    Removing sysctl.o(i.SysCtlFlashSizeGet), (56 bytes).
    Removing sysctl.o(i.SysCtlGPIOAHBDisable), (28 bytes).
    Removing sysctl.o(i.SysCtlGPIOAHBEnable), (24 bytes).
    Removing sysctl.o(i.SysCtlIntClear), (12 bytes).
    Removing sysctl.o(i.SysCtlIntDisable), (16 bytes).
    Removing sysctl.o(i.SysCtlIntEnable), (16 bytes).
    Removing sysctl.o(i.SysCtlIntRegister), (20 bytes).
    Removing sysctl.o(i.SysCtlIntStatus), (16 bytes).
    Removing sysctl.o(i.SysCtlIntUnregister), (18 bytes).
    Removing sysctl.o(i.SysCtlLDODeepSleepGet), (12 bytes).
    Removing sysctl.o(i.SysCtlLDODeepSleepSet), (12 bytes).
    Removing sysctl.o(i.SysCtlLDOSleepGet), (12 bytes).
    Removing sysctl.o(i.SysCtlLDOSleepSet), (12 bytes).
    Removing sysctl.o(i.SysCtlMOSCConfigSet), (12 bytes).
    Removing sysctl.o(i.SysCtlNMIClear), (16 bytes).
    Removing sysctl.o(i.SysCtlNMIStatus), (12 bytes).
    Removing sysctl.o(i.SysCtlPIOSCCalibrate), (76 bytes).
    Removing sysctl.o(i.SysCtlPWMClockGet), (24 bytes).
    Removing sysctl.o(i.SysCtlPWMClockSet), (20 bytes).
    Removing sysctl.o(i.SysCtlPeripheralClockGating), (68 bytes).
    Removing sysctl.o(i.SysCtlPeripheralDeepSleepDisable), (40 bytes).
    Removing sysctl.o(i.SysCtlPeripheralDeepSleepEnable), (40 bytes).
    Removing sysctl.o(i.SysCtlPeripheralDisable), (40 bytes).
    Removing sysctl.o(i.SysCtlPeripheralPowerOff), (40 bytes).
    Removing sysctl.o(i.SysCtlPeripheralPowerOn), (40 bytes).
    Removing sysctl.o(i.SysCtlPeripheralPresent), (44 bytes).
    Removing sysctl.o(i.SysCtlPeripheralReset), (60 bytes).
    Removing sysctl.o(i.SysCtlPeripheralSleepDisable), (40 bytes).
    Removing sysctl.o(i.SysCtlPeripheralSleepEnable), (40 bytes).
    Removing sysctl.o(i.SysCtlReset), (16 bytes).
    Removing sysctl.o(i.SysCtlResetBehaviorGet), (12 bytes).
    Removing sysctl.o(i.SysCtlResetBehaviorSet), (12 bytes).
    Removing sysctl.o(i.SysCtlResetCauseClear), (16 bytes).
    Removing sysctl.o(i.SysCtlResetCauseGet), (12 bytes).
    Removing sysctl.o(i.SysCtlSRAMSizeGet), (16 bytes).
    Removing sysctl.o(i.SysCtlSleep), (4 bytes).
    Removing sysctl.o(i.SysCtlSleepPowerSet), (12 bytes).
    Removing sysctl.o(i.SysCtlUSBPLLDisable), (16 bytes).
    Removing sysctl.o(i.SysCtlUSBPLLEnable), (16 bytes).
    Removing sysctl.o(i.SysCtlVCOGet), (120 bytes).
    Removing sysctl.o(i.SysCtlVoltageEventClear), (16 bytes).
    Removing sysctl.o(i.SysCtlVoltageEventConfig), (12 bytes).
    Removing sysctl.o(i.SysCtlVoltageEventStatus), (12 bytes).
    Removing systick.o(i.SysTickDisable), (14 bytes).
    Removing systick.o(i.SysTickIntDisable), (14 bytes).
    Removing systick.o(i.SysTickIntRegister), (24 bytes).
    Removing systick.o(i.SysTickIntUnregister), (18 bytes).
    Removing systick.o(i.SysTickPeriodGet), (10 bytes).
    Removing systick.o(i.SysTickValueGet), (8 bytes).
    Removing uart.o(i.UART9BitAddrSend), (38 bytes).
    Removing uart.o(i.UART9BitAddrSet), (10 bytes).
    Removing uart.o(i.UART9BitDisable), (14 bytes).
    Removing uart.o(i.UART9BitEnable), (14 bytes).
    Removing uart.o(i.UARTBreakCtl), (18 bytes).
    Removing uart.o(i.UARTBusy), (8 bytes).
    Removing uart.o(i.UARTCharGet), (12 bytes).
    Removing uart.o(i.UARTCharPutNonBlocking), (16 bytes).
    Removing uart.o(i.UARTClockSourceGet), (6 bytes).
    Removing uart.o(i.UARTClockSourceSet), (6 bytes).
    Removing uart.o(i.UARTConfigGetExpClk), (46 bytes).
    Removing uart.o(i.UARTDMADisable), (10 bytes).
    Removing uart.o(i.UARTDMAEnable), (8 bytes).
    Removing uart.o(i.UARTDisable), (30 bytes).
    Removing uart.o(i.UARTDisableSIR), (10 bytes).
    Removing uart.o(i.UARTEnable), (20 bytes).
    Removing uart.o(i.UARTEnableSIR), (18 bytes).
    Removing uart.o(i.UARTFIFODisable), (10 bytes).
    Removing uart.o(i.UARTFIFOEnable), (10 bytes).
    Removing uart.o(i.UARTFIFOLevelGet), (16 bytes).
    Removing uart.o(i.UARTFlowControlGet), (8 bytes).
    Removing uart.o(i.UARTFlowControlSet), (12 bytes).
    Removing uart.o(i.UARTIntDisable), (10 bytes).
    Removing uart.o(i.UARTIntRegister), (88 bytes).
    Removing uart.o(i.UARTIntUnregister), (88 bytes).
    Removing uart.o(i.UARTLoopbackEnable), (10 bytes).
    Removing uart.o(i.UARTModemControlClear), (14 bytes).
    Removing uart.o(i.UARTModemControlGet), (8 bytes).
    Removing uart.o(i.UARTModemControlSet), (12 bytes).
    Removing uart.o(i.UARTModemStatusGet), (10 bytes).
    Removing uart.o(i.UARTParityModeGet), (8 bytes).
    Removing uart.o(i.UARTParityModeSet), (12 bytes).
    Removing uart.o(i.UARTRxErrorClear), (6 bytes).
    Removing uart.o(i.UARTRxErrorGet), (8 bytes).
    Removing uart.o(i.UARTSmartCardDisable), (10 bytes).
    Removing uart.o(i.UARTSmartCardEnable), (22 bytes).
    Removing uart.o(i.UARTSpaceAvail), (10 bytes).
    Removing uart.o(i.UARTTxIntModeGet), (8 bytes).
    Removing uart.o(i.UARTTxIntModeSet), (12 bytes).
    Removing uart.o(.constdata), (128 bytes).

207 unused section(s) (total 6710 bytes) removed from the image.

==============================================================================

Image Symbol Table

    Local Symbols

    Symbol Name                              Value     Ov Type        Size  Object(Section)

    RESET                                    0x00000000   Section      512  startup_tm4c129.o(RESET)
    ../clib/angel/boardlib.s                 0x00000000   Number         0  boardshut.o ABSOLUTE
    ../clib/angel/boardlib.s                 0x00000000   Number         0  boardinit3.o ABSOLUTE
    ../clib/angel/boardlib.s                 0x00000000   Number         0  boardinit2.o ABSOLUTE
    ../clib/angel/boardlib.s                 0x00000000   Number         0  boardinit1.o ABSOLUTE
    ../clib/angel/handlers.s                 0x00000000   Number         0  __scatter_copy.o ABSOLUTE
    ../clib/angel/handlers.s                 0x00000000   Number         0  __scatter_zi.o ABSOLUTE
    ../clib/angel/kernel.s                   0x00000000   Number         0  __rtentry2.o ABSOLUTE
    ../clib/angel/kernel.s                   0x00000000   Number         0  __rtentry4.o ABSOLUTE
    ../clib/angel/kernel.s                   0x00000000   Number         0  rtexit.o ABSOLUTE
    ../clib/angel/kernel.s                   0x00000000   Number         0  rtexit2.o ABSOLUTE
    ../clib/angel/kernel.s                   0x00000000   Number         0  __rtentry.o ABSOLUTE
    ../clib/angel/rt.s                       0x00000000   Number         0  rt_heap_descriptor_intlibspace.o ABSOLUTE
    ../clib/angel/rt.s                       0x00000000   Number         0  rt_raise.o ABSOLUTE
    ../clib/angel/rt.s                       0x00000000   Number         0  rt_heap_descriptor.o ABSOLUTE
    ../clib/angel/scatter.s                  0x00000000   Number         0  __scatter.o ABSOLUTE
    ../clib/angel/startup.s                  0x00000000   Number         0  __main.o ABSOLUTE
    ../clib/angel/sys.s                      0x00000000   Number         0  libspace.o ABSOLUTE
    ../clib/angel/sys.s                      0x00000000   Number         0  sys_stackheap_outer.o ABSOLUTE
    ../clib/angel/sys.s                      0x00000000   Number         0  indicate_semi.o ABSOLUTE
    ../clib/angel/sys.s                      0x00000000   Number         0  mutex_dummy.o ABSOLUTE
    ../clib/angel/sys.s                      0x00000000   Number         0  use_no_semi.o ABSOLUTE
    ../clib/angel/sysapp.c                   0x00000000   Number         0  sys_command.o ABSOLUTE
    ../clib/angel/sysapp.c                   0x00000000   Number         0  sys_wrch.o ABSOLUTE
    ../clib/angel/sysapp.c                   0x00000000   Number         0  sys_exit.o ABSOLUTE
    ../clib/armsys.c                         0x00000000   Number         0  argv_veneer.o ABSOLUTE
    ../clib/armsys.c                         0x00000000   Number         0  argv_veneer.o ABSOLUTE
    ../clib/armsys.c                         0x00000000   Number         0  _get_argv.o ABSOLUTE
    ../clib/armsys.c                         0x00000000   Number         0  _get_argv_nomalloc.o ABSOLUTE
    ../clib/armsys.c                         0x00000000   Number         0  no_argv.o ABSOLUTE
    ../clib/heap1.c                          0x00000000   Number         0  h1_free_mt.o ABSOLUTE
    ../clib/heap1.c                          0x00000000   Number         0  h1_extend_mt.o ABSOLUTE
    ../clib/heap1.c                          0x00000000   Number         0  h1_extend.o ABSOLUTE
    ../clib/heap1.c                          0x00000000   Number         0  h1_init.o ABSOLUTE
    ../clib/heap1.c                          0x00000000   Number         0  h1_free.o ABSOLUTE
    ../clib/heap1.c                          0x00000000   Number         0  h1_final_mt.o ABSOLUTE
    ../clib/heap1.c                          0x00000000   Number         0  h1_final.o ABSOLUTE
    ../clib/heap1.c                          0x00000000   Number         0  h1_alloc.o ABSOLUTE
    ../clib/heap1.c                          0x00000000   Number         0  h1_init_mt.o ABSOLUTE
    ../clib/heap1.c                          0x00000000   Number         0  h1_alloc_mt.o ABSOLUTE
    ../clib/heap2.c                          0x00000000   Number         0  fdtree.o ABSOLUTE
    ../clib/heap2.c                          0x00000000   Number         0  heap2.o ABSOLUTE
    ../clib/heap2.c                          0x00000000   Number         0  heap2mt.o ABSOLUTE
    ../clib/heapalloc.c                      0x00000000   Number         0  hrguard.o ABSOLUTE
    ../clib/heapalloc.c                      0x00000000   Number         0  init_alloc.o ABSOLUTE
    ../clib/heapalloc.c                      0x00000000   Number         0  free.o ABSOLUTE
    ../clib/heapalloc.c                      0x00000000   Number         0  maybetermalloc2.o ABSOLUTE
    ../clib/heapalloc.c                      0x00000000   Number         0  term_alloc.o ABSOLUTE
    ../clib/heapalloc.c                      0x00000000   Number         0  heapstubs.o ABSOLUTE
    ../clib/heapalloc.c                      0x00000000   Number         0  hguard.o ABSOLUTE
    ../clib/heapalloc.c                      0x00000000   Number         0  maybetermalloc2.o ABSOLUTE
    ../clib/heapalloc.c                      0x00000000   Number         0  maybetermalloc1.o ABSOLUTE
    ../clib/heapalloc.c                      0x00000000   Number         0  maybetermalloc1.o ABSOLUTE
    ../clib/heapalloc.c                      0x00000000   Number         0  malloc.o ABSOLUTE
    ../clib/heapaux.c                        0x00000000   Number         0  heapauxi.o ABSOLUTE
    ../clib/heapaux.c                        0x00000000   Number         0  heapauxa.o ABSOLUTE
    ../clib/libinit.s                        0x00000000   Number         0  libinit2.o ABSOLUTE
    ../clib/libinit.s                        0x00000000   Number         0  libshutdown.o ABSOLUTE
    ../clib/libinit.s                        0x00000000   Number         0  libshutdown2.o ABSOLUTE
    ../clib/libinit.s                        0x00000000   Number         0  libinit.o ABSOLUTE
    ../clib/memcpset.s                       0x00000000   Number         0  rt_memcpy_w.o ABSOLUTE
    ../clib/misc.s                           0x00000000   Number         0  printf_stubs.o ABSOLUTE
    ../clib/printf.c                         0x00000000   Number         0  __printf_flags_ss_wp.o ABSOLUTE
    ../clib/printf.c                         0x00000000   Number         0  __printf_nopercent.o ABSOLUTE
    ../clib/printf.c                         0x00000000   Number         0  _sputc.o ABSOLUTE
    ../clib/printf.c                         0x00000000   Number         0  __printf_flags_ss.o ABSOLUTE
    ../clib/printf.c                         0x00000000   Number         0  __printf_ss_wp.o ABSOLUTE
    ../clib/printf.c                         0x00000000   Number         0  __printf_wp.o ABSOLUTE
    ../clib/printf.c                         0x00000000   Number         0  __printf_flags_wp.o ABSOLUTE
    ../clib/printf.c                         0x00000000   Number         0  __printf_flags.o ABSOLUTE
    ../clib/printf.c                         0x00000000   Number         0  __printf_ss.o ABSOLUTE
    ../clib/printf.c                         0x00000000   Number         0  _printf_char_common.o ABSOLUTE
    ../clib/printf.c                         0x00000000   Number         0  _printf_intcommon.o ABSOLUTE
    ../clib/printf.c                         0x00000000   Number         0  __printf.o ABSOLUTE
    ../clib/printf.c                         0x00000000   Number         0  _printf_dec.o ABSOLUTE
    ../clib/printf.c                         0x00000000   Number         0  _printf_pad.o ABSOLUTE
    ../clib/printf.c                         0x00000000   Number         0  __2sprintf.o ABSOLUTE
    ../clib/printf.c                         0x00000000   Number         0  noretval__2sprintf.o ABSOLUTE
    ../clib/printf_percent.s                 0x00000000   Number         0  _printf_d.o ABSOLUTE
    ../clib/printf_percent.s                 0x00000000   Number         0  _printf_percent_end.o ABSOLUTE
    ../clib/printf_percent.s                 0x00000000   Number         0  _printf_percent.o ABSOLUTE
    ../clib/signal.c                         0x00000000   Number         0  defsig_general.o ABSOLUTE
    ../clib/signal.c                         0x00000000   Number         0  defsig_rtmem_formal.o ABSOLUTE
    ../clib/signal.c                         0x00000000   Number         0  defsig_rtmem_outer.o ABSOLUTE
    ../clib/signal.c                         0x00000000   Number         0  defsig_cppl_inner.o ABSOLUTE
    ../clib/signal.c                         0x00000000   Number         0  defsig_rtred_inner.o ABSOLUTE
    ../clib/signal.c                         0x00000000   Number         0  defsig_rtmem_inner.o ABSOLUTE
    ../clib/signal.c                         0x00000000   Number         0  defsig_exit.o ABSOLUTE
    ../clib/signal.c                         0x00000000   Number         0  defsig_pvfn_inner.o ABSOLUTE
    ../clib/signal.c                         0x00000000   Number         0  defsig_stak_inner.o ABSOLUTE
    ../clib/signal.c                         0x00000000   Number         0  __raise.o ABSOLUTE
    ../clib/signal.c                         0x00000000   Number         0  defsig_abrt_inner.o ABSOLUTE
    ../clib/signal.c                         0x00000000   Number         0  defsig_fpe_inner.o ABSOLUTE
    ../clib/signal.c                         0x00000000   Number         0  defsig_segv_inner.o ABSOLUTE
    ../clib/signal.c                         0x00000000   Number         0  defsig_other.o ABSOLUTE
    ../clib/signal.s                         0x00000000   Number         0  defsig.o ABSOLUTE
    ../clib/stdlib.c                         0x00000000   Number         0  exit.o ABSOLUTE
    ../fplib/fpinit.s                        0x00000000   Number         0  fpinit.o ABSOLUTE
    RTE\Device\TM4C1294NCPDT\startup_TM4C129.s 0x00000000   Number         0  startup_tm4c129.o ABSOLUTE
    RTE\Device\TM4C1294NCPDT\system_TM4C129.c 0x00000000   Number         0  system_tm4c129.o ABSOLUTE
    RTE\\Device\\TM4C1294NCPDT\\system_TM4C129.c 0x00000000   Number         0  system_tm4c129.o ABSOLUTE
    cpu.c                                    0x00000000   Number         0  cpu.o ABSOLUTE
    cpu.c                                    0x00000000   Number         0  cpu.o ABSOLUTE
    dc.s                                     0x00000000   Number         0  dc.o ABSOLUTE
    gpio.c                                   0x00000000   Number         0  gpio.o ABSOLUTE
    i2c.c                                    0x00000000   Number         0  i2c.o ABSOLUTE
    initialize.c                             0x00000000   Number         0  initialize.o ABSOLUTE
    interrupt.c                              0x00000000   Number         0  interrupt.o ABSOLUTE
    main.c                                   0x00000000   Number         0  main.o ABSOLUTE
    sysctl.c                                 0x00000000   Number         0  sysctl.o ABSOLUTE
    sysctl.c                                 0x00000000   Number         0  sysctl.o ABSOLUTE
    systick.c                                0x00000000   Number         0  systick.o ABSOLUTE
    uart.c                                   0x00000000   Number         0  uart.o ABSOLUTE
    !!!main                                  0x00000200   Section        8  __main.o(!!!main)
    !!!scatter                               0x00000208   Section       52  __scatter.o(!!!scatter)
    !!handler_copy                           0x0000023c   Section       26  __scatter_copy.o(!!handler_copy)
    !!handler_zi                             0x00000258   Section       28  __scatter_zi.o(!!handler_zi)
    .ARM.Collect$$libinit$$00000000          0x00000274   Section        2  libinit.o(.ARM.Collect$$libinit$$00000000)
    .ARM.Collect$$libinit$$00000001          0x00000276   Section        4  libinit2.o(.ARM.Collect$$libinit$$00000001)
    .ARM.Collect$$libinit$$00000004          0x0000027a   Section        0  libinit2.o(.ARM.Collect$$libinit$$00000004)
    .ARM.Collect$$libinit$$00000005          0x0000027a   Section        8  libinit2.o(.ARM.Collect$$libinit$$00000005)
    .ARM.Collect$$libinit$$0000000A          0x00000282   Section        0  libinit2.o(.ARM.Collect$$libinit$$0000000A)
    .ARM.Collect$$libinit$$0000000C          0x00000282   Section        0  libinit2.o(.ARM.Collect$$libinit$$0000000C)
    .ARM.Collect$$libinit$$0000000E          0x00000282   Section        0  libinit2.o(.ARM.Collect$$libinit$$0000000E)
    .ARM.Collect$$libinit$$00000011          0x00000282   Section        0  libinit2.o(.ARM.Collect$$libinit$$00000011)
    .ARM.Collect$$libinit$$00000013          0x00000282   Section        0  libinit2.o(.ARM.Collect$$libinit$$00000013)
    .ARM.Collect$$libinit$$00000015          0x00000282   Section        0  libinit2.o(.ARM.Collect$$libinit$$00000015)
    .ARM.Collect$$libinit$$00000017          0x00000282   Section        0  libinit2.o(.ARM.Collect$$libinit$$00000017)
    .ARM.Collect$$libinit$$00000019          0x00000282   Section        0  libinit2.o(.ARM.Collect$$libinit$$00000019)
    .ARM.Collect$$libinit$$0000001B          0x00000282   Section        0  libinit2.o(.ARM.Collect$$libinit$$0000001B)
    .ARM.Collect$$libinit$$0000001D          0x00000282   Section        0  libinit2.o(.ARM.Collect$$libinit$$0000001D)
    .ARM.Collect$$libinit$$0000001F          0x00000282   Section        0  libinit2.o(.ARM.Collect$$libinit$$0000001F)
    .ARM.Collect$$libinit$$00000021          0x00000282   Section        0  libinit2.o(.ARM.Collect$$libinit$$00000021)
    .ARM.Collect$$libinit$$00000023          0x00000282   Section        0  libinit2.o(.ARM.Collect$$libinit$$00000023)
    .ARM.Collect$$libinit$$00000025          0x00000282   Section        0  libinit2.o(.ARM.Collect$$libinit$$00000025)
    .ARM.Collect$$libinit$$0000002C          0x00000282   Section        0  libinit2.o(.ARM.Collect$$libinit$$0000002C)
    .ARM.Collect$$libinit$$0000002E          0x00000282   Section        0  libinit2.o(.ARM.Collect$$libinit$$0000002E)
    .ARM.Collect$$libinit$$00000030          0x00000282   Section        0  libinit2.o(.ARM.Collect$$libinit$$00000030)
    .ARM.Collect$$libinit$$00000032          0x00000282   Section        0  libinit2.o(.ARM.Collect$$libinit$$00000032)
    .ARM.Collect$$libinit$$00000033          0x00000282   Section        2  libinit2.o(.ARM.Collect$$libinit$$00000033)
    .ARM.Collect$$libshutdown$$00000000      0x00000284   Section        2  libshutdown.o(.ARM.Collect$$libshutdown$$00000000)
    .ARM.Collect$$libshutdown$$00000002      0x00000286   Section        0  libshutdown2.o(.ARM.Collect$$libshutdown$$00000002)
    .ARM.Collect$$libshutdown$$00000004      0x00000286   Section        0  libshutdown2.o(.ARM.Collect$$libshutdown$$00000004)
    .ARM.Collect$$libshutdown$$00000007      0x00000286   Section        0  libshutdown2.o(.ARM.Collect$$libshutdown$$00000007)
    .ARM.Collect$$libshutdown$$0000000A      0x00000286   Section        0  libshutdown2.o(.ARM.Collect$$libshutdown$$0000000A)
    .ARM.Collect$$libshutdown$$0000000C      0x00000286   Section        0  libshutdown2.o(.ARM.Collect$$libshutdown$$0000000C)
    .ARM.Collect$$libshutdown$$0000000F      0x00000286   Section        0  libshutdown2.o(.ARM.Collect$$libshutdown$$0000000F)
    .ARM.Collect$$libshutdown$$00000010      0x00000286   Section        2  libshutdown2.o(.ARM.Collect$$libshutdown$$00000010)
    .ARM.Collect$$rtentry$$00000000          0x00000288   Section        0  __rtentry.o(.ARM.Collect$$rtentry$$00000000)
    .ARM.Collect$$rtentry$$00000002          0x00000288   Section        0  __rtentry2.o(.ARM.Collect$$rtentry$$00000002)
    .ARM.Collect$$rtentry$$00000004          0x00000288   Section        6  __rtentry4.o(.ARM.Collect$$rtentry$$00000004)
    .ARM.Collect$$rtentry$$00000009          0x0000028e   Section        0  __rtentry2.o(.ARM.Collect$$rtentry$$00000009)
    .ARM.Collect$$rtentry$$0000000A          0x0000028e   Section        4  __rtentry2.o(.ARM.Collect$$rtentry$$0000000A)
    .ARM.Collect$$rtentry$$0000000C          0x00000292   Section        0  __rtentry2.o(.ARM.Collect$$rtentry$$0000000C)
    .ARM.Collect$$rtentry$$0000000D          0x00000292   Section        8  __rtentry2.o(.ARM.Collect$$rtentry$$0000000D)
    .ARM.Collect$$rtexit$$00000000           0x0000029a   Section        2  rtexit.o(.ARM.Collect$$rtexit$$00000000)
    .ARM.Collect$$rtexit$$00000002           0x0000029c   Section        0  rtexit2.o(.ARM.Collect$$rtexit$$00000002)
    .ARM.Collect$$rtexit$$00000003           0x0000029c   Section        4  rtexit2.o(.ARM.Collect$$rtexit$$00000003)
    .ARM.Collect$$rtexit$$00000004           0x000002a0   Section        6  rtexit2.o(.ARM.Collect$$rtexit$$00000004)
    .emb_text                                0x000002a8   Section       38  cpu.o(.emb_text)
    $v0                                      0x000002a8   Number         0  cpu.o(.emb_text)
    .emb_text                                0x000002d0   Section        0  maybetermalloc1.o(.emb_text)
    .text                                    0x000002d0   Section      300  startup_tm4c129.o(.text)
    $v0                                      0x000002d0   Number         0  startup_tm4c129.o(.text)
    .text                                    0x000003fc   Section        0  h1_alloc.o(.text)
    .text                                    0x0000045a   Section      100  rt_memcpy_w.o(.text)
    .text                                    0x000004be   Section        0  heapauxi.o(.text)
    .text                                    0x000004c4   Section        8  rt_heap_descriptor_intlibspace.o(.text)
    .text                                    0x000004cc   Section        0  hguard.o(.text)
    .text                                    0x000004d0   Section        0  init_alloc.o(.text)
    .text                                    0x0000055a   Section        0  h1_init.o(.text)
    .text                                    0x00000568   Section        0  h1_free.o(.text)
    .text                                    0x000005b8   Section        8  libspace.o(.text)
    .text                                    0x000005c0   Section        0  h1_extend.o(.text)
    .text                                    0x000005f4   Section        0  defsig_rtmem_outer.o(.text)
    .text                                    0x00000602   Section        2  use_no_semi.o(.text)
    .text                                    0x00000604   Section        0  indicate_semi.o(.text)
    .text                                    0x00000604   Section       74  sys_stackheap_outer.o(.text)
    .text                                    0x0000064e   Section        0  exit.o(.text)
    .text                                    0x00000660   Section        0  defsig_exit.o(.text)
    .text                                    0x0000066c   Section        0  defsig_rtmem_inner.o(.text)
    .text                                    0x000006bc   Section        0  sys_exit.o(.text)
    .text                                    0x000006c8   Section        0  defsig_general.o(.text)
    .text                                    0x000006fa   Section        0  sys_wrch.o(.text)
    i.GPIODirModeSet                         0x00000708   Section        0  gpio.o(i.GPIODirModeSet)
    i.GPIOPadConfigSet                       0x00000730   Section        0  gpio.o(i.GPIOPadConfigSet)
    i.GPIOPinConfigure                       0x00000868   Section        0  gpio.o(i.GPIOPinConfigure)
    i.GPIOPinRead                            0x000008ac   Section        0  gpio.o(i.GPIOPinRead)
    i.GPIOPinTypeGPIOInput                   0x000008b2   Section        0  gpio.o(i.GPIOPinTypeGPIOInput)
    i.GPIOPinTypeGPIOOutput                  0x000008ce   Section        0  gpio.o(i.GPIOPinTypeGPIOOutput)
    i.GPIOPinTypeI2C                         0x000008ea   Section        0  gpio.o(i.GPIOPinTypeI2C)
    i.GPIOPinTypeI2CSCL                      0x00000906   Section        0  gpio.o(i.GPIOPinTypeI2CSCL)
    i.GPIOPinTypeUART                        0x00000922   Section        0  gpio.o(i.GPIOPinTypeUART)
    i.GPIOPinWrite                           0x0000093e   Section        0  gpio.o(i.GPIOPinWrite)
    i.I2C0_WriteByte                         0x00000944   Section        0  initialize.o(i.I2C0_WriteByte)
    i.I2CMasterBusy                          0x000009b8   Section        0  i2c.o(i.I2CMasterBusy)
    i.I2CMasterControl                       0x000009c4   Section        0  i2c.o(i.I2CMasterControl)
    i.I2CMasterDataPut                       0x000009c8   Section        0  i2c.o(i.I2CMasterDataPut)
    i.I2CMasterEnable                        0x000009cc   Section        0  i2c.o(i.I2CMasterEnable)
    i.I2CMasterErr                           0x000009d6   Section        0  i2c.o(i.I2CMasterErr)
    i.I2CMasterInitExpClk                    0x000009f0   Section        0  i2c.o(i.I2CMasterInitExpClk)
    i.I2CMasterSlaveAddrSet                  0x00000a44   Section        0  i2c.o(i.I2CMasterSlaveAddrSet)
    i.IO_initialize                          0x00000a4c   Section        0  initialize.o(i.IO_initialize)
    i.IntEnable                              0x00000af0   Section        0  interrupt.o(i.IntEnable)
    i.IntMasterEnable                        0x00000b54   Section        0  interrupt.o(i.IntMasterEnable)
    i.IntPriorityGet                         0x00000b64   Section        0  interrupt.o(i.IntPriorityGet)
    i.IntPriorityGroupingGet                 0x00000b80   Section        0  interrupt.o(i.IntPriorityGroupingGet)
    i.IntPriorityGroupingSet                 0x00000ba4   Section        0  interrupt.o(i.IntPriorityGroupingSet)
    i.IntPriorityMaskGet                     0x00000bc0   Section        0  interrupt.o(i.IntPriorityMaskGet)
    i.IntPrioritySet                         0x00000bc4   Section        0  interrupt.o(i.IntPrioritySet)
    i.S800_GPIO_Init                         0x00000bec   Section        0  initialize.o(i.S800_GPIO_Init)
    i.S800_I2C0_Init                         0x00000c6c   Section        0  initialize.o(i.S800_I2C0_Init)
    i.S800_UART_Init                         0x00000d04   Section        0  initialize.o(i.S800_UART_Init)
    i.SysCtlClockFreqSet                     0x00000d7c   Section        0  sysctl.o(i.SysCtlClockFreqSet)
    i.SysCtlPeripheralEnable                 0x00001068   Section        0  sysctl.o(i.SysCtlPeripheralEnable)
    i.SysCtlPeripheralReady                  0x00001090   Section        0  sysctl.o(i.SysCtlPeripheralReady)
    i.SysTickEnable                          0x000010bc   Section        0  systick.o(i.SysTickEnable)
    i.SysTickIntEnable                       0x000010ca   Section        0  systick.o(i.SysTickIntEnable)
    i.SysTickPeriodSet                       0x000010d8   Section        0  systick.o(i.SysTickPeriodSet)
    i.SysTick_Handler                        0x000010e4   Section        0  main.o(i.SysTick_Handler)
    i.SystemInit                             0x00001168   Section        0  system_tm4c129.o(i.SystemInit)
    i.UART0_Handler                          0x00001188   Section        0  main.o(i.UART0_Handler)
    i.UARTCharGetNonBlocking                 0x00001204   Section        0  uart.o(i.UARTCharGetNonBlocking)
    i.UARTCharPut                            0x00001214   Section        0  uart.o(i.UARTCharPut)
    i.UARTCharsAvail                         0x00001220   Section        0  uart.o(i.UARTCharsAvail)
    i.UARTConfigSetExpClk                    0x0000122a   Section        0  uart.o(i.UARTConfigSetExpClk)
    i.UARTFIFOLevelSet                       0x00001298   Section        0  uart.o(i.UARTFIFOLevelSet)
    i.UARTIntClear                           0x0000129e   Section        0  uart.o(i.UARTIntClear)
    i.UARTIntEnable                          0x000012a2   Section        0  uart.o(i.UARTIntEnable)
    i.UARTIntStatus                          0x000012aa   Section        0  uart.o(i.UARTIntStatus)
    i.UARTStringPut                          0x000012b4   Section        0  initialize.o(i.UARTStringPut)
    i.UART_response                          0x000012d0   Section        0  main.o(i.UART_response)
    i.alarm_init                             0x000012d2   Section        0  main.o(i.alarm_init)
    i.clock_init                             0x000012e4   Section        0  main.o(i.clock_init)
    i.clock_update                           0x000013a4   Section        0  main.o(i.clock_update)
    i.main                                   0x00001490   Section        0  main.o(i.main)
    i.test                                   0x000014dc   Section        0  main.o(i.test)
    i.timer_init                             0x00001504   Section        0  main.o(i.timer_init)
    x$fpl$fpinit                             0x00001506   Section       10  fpinit.o(x$fpl$fpinit)
    $v0                                      0x00001506   Number         0  fpinit.o(x$fpl$fpinit)
    .constdata                               0x00001510   Section      112  main.o(.constdata)
    .constdata                               0x00001580   Section      552  gpio.o(.constdata)
    g_ppui32GPIOIntMapBlizzard               0x00001580   Data         192  gpio.o(.constdata)
    g_ppui32GPIOIntMapSnowflake              0x00001640   Data         216  gpio.o(.constdata)
    g_pui32GPIOBaseAddrs                     0x00001718   Data         144  gpio.o(.constdata)
    .constdata                               0x000017a8   Section      268  interrupt.o(.constdata)
    g_pui32Priority                          0x000017a8   Data          32  interrupt.o(.constdata)
    g_pui32Regs                              0x000017c8   Data         156  interrupt.o(.constdata)
    g_pui32EnRegs                            0x00001864   Data          20  interrupt.o(.constdata)
    g_pui32Dii16Regs                         0x00001878   Data          20  interrupt.o(.constdata)
    g_pui32PendRegs                          0x0000188c   Data          20  interrupt.o(.constdata)
    g_pui32UnpendRegs                        0x000018a0   Data          20  interrupt.o(.constdata)
    .constdata                               0x000018b4   Section      596  sysctl.o(.constdata)
    g_pui32VCOFrequencies                    0x000018b4   Data           8  sysctl.o(.constdata)
    g_pui32Xtals                             0x000018bc   Data         108  sysctl.o(.constdata)
    g_pppui32XTALtoVCO                       0x00001928   Data         432  sysctl.o(.constdata)
    g_sXTALtoMEMTIM                          0x00001ad8   Data          48  sysctl.o(.constdata)
    .data                                    0x20000000   Section       12  main.o(.data)
    .data                                    0x2000000c   Section       38  initialize.o(.data)
    .data                                    0x20000034   Section        4  system_tm4c129.o(.data)
    .bss                                     0x20000038   Section       96  libspace.o(.bss)
    HEAP                                     0x20000098   Section        0  startup_tm4c129.o(HEAP)
    STACK                                    0x20000098   Section      512  startup_tm4c129.o(STACK)
    Heap_Mem                                 0x20000098   Data           0  startup_tm4c129.o(HEAP)
    Stack_Mem                                0x20000098   Data         512  startup_tm4c129.o(STACK)
    __initial_sp                             0x20000298   Data           0  startup_tm4c129.o(STACK)

    Global Symbols

    Symbol Name                              Value     Ov Type        Size  Object(Section)

    BuildAttributes$$THM_ISAv4$E$P$D$K$B$S$7EM$VFPi3$EXTD16$VFPS$VFMA$PE$A:L22UL41UL21$X:L11$S22US41US21$IEEE1$IW$USESV6$~STKCKD$USESV7$~SHL$OTIME$ROPI$EBA8$UX$STANDARDLIB$REQ8$PRES8$EABIv2 0x00000000   Number         0  anon$$obj.o ABSOLUTE
    __ARM_use_no_argv                        0x00000000   Number         0  main.o ABSOLUTE
    __Vectors                                0x00000000   Data           4  startup_tm4c129.o(RESET)
    _printf_flags                            0x00000000   Number         0  printf_stubs.o ABSOLUTE
    _printf_return_value                     0x00000000   Number         0  printf_stubs.o ABSOLUTE
    _printf_sizespec                         0x00000000   Number         0  printf_stubs.o ABSOLUTE
    _printf_widthprec                        0x00000000   Number         0  printf_stubs.o ABSOLUTE
    __ARM_exceptions_init                     - Undefined Weak Reference
    __alloca_initialize                       - Undefined Weak Reference
    __arm_preinit_                            - Undefined Weak Reference
    __cpp_initialize__aeabi_                  - Undefined Weak Reference
    __cxa_finalize                            - Undefined Weak Reference
    __rt_locale                               - Undefined Weak Reference
    __sigvec_lookup                           - Undefined Weak Reference
    __user_heap_extent                        - Undefined Weak Reference
    _atexit_init                              - Undefined Weak Reference
    _call_atexit_fns                          - Undefined Weak Reference
    _clock_init                               - Undefined Weak Reference
    _fp_trap_init                             - Undefined Weak Reference
    _fp_trap_shutdown                         - Undefined Weak Reference
    _get_lc_collate                           - Undefined Weak Reference
    _get_lc_ctype                             - Undefined Weak Reference
    _get_lc_monetary                          - Undefined Weak Reference
    _get_lc_numeric                           - Undefined Weak Reference
    _get_lc_time                              - Undefined Weak Reference
    _getenv_init                              - Undefined Weak Reference
    _handle_redirection                       - Undefined Weak Reference
    _initio                                   - Undefined Weak Reference
    _mutex_acquire                            - Undefined Weak Reference
    _mutex_free                               - Undefined Weak Reference
    _mutex_release                            - Undefined Weak Reference
    _printf_truncate_signed                   - Undefined Weak Reference
    _printf_truncate_unsigned                 - Undefined Weak Reference
    _rand_init                                - Undefined Weak Reference
    _signal_finish                            - Undefined Weak Reference
    _signal_init                              - Undefined Weak Reference
    _terminateio                              - Undefined Weak Reference
    __Vectors_End                            0x00000200   Data           0  startup_tm4c129.o(RESET)
    __Vectors_Size                           0x00000200   Number         0  startup_tm4c129.o ABSOLUTE
    __main                                   0x00000201   Thumb Code     8  __main.o(!!!main)
    __scatterload                            0x00000209   Thumb Code     0  __scatter.o(!!!scatter)
    __scatterload_rt2                        0x00000209   Thumb Code    44  __scatter.o(!!!scatter)
    __scatterload_rt2_thumb_only             0x00000209   Thumb Code     0  __scatter.o(!!!scatter)
    __scatterload_null                       0x00000217   Thumb Code     0  __scatter.o(!!!scatter)
    __scatterload_copy                       0x0000023d   Thumb Code    26  __scatter_copy.o(!!handler_copy)
    __scatterload_zeroinit                   0x00000259   Thumb Code    28  __scatter_zi.o(!!handler_zi)
    __rt_lib_init                            0x00000275   Thumb Code     0  libinit.o(.ARM.Collect$$libinit$$00000000)
    __rt_lib_init_fp_1                       0x00000277   Thumb Code     0  libinit2.o(.ARM.Collect$$libinit$$00000001)
    __rt_lib_init_heap_2                     0x0000027b   Thumb Code     0  libinit2.o(.ARM.Collect$$libinit$$00000005)
    __rt_lib_init_preinit_1                  0x0000027b   Thumb Code     0  libinit2.o(.ARM.Collect$$libinit$$00000004)
    __rt_lib_init_alloca_1                   0x00000283   Thumb Code     0  libinit2.o(.ARM.Collect$$libinit$$0000002E)
    __rt_lib_init_argv_1                     0x00000283   Thumb Code     0  libinit2.o(.ARM.Collect$$libinit$$0000002C)
    __rt_lib_init_atexit_1                   0x00000283   Thumb Code     0  libinit2.o(.ARM.Collect$$libinit$$0000001B)
    __rt_lib_init_clock_1                    0x00000283   Thumb Code     0  libinit2.o(.ARM.Collect$$libinit$$00000021)
    __rt_lib_init_cpp_1                      0x00000283   Thumb Code     0  libinit2.o(.ARM.Collect$$libinit$$00000032)
    __rt_lib_init_exceptions_1               0x00000283   Thumb Code     0  libinit2.o(.ARM.Collect$$libinit$$00000030)
    __rt_lib_init_fp_trap_1                  0x00000283   Thumb Code     0  libinit2.o(.ARM.Collect$$libinit$$0000001F)
    __rt_lib_init_getenv_1                   0x00000283   Thumb Code     0  libinit2.o(.ARM.Collect$$libinit$$00000023)
    __rt_lib_init_heap_1                     0x00000283   Thumb Code     0  libinit2.o(.ARM.Collect$$libinit$$0000000A)
    __rt_lib_init_lc_collate_1               0x00000283   Thumb Code     0  libinit2.o(.ARM.Collect$$libinit$$00000011)
    __rt_lib_init_lc_ctype_1                 0x00000283   Thumb Code     0  libinit2.o(.ARM.Collect$$libinit$$00000013)
    __rt_lib_init_lc_monetary_1              0x00000283   Thumb Code     0  libinit2.o(.ARM.Collect$$libinit$$00000015)
    __rt_lib_init_lc_numeric_1               0x00000283   Thumb Code     0  libinit2.o(.ARM.Collect$$libinit$$00000017)
    __rt_lib_init_lc_time_1                  0x00000283   Thumb Code     0  libinit2.o(.ARM.Collect$$libinit$$00000019)
    __rt_lib_init_rand_1                     0x00000283   Thumb Code     0  libinit2.o(.ARM.Collect$$libinit$$0000000E)
    __rt_lib_init_return                     0x00000283   Thumb Code     0  libinit2.o(.ARM.Collect$$libinit$$00000033)
    __rt_lib_init_signal_1                   0x00000283   Thumb Code     0  libinit2.o(.ARM.Collect$$libinit$$0000001D)
    __rt_lib_init_stdio_1                    0x00000283   Thumb Code     0  libinit2.o(.ARM.Collect$$libinit$$00000025)
    __rt_lib_init_user_alloc_1               0x00000283   Thumb Code     0  libinit2.o(.ARM.Collect$$libinit$$0000000C)
    __rt_lib_shutdown                        0x00000285   Thumb Code     0  libshutdown.o(.ARM.Collect$$libshutdown$$00000000)
    __rt_lib_shutdown_cpp_1                  0x00000287   Thumb Code     0  libshutdown2.o(.ARM.Collect$$libshutdown$$00000002)
    __rt_lib_shutdown_fp_trap_1              0x00000287   Thumb Code     0  libshutdown2.o(.ARM.Collect$$libshutdown$$00000007)
    __rt_lib_shutdown_heap_1                 0x00000287   Thumb Code     0  libshutdown2.o(.ARM.Collect$$libshutdown$$0000000F)
    __rt_lib_shutdown_return                 0x00000287   Thumb Code     0  libshutdown2.o(.ARM.Collect$$libshutdown$$00000010)
    __rt_lib_shutdown_signal_1               0x00000287   Thumb Code     0  libshutdown2.o(.ARM.Collect$$libshutdown$$0000000A)
    __rt_lib_shutdown_stdio_1                0x00000287   Thumb Code     0  libshutdown2.o(.ARM.Collect$$libshutdown$$00000004)
    __rt_lib_shutdown_user_alloc_1           0x00000287   Thumb Code     0  libshutdown2.o(.ARM.Collect$$libshutdown$$0000000C)
    __rt_entry                               0x00000289   Thumb Code     0  __rtentry.o(.ARM.Collect$$rtentry$$00000000)
    __rt_entry_presh_1                       0x00000289   Thumb Code     0  __rtentry2.o(.ARM.Collect$$rtentry$$00000002)
    __rt_entry_sh                            0x00000289   Thumb Code     0  __rtentry4.o(.ARM.Collect$$rtentry$$00000004)
    __rt_entry_li                            0x0000028f   Thumb Code     0  __rtentry2.o(.ARM.Collect$$rtentry$$0000000A)
    __rt_entry_postsh_1                      0x0000028f   Thumb Code     0  __rtentry2.o(.ARM.Collect$$rtentry$$00000009)
    __rt_entry_main                          0x00000293   Thumb Code     0  __rtentry2.o(.ARM.Collect$$rtentry$$0000000D)
    __rt_entry_postli_1                      0x00000293   Thumb Code     0  __rtentry2.o(.ARM.Collect$$rtentry$$0000000C)
    __rt_exit                                0x0000029b   Thumb Code     0  rtexit.o(.ARM.Collect$$rtexit$$00000000)
    __rt_exit_ls                             0x0000029d   Thumb Code     0  rtexit2.o(.ARM.Collect$$rtexit$$00000003)
    __rt_exit_prels_1                        0x0000029d   Thumb Code     0  rtexit2.o(.ARM.Collect$$rtexit$$00000002)
    __rt_exit_exit                           0x000002a1   Thumb Code     0  rtexit2.o(.ARM.Collect$$rtexit$$00000004)
    CPUcpsid                                 0x000002a9   Thumb Code     8  cpu.o(.emb_text)
    CPUprimask                               0x000002b1   Thumb Code     6  cpu.o(.emb_text)
    CPUcpsie                                 0x000002b7   Thumb Code     8  cpu.o(.emb_text)
    CPUwfi                                   0x000002bf   Thumb Code     4  cpu.o(.emb_text)
    CPUbasepriSet                            0x000002c3   Thumb Code     6  cpu.o(.emb_text)
    CPUbasepriGet                            0x000002c9   Thumb Code     6  cpu.o(.emb_text)
    Reset_Handler                            0x000002d1   Thumb Code     8  startup_tm4c129.o(.text)
    _maybe_terminate_alloc                   0x000002d1   Thumb Code     0  maybetermalloc1.o(.emb_text)
    NMI_Handler                              0x000002d9   Thumb Code     2  startup_tm4c129.o(.text)
    HardFault_Handler                        0x000002db   Thumb Code     2  startup_tm4c129.o(.text)
    MemManage_Handler                        0x000002dd   Thumb Code     2  startup_tm4c129.o(.text)
    BusFault_Handler                         0x000002df   Thumb Code     2  startup_tm4c129.o(.text)
    UsageFault_Handler                       0x000002e1   Thumb Code     2  startup_tm4c129.o(.text)
    SVC_Handler                              0x000002e3   Thumb Code     2  startup_tm4c129.o(.text)
    DebugMon_Handler                         0x000002e5   Thumb Code     2  startup_tm4c129.o(.text)
    PendSV_Handler                           0x000002e7   Thumb Code     2  startup_tm4c129.o(.text)
    GPIOA_Handler                            0x000002eb   Thumb Code     2  startup_tm4c129.o(.text)
    GPIOB_Handler                            0x000002ed   Thumb Code     2  startup_tm4c129.o(.text)
    GPIOC_Handler                            0x000002ef   Thumb Code     2  startup_tm4c129.o(.text)
    GPIOD_Handler                            0x000002f1   Thumb Code     2  startup_tm4c129.o(.text)
    GPIOE_Handler                            0x000002f3   Thumb Code     2  startup_tm4c129.o(.text)
    UART1_Handler                            0x000002f7   Thumb Code     2  startup_tm4c129.o(.text)
    SSI0_Handler                             0x000002f9   Thumb Code     2  startup_tm4c129.o(.text)
    I2C0_Handler                             0x000002fb   Thumb Code     2  startup_tm4c129.o(.text)
    PMW0_FAULT_Handler                       0x000002fd   Thumb Code     2  startup_tm4c129.o(.text)
    PWM0_0_Handler                           0x000002ff   Thumb Code     2  startup_tm4c129.o(.text)
    PWM0_1_Handler                           0x00000301   Thumb Code     2  startup_tm4c129.o(.text)
    PWM0_2_Handler                           0x00000303   Thumb Code     2  startup_tm4c129.o(.text)
    QEI0_Handler                             0x00000305   Thumb Code     2  startup_tm4c129.o(.text)
    ADC0SS0_Handler                          0x00000307   Thumb Code     2  startup_tm4c129.o(.text)
    ADC0SS1_Handler                          0x00000309   Thumb Code     2  startup_tm4c129.o(.text)
    ADC0SS2_Handler                          0x0000030b   Thumb Code     2  startup_tm4c129.o(.text)
    ADC0SS3_Handler                          0x0000030d   Thumb Code     2  startup_tm4c129.o(.text)
    WDT0_Handler                             0x0000030f   Thumb Code     2  startup_tm4c129.o(.text)
    TIMER0A_Handler                          0x00000311   Thumb Code     2  startup_tm4c129.o(.text)
    TIMER0B_Handler                          0x00000313   Thumb Code     2  startup_tm4c129.o(.text)
    TIMER1A_Handler                          0x00000315   Thumb Code     2  startup_tm4c129.o(.text)
    TIMER1B_Handler                          0x00000317   Thumb Code     2  startup_tm4c129.o(.text)
    TIMER2A_Handler                          0x00000319   Thumb Code     2  startup_tm4c129.o(.text)
    TIMER2B_Handler                          0x0000031b   Thumb Code     2  startup_tm4c129.o(.text)
    COMP0_Handler                            0x0000031d   Thumb Code     2  startup_tm4c129.o(.text)
    COMP1_Handler                            0x0000031f   Thumb Code     2  startup_tm4c129.o(.text)
    COMP2_Handler                            0x00000321   Thumb Code     2  startup_tm4c129.o(.text)
    SYSCTL_Handler                           0x00000323   Thumb Code     2  startup_tm4c129.o(.text)
    FLASH_Handler                            0x00000325   Thumb Code     2  startup_tm4c129.o(.text)
    GPIOF_Handler                            0x00000327   Thumb Code     2  startup_tm4c129.o(.text)
    GPIOG_Handler                            0x00000329   Thumb Code     2  startup_tm4c129.o(.text)
    GPIOH_Handler                            0x0000032b   Thumb Code     2  startup_tm4c129.o(.text)
    UART2_Handler                            0x0000032d   Thumb Code     2  startup_tm4c129.o(.text)
    SSI1_Handler                             0x0000032f   Thumb Code     2  startup_tm4c129.o(.text)
    TIMER3A_Handler                          0x00000331   Thumb Code     2  startup_tm4c129.o(.text)
    TIMER3B_Handler                          0x00000333   Thumb Code     2  startup_tm4c129.o(.text)
    I2C1_Handler                             0x00000335   Thumb Code     2  startup_tm4c129.o(.text)
    CAN0_Handler                             0x00000337   Thumb Code     2  startup_tm4c129.o(.text)
    CAN1_Handler                             0x00000339   Thumb Code     2  startup_tm4c129.o(.text)
    ETH_Handler                              0x0000033b   Thumb Code     2  startup_tm4c129.o(.text)
    HIB_Handler                              0x0000033d   Thumb Code     2  startup_tm4c129.o(.text)
    USB0_Handler                             0x0000033f   Thumb Code     2  startup_tm4c129.o(.text)
    PWM0_3_Handler                           0x00000341   Thumb Code     2  startup_tm4c129.o(.text)
    UDMA_Handler                             0x00000343   Thumb Code     2  startup_tm4c129.o(.text)
    UDMAERR_Handler                          0x00000345   Thumb Code     2  startup_tm4c129.o(.text)
    ADC1SS0_Handler                          0x00000347   Thumb Code     2  startup_tm4c129.o(.text)
    ADC1SS1_Handler                          0x00000349   Thumb Code     2  startup_tm4c129.o(.text)
    ADC1SS2_Handler                          0x0000034b   Thumb Code     2  startup_tm4c129.o(.text)
    ADC1SS3_Handler                          0x0000034d   Thumb Code     2  startup_tm4c129.o(.text)
    EBI0_Handler                             0x0000034f   Thumb Code     2  startup_tm4c129.o(.text)
    GPIOJ_Handler                            0x00000351   Thumb Code     2  startup_tm4c129.o(.text)
    GPIOK_Handler                            0x00000353   Thumb Code     2  startup_tm4c129.o(.text)
    GPIOL_Handler                            0x00000355   Thumb Code     2  startup_tm4c129.o(.text)
    SSI2_Handler                             0x00000357   Thumb Code     2  startup_tm4c129.o(.text)
    SSI3_Handler                             0x00000359   Thumb Code     2  startup_tm4c129.o(.text)
    UART3_Handler                            0x0000035b   Thumb Code     2  startup_tm4c129.o(.text)
    UART4_Handler                            0x0000035d   Thumb Code     2  startup_tm4c129.o(.text)
    UART5_Handler                            0x0000035f   Thumb Code     2  startup_tm4c129.o(.text)
    UART6_Handler                            0x00000361   Thumb Code     2  startup_tm4c129.o(.text)
    UART7_Handler                            0x00000363   Thumb Code     2  startup_tm4c129.o(.text)
    I2C2_Handler                             0x00000365   Thumb Code     2  startup_tm4c129.o(.text)
    I2C3_Handler                             0x00000367   Thumb Code     2  startup_tm4c129.o(.text)
    TIMER4A_Handler                          0x00000369   Thumb Code     2  startup_tm4c129.o(.text)
    TIMER4B_Handler                          0x0000036b   Thumb Code     2  startup_tm4c129.o(.text)
    TIMER5A_Handler                          0x0000036d   Thumb Code     2  startup_tm4c129.o(.text)
    TIMER5B_Handler                          0x0000036f   Thumb Code     2  startup_tm4c129.o(.text)
    WTIMER0A_Handler                         0x00000371   Thumb Code     2  startup_tm4c129.o(.text)
    WTIMER0B_Handler                         0x00000373   Thumb Code     2  startup_tm4c129.o(.text)
    WTIMER1A_Handler                         0x00000375   Thumb Code     2  startup_tm4c129.o(.text)
    WTIMER1B_Handler                         0x00000377   Thumb Code     2  startup_tm4c129.o(.text)
    WTIMER2A_Handler                         0x00000379   Thumb Code     2  startup_tm4c129.o(.text)
    WTIMER2B_Handler                         0x0000037b   Thumb Code     2  startup_tm4c129.o(.text)
    WTIMER3A_Handler                         0x0000037d   Thumb Code     2  startup_tm4c129.o(.text)
    WTIMER3B_Handler                         0x0000037f   Thumb Code     2  startup_tm4c129.o(.text)
    WTIMER4A_Handler                         0x00000381   Thumb Code     2  startup_tm4c129.o(.text)
    WTIMER4B_Handler                         0x00000383   Thumb Code     2  startup_tm4c129.o(.text)
    WTIMER5A_Handler                         0x00000385   Thumb Code     2  startup_tm4c129.o(.text)
    WTIMER5B_Handler                         0x00000387   Thumb Code     2  startup_tm4c129.o(.text)
    FPU_Handler                              0x00000389   Thumb Code     2  startup_tm4c129.o(.text)
    I2C4_Handler                             0x0000038b   Thumb Code     2  startup_tm4c129.o(.text)
    I2C5_Handler                             0x0000038d   Thumb Code     2  startup_tm4c129.o(.text)
    GPIOM_Handler                            0x0000038f   Thumb Code     2  startup_tm4c129.o(.text)
    GPION_Handler                            0x00000391   Thumb Code     2  startup_tm4c129.o(.text)
    TAMPER_Handler                           0x00000393   Thumb Code     2  startup_tm4c129.o(.text)
    GPIOP0_Handler                           0x00000395   Thumb Code     2  startup_tm4c129.o(.text)
    GPIOP1_Handler                           0x00000397   Thumb Code     2  startup_tm4c129.o(.text)
    GPIOP2_Handler                           0x00000399   Thumb Code     2  startup_tm4c129.o(.text)
    GPIOP3_Handler                           0x0000039b   Thumb Code     2  startup_tm4c129.o(.text)
    GPIOP4_Handler                           0x0000039d   Thumb Code     2  startup_tm4c129.o(.text)
    GPIOP5_Handler                           0x0000039f   Thumb Code     2  startup_tm4c129.o(.text)
    GPIOP6_Handler                           0x000003a1   Thumb Code     2  startup_tm4c129.o(.text)
    GPIOP7_Handler                           0x000003a3   Thumb Code     2  startup_tm4c129.o(.text)
    GPIOQ0_Handler                           0x000003a5   Thumb Code     2  startup_tm4c129.o(.text)
    GPIOQ1_Handler                           0x000003a7   Thumb Code     2  startup_tm4c129.o(.text)
    GPIOQ2_Handler                           0x000003a9   Thumb Code     2  startup_tm4c129.o(.text)
    GPIOQ3_Handler                           0x000003ab   Thumb Code     2  startup_tm4c129.o(.text)
    GPIOQ4_Handler                           0x000003ad   Thumb Code     2  startup_tm4c129.o(.text)
    GPIOQ5_Handler                           0x000003af   Thumb Code     2  startup_tm4c129.o(.text)
    GPIOQ6_Handler                           0x000003b1   Thumb Code     2  startup_tm4c129.o(.text)
    GPIOQ7_Handler                           0x000003b3   Thumb Code     2  startup_tm4c129.o(.text)
    GPIOR_Handler                            0x000003b5   Thumb Code     2  startup_tm4c129.o(.text)
    GPIOS_Handler                            0x000003b7   Thumb Code     2  startup_tm4c129.o(.text)
    SHAMD5_Handler                           0x000003b9   Thumb Code     2  startup_tm4c129.o(.text)
    AES_Handler                              0x000003bb   Thumb Code     2  startup_tm4c129.o(.text)
    DES3DES_Handler                          0x000003bd   Thumb Code     2  startup_tm4c129.o(.text)
    LCDCONTROLLER_Handler                    0x000003bf   Thumb Code     2  startup_tm4c129.o(.text)
    TIMER6A_Handler                          0x000003c1   Thumb Code     2  startup_tm4c129.o(.text)
    TIMER6B_Handler                          0x000003c3   Thumb Code     2  startup_tm4c129.o(.text)
    TIMER7A_Handler                          0x000003c5   Thumb Code     2  startup_tm4c129.o(.text)
    TIMER7B_Handler                          0x000003c7   Thumb Code     2  startup_tm4c129.o(.text)
    I2C6_Handler                             0x000003c9   Thumb Code     2  startup_tm4c129.o(.text)
    I2C7_Handler                             0x000003cb   Thumb Code     2  startup_tm4c129.o(.text)
    HIMSCANKEYBOARD_Handler                  0x000003cd   Thumb Code     2  startup_tm4c129.o(.text)
    ONEWIRE_Handler                          0x000003cf   Thumb Code     2  startup_tm4c129.o(.text)
    HIMPS2_Handler                           0x000003d1   Thumb Code     2  startup_tm4c129.o(.text)
    HIMLEDSEQUENCER_Handler                  0x000003d3   Thumb Code     2  startup_tm4c129.o(.text)
    HIMCONSUMERIR_Handler                    0x000003d5   Thumb Code     2  startup_tm4c129.o(.text)
    I2C8_Handler                             0x000003d7   Thumb Code     2  startup_tm4c129.o(.text)
    I2C9_Handler                             0x000003d9   Thumb Code     2  startup_tm4c129.o(.text)
    GPIOT_Handler                            0x000003db   Thumb Code     2  startup_tm4c129.o(.text)
    __user_initial_stackheap                 0x000003dd   Thumb Code     0  startup_tm4c129.o(.text)
    malloc                                   0x000003fd   Thumb Code    94  h1_alloc.o(.text)
    __aeabi_memcpy4                          0x0000045b   Thumb Code     0  rt_memcpy_w.o(.text)
    __aeabi_memcpy8                          0x0000045b   Thumb Code     0  rt_memcpy_w.o(.text)
    __rt_memcpy_w                            0x0000045b   Thumb Code   100  rt_memcpy_w.o(.text)
    _memcpy_lastbytes_aligned                0x000004a3   Thumb Code     0  rt_memcpy_w.o(.text)
    __use_two_region_memory                  0x000004bf   Thumb Code     2  heapauxi.o(.text)
    __rt_heap_escrow                         0x000004c1   Thumb Code     2  heapauxi.o(.text)
    __rt_heap_expand                         0x000004c3   Thumb Code     2  heapauxi.o(.text)
    __rt_heap_descriptor                     0x000004c5   Thumb Code     8  rt_heap_descriptor_intlibspace.o(.text)
    __use_no_heap                            0x000004cd   Thumb Code     2  hguard.o(.text)
    __heap$guard                             0x000004cf   Thumb Code     2  hguard.o(.text)
    _terminate_user_alloc                    0x000004d1   Thumb Code     2  init_alloc.o(.text)
    _init_user_alloc                         0x000004d3   Thumb Code     2  init_alloc.o(.text)
    __Heap_Full                              0x000004d5   Thumb Code    34  init_alloc.o(.text)
    __Heap_Broken                            0x000004f7   Thumb Code     6  init_alloc.o(.text)
    _init_alloc                              0x000004fd   Thumb Code    94  init_alloc.o(.text)
    __Heap_Initialize                        0x0000055b   Thumb Code    10  h1_init.o(.text)
    __Heap_DescSize                          0x00000565   Thumb Code     4  h1_init.o(.text)
    free                                     0x00000569   Thumb Code    78  h1_free.o(.text)
    __user_libspace                          0x000005b9   Thumb Code     8  libspace.o(.text)
    __user_perproc_libspace                  0x000005b9   Thumb Code     0  libspace.o(.text)
    __user_perthread_libspace                0x000005b9   Thumb Code     0  libspace.o(.text)
    __Heap_ProvideMemory                     0x000005c1   Thumb Code    52  h1_extend.o(.text)
    __rt_SIGRTMEM                            0x000005f5   Thumb Code    14  defsig_rtmem_outer.o(.text)
    __I$use$semihosting                      0x00000603   Thumb Code     0  use_no_semi.o(.text)
    __use_no_semihosting_swi                 0x00000603   Thumb Code     2  use_no_semi.o(.text)
    __semihosting_library_function           0x00000605   Thumb Code     0  indicate_semi.o(.text)
    __user_setup_stackheap                   0x00000605   Thumb Code    74  sys_stackheap_outer.o(.text)
    exit                                     0x0000064f   Thumb Code    18  exit.o(.text)
    __sig_exit                               0x00000661   Thumb Code    10  defsig_exit.o(.text)
    __rt_SIGRTMEM_inner                      0x0000066d   Thumb Code    22  defsig_rtmem_inner.o(.text)
    _sys_exit                                0x000006bd   Thumb Code     8  sys_exit.o(.text)
    __default_signal_display                 0x000006c9   Thumb Code    50  defsig_general.o(.text)
    _ttywrch                                 0x000006fb   Thumb Code    14  sys_wrch.o(.text)
    GPIODirModeSet                           0x00000709   Thumb Code    40  gpio.o(i.GPIODirModeSet)
    GPIOPadConfigSet                         0x00000731   Thumb Code   312  gpio.o(i.GPIOPadConfigSet)
    GPIOPinConfigure                         0x00000869   Thumb Code    60  gpio.o(i.GPIOPinConfigure)
    GPIOPinRead                              0x000008ad   Thumb Code     6  gpio.o(i.GPIOPinRead)
    GPIOPinTypeGPIOInput                     0x000008b3   Thumb Code    28  gpio.o(i.GPIOPinTypeGPIOInput)
    GPIOPinTypeGPIOOutput                    0x000008cf   Thumb Code    28  gpio.o(i.GPIOPinTypeGPIOOutput)
    GPIOPinTypeI2C                           0x000008eb   Thumb Code    28  gpio.o(i.GPIOPinTypeI2C)
    GPIOPinTypeI2CSCL                        0x00000907   Thumb Code    28  gpio.o(i.GPIOPinTypeI2CSCL)
    GPIOPinTypeUART                          0x00000923   Thumb Code    28  gpio.o(i.GPIOPinTypeUART)
    GPIOPinWrite                             0x0000093f   Thumb Code     6  gpio.o(i.GPIOPinWrite)
    I2C0_WriteByte                           0x00000945   Thumb Code   110  initialize.o(i.I2C0_WriteByte)
    I2CMasterBusy                            0x000009b9   Thumb Code    12  i2c.o(i.I2CMasterBusy)
    I2CMasterControl                         0x000009c5   Thumb Code     4  i2c.o(i.I2CMasterControl)
    I2CMasterDataPut                         0x000009c9   Thumb Code     4  i2c.o(i.I2CMasterDataPut)
    I2CMasterEnable                          0x000009cd   Thumb Code    10  i2c.o(i.I2CMasterEnable)
    I2CMasterErr                             0x000009d7   Thumb Code    24  i2c.o(i.I2CMasterErr)
    I2CMasterInitExpClk                      0x000009f1   Thumb Code    72  i2c.o(i.I2CMasterInitExpClk)
    I2CMasterSlaveAddrSet                    0x00000a45   Thumb Code     8  i2c.o(i.I2CMasterSlaveAddrSet)
    IO_initialize                            0x00000a4d   Thumb Code   130  initialize.o(i.IO_initialize)
    IntEnable                                0x00000af1   Thumb Code    92  interrupt.o(i.IntEnable)
    IntMasterEnable                          0x00000b55   Thumb Code    14  interrupt.o(i.IntMasterEnable)
    IntPriorityGet                           0x00000b65   Thumb Code    22  interrupt.o(i.IntPriorityGet)
    IntPriorityGroupingGet                   0x00000b81   Thumb Code    28  interrupt.o(i.IntPriorityGroupingGet)
    IntPriorityGroupingSet                   0x00000ba5   Thumb Code    20  interrupt.o(i.IntPriorityGroupingSet)
    IntPriorityMaskGet                       0x00000bc1   Thumb Code     4  interrupt.o(i.IntPriorityMaskGet)
    IntPrioritySet                           0x00000bc5   Thumb Code    36  interrupt.o(i.IntPrioritySet)
    S800_GPIO_Init                           0x00000bed   Thumb Code   110  initialize.o(i.S800_GPIO_Init)
    S800_I2C0_Init                           0x00000c6d   Thumb Code   122  initialize.o(i.S800_I2C0_Init)
    S800_UART_Init                           0x00000d05   Thumb Code    84  initialize.o(i.S800_UART_Init)
    SysCtlClockFreqSet                       0x00000d7d   Thumb Code   706  sysctl.o(i.SysCtlClockFreqSet)
    SysCtlPeripheralEnable                   0x00001069   Thumb Code    36  sysctl.o(i.SysCtlPeripheralEnable)
    SysCtlPeripheralReady                    0x00001091   Thumb Code    40  sysctl.o(i.SysCtlPeripheralReady)
    SysTickEnable                            0x000010bd   Thumb Code    14  systick.o(i.SysTickEnable)
    SysTickIntEnable                         0x000010cb   Thumb Code    14  systick.o(i.SysTickIntEnable)
    SysTickPeriodSet                         0x000010d9   Thumb Code    10  systick.o(i.SysTickPeriodSet)
    SysTick_Handler                          0x000010e5   Thumb Code   108  main.o(i.SysTick_Handler)
    SystemInit                               0x00001169   Thumb Code    20  system_tm4c129.o(i.SystemInit)
    UART0_Handler                            0x00001189   Thumb Code   112  main.o(i.UART0_Handler)
    UARTCharGetNonBlocking                   0x00001205   Thumb Code    16  uart.o(i.UARTCharGetNonBlocking)
    UARTCharPut                              0x00001215   Thumb Code    12  uart.o(i.UARTCharPut)
    UARTCharsAvail                           0x00001221   Thumb Code    10  uart.o(i.UARTCharsAvail)
    UARTConfigSetExpClk                      0x0000122b   Thumb Code   110  uart.o(i.UARTConfigSetExpClk)
    UARTFIFOLevelSet                         0x00001299   Thumb Code     6  uart.o(i.UARTFIFOLevelSet)
    UARTIntClear                             0x0000129f   Thumb Code     4  uart.o(i.UARTIntClear)
    UARTIntEnable                            0x000012a3   Thumb Code     8  uart.o(i.UARTIntEnable)
    UARTIntStatus                            0x000012ab   Thumb Code    10  uart.o(i.UARTIntStatus)
    UARTStringPut                            0x000012b5   Thumb Code    24  initialize.o(i.UARTStringPut)
    UART_response                            0x000012d1   Thumb Code     2  main.o(i.UART_response)
    alarm_init                               0x000012d3   Thumb Code    18  main.o(i.alarm_init)
    clock_init                               0x000012e5   Thumb Code   186  main.o(i.clock_init)
    clock_update                             0x000013a5   Thumb Code   236  main.o(i.clock_update)
    main                                     0x00001491   Thumb Code    76  main.o(i.main)
    test                                     0x000014dd   Thumb Code    36  main.o(i.test)
    timer_init                               0x00001505   Thumb Code     2  main.o(i.timer_init)
    _fp_init                                 0x00001507   Thumb Code    10  fpinit.o(x$fpl$fpinit)
    __fplib_config_fpu_vfp                   0x0000150f   Thumb Code     0  fpinit.o(x$fpl$fpinit)
    __fplib_config_pureend_doubles           0x0000150f   Thumb Code     0  fpinit.o(x$fpl$fpinit)
    Region$$Table$$Base                      0x00001b08   Number         0  anon$$obj.o(Region$$Table)
    Region$$Table$$Limit                     0x00001b28   Number         0  anon$$obj.o(Region$$Table)
    mode                                     0x20000000   Data           4  main.o(.data)
    systick_10ms_counter                     0x20000004   Data           2  main.o(.data)
    systick_100ms_counter                    0x20000006   Data           2  main.o(.data)
    systick_1000ms_counter                   0x20000008   Data           2  main.o(.data)
    systick_10ms_status                      0x2000000a   Data           1  main.o(.data)
    systick_100ms_status                     0x2000000b   Data           1  main.o(.data)
    ui32SysClock                             0x2000000c   Data           4  initialize.o(.data)
    ui32IntPriorityGroup                     0x20000010   Data           4  initialize.o(.data)
    ui32IntPriorityMask                      0x20000014   Data           4  initialize.o(.data)
    ui32IntPrioritySystick                   0x20000018   Data           4  initialize.o(.data)
    ui32IntPriorityUart0                     0x2000001c   Data           4  initialize.o(.data)
    seg7                                     0x20000020   Data          17  initialize.o(.data)
    uart_receive_char                        0x20000031   Data           1  initialize.o(.data)
    SystemCoreClock                          0x20000034   Data           4  system_tm4c129.o(.data)
    __libspace_start                         0x20000038   Data          96  libspace.o(.bss)
    __temporary_stack_top$libspace           0x20000098   Data           0  libspace.o(.bss)



==============================================================================

Memory Map of the image

  Image Entry point : 0x00000201

  Load Region LR_IROM1 (Base: 0x00000000, Size: 0x00001b60, Max: 0x00100000, ABSOLUTE)

    Execution Region ER_IROM1 (Base: 0x00000000, Size: 0x00001b28, Max: 0x00100000, ABSOLUTE)

    Base Addr    Size         Type   Attr      Idx    E Section Name        Object

    0x00000000   0x00000200   Data   RO          219    RESET               startup_tm4c129.o
    0x00000200   0x00000008   Code   RO         1870  * !!!main             c_w.l(__main.o)
    0x00000208   0x00000034   Code   RO         2086    !!!scatter          c_w.l(__scatter.o)
    0x0000023c   0x0000001a   Code   RO         2088    !!handler_copy      c_w.l(__scatter_copy.o)
    0x00000256   0x00000002   PAD
    0x00000258   0x0000001c   Code   RO         2090    !!handler_zi        c_w.l(__scatter_zi.o)
    0x00000274   0x00000002   Code   RO         2025    .ARM.Collect$$libinit$$00000000  c_w.l(libinit.o)
    0x00000276   0x00000004   Code   RO         1915    .ARM.Collect$$libinit$$00000001  c_w.l(libinit2.o)
    0x0000027a   0x00000000   Code   RO         1918    .ARM.Collect$$libinit$$00000004  c_w.l(libinit2.o)
    0x0000027a   0x00000008   Code   RO         1919    .ARM.Collect$$libinit$$00000005  c_w.l(libinit2.o)
    0x00000282   0x00000000   Code   RO         1921    .ARM.Collect$$libinit$$0000000A  c_w.l(libinit2.o)
    0x00000282   0x00000000   Code   RO         1923    .ARM.Collect$$libinit$$0000000C  c_w.l(libinit2.o)
    0x00000282   0x00000000   Code   RO         1925    .ARM.Collect$$libinit$$0000000E  c_w.l(libinit2.o)
    0x00000282   0x00000000   Code   RO         1928    .ARM.Collect$$libinit$$00000011  c_w.l(libinit2.o)
    0x00000282   0x00000000   Code   RO         1930    .ARM.Collect$$libinit$$00000013  c_w.l(libinit2.o)
    0x00000282   0x00000000   Code   RO         1932    .ARM.Collect$$libinit$$00000015  c_w.l(libinit2.o)
    0x00000282   0x00000000   Code   RO         1934    .ARM.Collect$$libinit$$00000017  c_w.l(libinit2.o)
    0x00000282   0x00000000   Code   RO         1936    .ARM.Collect$$libinit$$00000019  c_w.l(libinit2.o)
    0x00000282   0x00000000   Code   RO         1938    .ARM.Collect$$libinit$$0000001B  c_w.l(libinit2.o)
    0x00000282   0x00000000   Code   RO         1940    .ARM.Collect$$libinit$$0000001D  c_w.l(libinit2.o)
    0x00000282   0x00000000   Code   RO         1942    .ARM.Collect$$libinit$$0000001F  c_w.l(libinit2.o)
    0x00000282   0x00000000   Code   RO         1944    .ARM.Collect$$libinit$$00000021  c_w.l(libinit2.o)
    0x00000282   0x00000000   Code   RO         1946    .ARM.Collect$$libinit$$00000023  c_w.l(libinit2.o)
    0x00000282   0x00000000   Code   RO         1948    .ARM.Collect$$libinit$$00000025  c_w.l(libinit2.o)
    0x00000282   0x00000000   Code   RO         1952    .ARM.Collect$$libinit$$0000002C  c_w.l(libinit2.o)
    0x00000282   0x00000000   Code   RO         1954    .ARM.Collect$$libinit$$0000002E  c_w.l(libinit2.o)
    0x00000282   0x00000000   Code   RO         1956    .ARM.Collect$$libinit$$00000030  c_w.l(libinit2.o)
    0x00000282   0x00000000   Code   RO         1958    .ARM.Collect$$libinit$$00000032  c_w.l(libinit2.o)
    0x00000282   0x00000002   Code   RO         1959    .ARM.Collect$$libinit$$00000033  c_w.l(libinit2.o)
    0x00000284   0x00000002   Code   RO         2083    .ARM.Collect$$libshutdown$$00000000  c_w.l(libshutdown.o)
    0x00000286   0x00000000   Code   RO         2039    .ARM.Collect$$libshutdown$$00000002  c_w.l(libshutdown2.o)
    0x00000286   0x00000000   Code   RO         2041    .ARM.Collect$$libshutdown$$00000004  c_w.l(libshutdown2.o)
    0x00000286   0x00000000   Code   RO         2044    .ARM.Collect$$libshutdown$$00000007  c_w.l(libshutdown2.o)
    0x00000286   0x00000000   Code   RO         2047    .ARM.Collect$$libshutdown$$0000000A  c_w.l(libshutdown2.o)
    0x00000286   0x00000000   Code   RO         2049    .ARM.Collect$$libshutdown$$0000000C  c_w.l(libshutdown2.o)
    0x00000286   0x00000000   Code   RO         2052    .ARM.Collect$$libshutdown$$0000000F  c_w.l(libshutdown2.o)
    0x00000286   0x00000002   Code   RO         2053    .ARM.Collect$$libshutdown$$00000010  c_w.l(libshutdown2.o)
    0x00000288   0x00000000   Code   RO         1874    .ARM.Collect$$rtentry$$00000000  c_w.l(__rtentry.o)
    0x00000288   0x00000000   Code   RO         1966    .ARM.Collect$$rtentry$$00000002  c_w.l(__rtentry2.o)
    0x00000288   0x00000006   Code   RO         1978    .ARM.Collect$$rtentry$$00000004  c_w.l(__rtentry4.o)
    0x0000028e   0x00000000   Code   RO         1968    .ARM.Collect$$rtentry$$00000009  c_w.l(__rtentry2.o)
    0x0000028e   0x00000004   Code   RO         1969    .ARM.Collect$$rtentry$$0000000A  c_w.l(__rtentry2.o)
    0x00000292   0x00000000   Code   RO         1971    .ARM.Collect$$rtentry$$0000000C  c_w.l(__rtentry2.o)
    0x00000292   0x00000008   Code   RO         1972    .ARM.Collect$$rtentry$$0000000D  c_w.l(__rtentry2.o)
    0x0000029a   0x00000002   Code   RO         2028    .ARM.Collect$$rtexit$$00000000  c_w.l(rtexit.o)
    0x0000029c   0x00000000   Code   RO         2057    .ARM.Collect$$rtexit$$00000002  c_w.l(rtexit2.o)
    0x0000029c   0x00000004   Code   RO         2058    .ARM.Collect$$rtexit$$00000003  c_w.l(rtexit2.o)
    0x000002a0   0x00000006   Code   RO         2059    .ARM.Collect$$rtexit$$00000004  c_w.l(rtexit2.o)
    0x000002a6   0x00000002   PAD
    0x000002a8   0x00000026   Code   RO         1766    .emb_text           driverlib.lib(cpu.o)
    0x000002ce   0x00000002   PAD
    0x000002d0   0x00000000   Code   RO         1982    .emb_text           c_w.l(maybetermalloc1.o)
    0x000002d0   0x0000012c   Code   RO          220    .text               startup_tm4c129.o
    0x000003fc   0x0000005e   Code   RO         1780    .text               c_w.l(h1_alloc.o)
    0x0000045a   0x00000064   Code   RO         1866    .text               c_w.l(rt_memcpy_w.o)
    0x000004be   0x00000006   Code   RO         1868    .text               c_w.l(heapauxi.o)
    0x000004c4   0x00000008   Code   RO         1878    .text               c_w.l(rt_heap_descriptor_intlibspace.o)
    0x000004cc   0x00000004   Code   RO         1880    .text               c_w.l(hguard.o)
    0x000004d0   0x0000008a   Code   RO         1882    .text               c_w.l(init_alloc.o)
    0x0000055a   0x0000000e   Code   RO         1888    .text               c_w.l(h1_init.o)
    0x00000568   0x0000004e   Code   RO         1890    .text               c_w.l(h1_free.o)
    0x000005b6   0x00000002   PAD
    0x000005b8   0x00000008   Code   RO         1962    .text               c_w.l(libspace.o)
    0x000005c0   0x00000034   Code   RO         1984    .text               c_w.l(h1_extend.o)
    0x000005f4   0x0000000e   Code   RO         1990    .text               c_w.l(defsig_rtmem_outer.o)
    0x00000602   0x00000002   Code   RO         2001    .text               c_w.l(use_no_semi.o)
    0x00000604   0x00000000   Code   RO         2003    .text               c_w.l(indicate_semi.o)
    0x00000604   0x0000004a   Code   RO         2004    .text               c_w.l(sys_stackheap_outer.o)
    0x0000064e   0x00000012   Code   RO         2010    .text               c_w.l(exit.o)
    0x00000660   0x0000000a   Code   RO         2012    .text               c_w.l(defsig_exit.o)
    0x0000066a   0x00000002   PAD
    0x0000066c   0x00000050   Code   RO         2014    .text               c_w.l(defsig_rtmem_inner.o)
    0x000006bc   0x0000000c   Code   RO         2026    .text               c_w.l(sys_exit.o)
    0x000006c8   0x00000032   Code   RO         2036    .text               c_w.l(defsig_general.o)
    0x000006fa   0x0000000e   Code   RO         2054    .text               c_w.l(sys_wrch.o)
    0x00000708   0x00000028   Code   RO          281    i.GPIODirModeSet    driverlib.lib(gpio.o)
    0x00000730   0x00000138   Code   RO          293    i.GPIOPadConfigSet  driverlib.lib(gpio.o)
    0x00000868   0x00000044   Code   RO          294    i.GPIOPinConfigure  driverlib.lib(gpio.o)
    0x000008ac   0x00000006   Code   RO          295    i.GPIOPinRead       driverlib.lib(gpio.o)
    0x000008b2   0x0000001c   Code   RO          304    i.GPIOPinTypeGPIOInput  driverlib.lib(gpio.o)
    0x000008ce   0x0000001c   Code   RO          305    i.GPIOPinTypeGPIOOutput  driverlib.lib(gpio.o)
    0x000008ea   0x0000001c   Code   RO          308    i.GPIOPinTypeI2C    driverlib.lib(gpio.o)
    0x00000906   0x0000001c   Code   RO          309    i.GPIOPinTypeI2CSCL  driverlib.lib(gpio.o)
    0x00000922   0x0000001c   Code   RO          317    i.GPIOPinTypeUART   driverlib.lib(gpio.o)
    0x0000093e   0x00000006   Code   RO          323    i.GPIOPinWrite      driverlib.lib(gpio.o)
    0x00000944   0x00000074   Code   RO          156    i.I2C0_WriteByte    initialize.o
    0x000009b8   0x0000000c   Code   RO          618    i.I2CMasterBusy     driverlib.lib(i2c.o)
    0x000009c4   0x00000004   Code   RO          619    i.I2CMasterControl  driverlib.lib(i2c.o)
    0x000009c8   0x00000004   Code   RO          621    i.I2CMasterDataPut  driverlib.lib(i2c.o)
    0x000009cc   0x0000000a   Code   RO          623    i.I2CMasterEnable   driverlib.lib(i2c.o)
    0x000009d6   0x00000018   Code   RO          624    i.I2CMasterErr      driverlib.lib(i2c.o)
    0x000009ee   0x00000002   PAD
    0x000009f0   0x00000054   Code   RO          626    i.I2CMasterInitExpClk  driverlib.lib(i2c.o)
    0x00000a44   0x00000008   Code   RO          636    i.I2CMasterSlaveAddrSet  driverlib.lib(i2c.o)
    0x00000a4c   0x000000a4   Code   RO          157    i.IO_initialize     initialize.o
    0x00000af0   0x00000064   Code   RO          945    i.IntEnable         driverlib.lib(interrupt.o)
    0x00000b54   0x0000000e   Code   RO          948    i.IntMasterEnable   driverlib.lib(interrupt.o)
    0x00000b62   0x00000002   PAD
    0x00000b64   0x0000001c   Code   RO          951    i.IntPriorityGet    driverlib.lib(interrupt.o)
    0x00000b80   0x00000024   Code   RO          952    i.IntPriorityGroupingGet  driverlib.lib(interrupt.o)
    0x00000ba4   0x0000001c   Code   RO          953    i.IntPriorityGroupingSet  driverlib.lib(interrupt.o)
    0x00000bc0   0x00000004   Code   RO          954    i.IntPriorityMaskGet  driverlib.lib(interrupt.o)
    0x00000bc4   0x00000028   Code   RO          956    i.IntPrioritySet    driverlib.lib(interrupt.o)
    0x00000bec   0x00000080   Code   RO          158    i.S800_GPIO_Init    initialize.o
    0x00000c6c   0x00000098   Code   RO          159    i.S800_I2C0_Init    initialize.o
    0x00000d04   0x00000078   Code   RO          160    i.S800_UART_Init    initialize.o
    0x00000d7c   0x000002ec   Code   RO         1062    i.SysCtlClockFreqSet  driverlib.lib(sysctl.o)
    0x00001068   0x00000028   Code   RO         1094    i.SysCtlPeripheralEnable  driverlib.lib(sysctl.o)
    0x00001090   0x0000002c   Code   RO         1098    i.SysCtlPeripheralReady  driverlib.lib(sysctl.o)
    0x000010bc   0x0000000e   Code   RO         1409    i.SysTickEnable     driverlib.lib(systick.o)
    0x000010ca   0x0000000e   Code   RO         1411    i.SysTickIntEnable  driverlib.lib(systick.o)
    0x000010d8   0x0000000a   Code   RO         1415    i.SysTickPeriodSet  driverlib.lib(systick.o)
    0x000010e2   0x00000002   PAD
    0x000010e4   0x00000084   Code   RO            1    i.SysTick_Handler   main.o
    0x00001168   0x00000020   Code   RO          228    i.SystemInit        system_tm4c129.o
    0x00001188   0x0000007c   Code   RO            2    i.UART0_Handler     main.o
    0x00001204   0x00000010   Code   RO         1478    i.UARTCharGetNonBlocking  driverlib.lib(uart.o)
    0x00001214   0x0000000c   Code   RO         1479    i.UARTCharPut       driverlib.lib(uart.o)
    0x00001220   0x0000000a   Code   RO         1481    i.UARTCharsAvail    driverlib.lib(uart.o)
    0x0000122a   0x0000006e   Code   RO         1485    i.UARTConfigSetExpClk  driverlib.lib(uart.o)
    0x00001298   0x00000006   Code   RO         1495    i.UARTFIFOLevelSet  driverlib.lib(uart.o)
    0x0000129e   0x00000004   Code   RO         1498    i.UARTIntClear      driverlib.lib(uart.o)
    0x000012a2   0x00000008   Code   RO         1500    i.UARTIntEnable     driverlib.lib(uart.o)
    0x000012aa   0x0000000a   Code   RO         1502    i.UARTIntStatus     driverlib.lib(uart.o)
    0x000012b4   0x0000001c   Code   RO          161    i.UARTStringPut     initialize.o
    0x000012d0   0x00000002   Code   RO            3    i.UART_response     main.o
    0x000012d2   0x00000012   Code   RO            4    i.alarm_init        main.o
    0x000012e4   0x000000c0   Code   RO            7    i.clock_init        main.o
    0x000013a4   0x000000ec   Code   RO           10    i.clock_update      main.o
    0x00001490   0x0000004c   Code   RO           11    i.main              main.o
    0x000014dc   0x00000028   Code   RO           12    i.test              main.o
    0x00001504   0x00000002   Code   RO           13    i.timer_init        main.o
    0x00001506   0x0000000a   Code   RO         1999    x$fpl$fpinit        fz_wm.l(fpinit.o)
    0x00001510   0x00000070   Data   RO           14    .constdata          main.o
    0x00001580   0x00000228   Data   RO          325    .constdata          driverlib.lib(gpio.o)
    0x000017a8   0x0000010c   Data   RO          961    .constdata          driverlib.lib(interrupt.o)
    0x000018b4   0x00000254   Data   RO         1116    .constdata          driverlib.lib(sysctl.o)
    0x00001b08   0x00000020   Data   RO         2084    Region$$Table       anon$$obj.o


    Execution Region RW_IRAM1 (Base: 0x20000000, Size: 0x00000298, Max: 0x00040000, ABSOLUTE)

    Base Addr    Size         Type   Attr      Idx    E Section Name        Object

    0x20000000   0x0000000c   Data   RW           15    .data               main.o
    0x2000000c   0x00000026   Data   RW          163    .data               initialize.o
    0x20000032   0x00000002   PAD
    0x20000034   0x00000004   Data   RW          229    .data               system_tm4c129.o
    0x20000038   0x00000060   Zero   RW         1963    .bss                c_w.l(libspace.o)
    0x20000098   0x00000000   Zero   RW          218    HEAP                startup_tm4c129.o
    0x20000098   0x00000200   Zero   RW          217    STACK               startup_tm4c129.o


==============================================================================

Image component sizes


      Code (inc. data)   RO Data    RW Data    ZI Data      Debug   Object Name

       708        128          0         38          0       4119   initialize.o
       822         46        112         12          0      10735   main.o
       300         22        512          0        512       6040   startup_tm4c129.o
        32         12          0          4          0        743   system_tm4c129.o

    ----------------------------------------------------------------------
      1862        208        656         56        512      21637   Object Totals
         0          0         32          0          0          0   (incl. Generated)
         0          0          0          2          0          0   (incl. Padding)

    ----------------------------------------------------------------------

      Code (inc. data)   RO Data    RW Data    ZI Data      Debug   Library Member Name

         8          0          0          0          0         68   __main.o
         0          0          0          0          0          0   __rtentry.o
        12          0          0          0          0          0   __rtentry2.o
         6          0          0          0          0          0   __rtentry4.o
        52          8          0          0          0          0   __scatter.o
        26          0          0          0          0          0   __scatter_copy.o
        28          0          0          0          0          0   __scatter_zi.o
        10          0          0          0          0         68   defsig_exit.o
        50          0          0          0          0         88   defsig_general.o
        80         58          0          0          0         76   defsig_rtmem_inner.o
        14          0          0          0          0         80   defsig_rtmem_outer.o
        18          0          0          0          0         80   exit.o
        94          0          0          0          0         80   h1_alloc.o
        52          0          0          0          0         68   h1_extend.o
        78          0          0          0          0         80   h1_free.o
        14          0          0          0          0         84   h1_init.o
         6          0          0          0          0        152   heapauxi.o
         4          0          0          0          0        136   hguard.o
         0          0          0          0          0          0   indicate_semi.o
       138          0          0          0          0        168   init_alloc.o
         2          0          0          0          0          0   libinit.o
        14          0          0          0          0          0   libinit2.o
         2          0          0          0          0          0   libshutdown.o
         2          0          0          0          0          0   libshutdown2.o
         8          4          0          0         96         68   libspace.o
         0          0          0          0          0          0   maybetermalloc1.o
         8          4          0          0          0         68   rt_heap_descriptor_intlibspace.o
       100          0          0          0          0         80   rt_memcpy_w.o
         2          0          0          0          0          0   rtexit.o
        10          0          0          0          0          0   rtexit2.o
        12          4          0          0          0         68   sys_exit.o
        74          0          0          0          0         80   sys_stackheap_outer.o
        14          0          0          0          0         76   sys_wrch.o
         2          0          0          0          0         68   use_no_semi.o
        38          0          0          0          0        560   cpu.o
       572          8        552          0          0      10394   gpio.o
       146         12          0          0          0       4688   i2c.o
       250         34        268          0          0       4695   interrupt.o
       832         50        596          0          0       5390   sysctl.o
        38          0          0          0          0       1394   systick.o
       176          0          0          0          0       5393   uart.o
        10          0          0          0          0        116   fpinit.o

    ----------------------------------------------------------------------
      3018        182       1416          0         96      34366   Library Totals
        16          0          0          0          0          0   (incl. Padding)

    ----------------------------------------------------------------------

      Code (inc. data)   RO Data    RW Data    ZI Data      Debug   Library Name

       940         78          0          0         96       1736   c_w.l
      2052        104       1416          0          0      32514   driverlib.lib
        10          0          0          0          0        116   fz_wm.l

    ----------------------------------------------------------------------
      3018        182       1416          0         96      34366   Library Totals

    ----------------------------------------------------------------------

==============================================================================


      Code (inc. data)   RO Data    RW Data    ZI Data      Debug   

      4880        390       2072         56        608      50419   Grand Totals
      4880        390       2072         56        608      50419   ELF Image Totals
      4880        390       2072         56          0          0   ROM Totals

==============================================================================

    Total RO  Size (Code + RO Data)                 6952 (   6.79kB)
    Total RW  Size (RW Data + ZI Data)               664 (   0.65kB)
    Total ROM Size (Code + RO Data + RW Data)       7008 (   6.84kB)

==============================================================================

